Archive member included to satisfy reference by file (symbol)

C:/ST/STM32CubeCLT_1.21.0/GNU-tools-for-STM32/bin/../lib/gcc/arm-none-eabi/14.3.1/../../../../arm-none-eabi/lib/thumb/v7e-m+fp/hard\libm.a(libm_a-wf_sqrt.o)
                              CMakeFiles/M4_STEP.dir/Core/Src/fastrun.c.obj (sqrtf)
C:/ST/STM32CubeCLT_1.21.0/GNU-tools-for-STM32/bin/../lib/gcc/arm-none-eabi/14.3.1/../../../../arm-none-eabi/lib/thumb/v7e-m+fp/hard\libm.a(libm_a-ef_sqrt.o)
                              C:/ST/STM32CubeCLT_1.21.0/GNU-tools-for-STM32/bin/../lib/gcc/arm-none-eabi/14.3.1/../../../../arm-none-eabi/lib/thumb/v7e-m+fp/hard\libm.a(libm_a-wf_sqrt.o) (__ieee754_sqrtf)
C:/ST/STM32CubeCLT_1.21.0/GNU-tools-for-STM32/bin/../lib/gcc/arm-none-eabi/14.3.1/thumb/v7e-m+fp/hard\libgcc.a(_arm_addsubdf3.o)
                              CMakeFiles/M4_STEP.dir/Core/Src/search.c.obj (__aeabi_f2d)
C:/ST/STM32CubeCLT_1.21.0/GNU-tools-for-STM32/bin/../lib/gcc/arm-none-eabi/14.3.1/thumb/v7e-m+fp/hard\libgcc.a(_aeabi_uldivmod.o)
                              cmake/stm32cubemx/CMakeFiles/STM32_Drivers.dir/__/__/Drivers/STM32G4xx_HAL_Driver/Src/stm32g4xx_hal_uart.c.obj (__aeabi_uldivmod)
C:/ST/STM32CubeCLT_1.21.0/GNU-tools-for-STM32/bin/../lib/gcc/arm-none-eabi/14.3.1/thumb/v7e-m+fp/hard\libgcc.a(_udivmoddi4.o)
                              C:/ST/STM32CubeCLT_1.21.0/GNU-tools-for-STM32/bin/../lib/gcc/arm-none-eabi/14.3.1/thumb/v7e-m+fp/hard\libgcc.a(_aeabi_uldivmod.o) (__udivmoddi4)
C:/ST/STM32CubeCLT_1.21.0/GNU-tools-for-STM32/bin/../lib/gcc/arm-none-eabi/14.3.1/thumb/v7e-m+fp/hard\libgcc.a(_dvmd_tls.o)
                              C:/ST/STM32CubeCLT_1.21.0/GNU-tools-for-STM32/bin/../lib/gcc/arm-none-eabi/14.3.1/thumb/v7e-m+fp/hard\libgcc.a(_aeabi_uldivmod.o) (__aeabi_ldiv0)
C:/ST/STM32CubeCLT_1.21.0/GNU-tools-for-STM32/bin/../lib/gcc/arm-none-eabi/14.3.1/../../../../arm-none-eabi/lib/thumb/v7e-m+fp/hard\libg_nano.a(libc_a-exit.o)
                              C:/ST/STM32CubeCLT_1.21.0/GNU-tools-for-STM32/bin/../lib/gcc/arm-none-eabi/14.3.1/../../../../arm-none-eabi/lib/thumb/v7e-m+fp/hard/crt0.o (exit)
C:/ST/STM32CubeCLT_1.21.0/GNU-tools-for-STM32/bin/../lib/gcc/arm-none-eabi/14.3.1/../../../../arm-none-eabi/lib/thumb/v7e-m+fp/hard\libg_nano.a(libc_a-findfp.o)
                              C:/ST/STM32CubeCLT_1.21.0/GNU-tools-for-STM32/bin/../lib/gcc/arm-none-eabi/14.3.1/../../../../arm-none-eabi/lib/thumb/v7e-m+fp/hard\libg_nano.a(libc_a-exit.o) (__stdio_exit_handler)
C:/ST/STM32CubeCLT_1.21.0/GNU-tools-for-STM32/bin/../lib/gcc/arm-none-eabi/14.3.1/../../../../arm-none-eabi/lib/thumb/v7e-m+fp/hard\libg_nano.a(libc_a-fwalk.o)
                              C:/ST/STM32CubeCLT_1.21.0/GNU-tools-for-STM32/bin/../lib/gcc/arm-none-eabi/14.3.1/../../../../arm-none-eabi/lib/thumb/v7e-m+fp/hard\libg_nano.a(libc_a-findfp.o) (_fwalk_sglue)
C:/ST/STM32CubeCLT_1.21.0/GNU-tools-for-STM32/bin/../lib/gcc/arm-none-eabi/14.3.1/../../../../arm-none-eabi/lib/thumb/v7e-m+fp/hard\libg_nano.a(libc_a-stdio.o)
                              C:/ST/STM32CubeCLT_1.21.0/GNU-tools-for-STM32/bin/../lib/gcc/arm-none-eabi/14.3.1/../../../../arm-none-eabi/lib/thumb/v7e-m+fp/hard\libg_nano.a(libc_a-findfp.o) (__sread)
C:/ST/STM32CubeCLT_1.21.0/GNU-tools-for-STM32/bin/../lib/gcc/arm-none-eabi/14.3.1/../../../../arm-none-eabi/lib/thumb/v7e-m+fp/hard\libg_nano.a(libc_a-vsnprintf.o)
                              CMakeFiles/M4_STEP.dir/Core/Src/oled.c.obj (vsnprintf)
C:/ST/STM32CubeCLT_1.21.0/GNU-tools-for-STM32/bin/../lib/gcc/arm-none-eabi/14.3.1/../../../../arm-none-eabi/lib/thumb/v7e-m+fp/hard\libg_nano.a(libc_a-memset.o)
                              C:/ST/STM32CubeCLT_1.21.0/GNU-tools-for-STM32/bin/../lib/gcc/arm-none-eabi/14.3.1/../../../../arm-none-eabi/lib/thumb/v7e-m+fp/hard/crt0.o (memset)
C:/ST/STM32CubeCLT_1.21.0/GNU-tools-for-STM32/bin/../lib/gcc/arm-none-eabi/14.3.1/../../../../arm-none-eabi/lib/thumb/v7e-m+fp/hard\libg_nano.a(libc_a-closer.o)
                              C:/ST/STM32CubeCLT_1.21.0/GNU-tools-for-STM32/bin/../lib/gcc/arm-none-eabi/14.3.1/../../../../arm-none-eabi/lib/thumb/v7e-m+fp/hard\libg_nano.a(libc_a-stdio.o) (_close_r)
C:/ST/STM32CubeCLT_1.21.0/GNU-tools-for-STM32/bin/../lib/gcc/arm-none-eabi/14.3.1/../../../../arm-none-eabi/lib/thumb/v7e-m+fp/hard\libg_nano.a(libc_a-reent.o)
                              C:/ST/STM32CubeCLT_1.21.0/GNU-tools-for-STM32/bin/../lib/gcc/arm-none-eabi/14.3.1/../../../../arm-none-eabi/lib/thumb/v7e-m+fp/hard\libg_nano.a(libc_a-closer.o) (errno)
C:/ST/STM32CubeCLT_1.21.0/GNU-tools-for-STM32/bin/../lib/gcc/arm-none-eabi/14.3.1/../../../../arm-none-eabi/lib/thumb/v7e-m+fp/hard\libg_nano.a(libc_a-impure.o)
                              C:/ST/STM32CubeCLT_1.21.0/GNU-tools-for-STM32/bin/../lib/gcc/arm-none-eabi/14.3.1/../../../../arm-none-eabi/lib/thumb/v7e-m+fp/hard\libg_nano.a(libc_a-vsnprintf.o) (_impure_ptr)
[...]
Memory Configuration

Name             Origin             Length             Attributes
RAM              0x20000000         0x00020000         xrw
FLASH            0x08000000         0x00080000         xr
*default*        0x00000000         0xffffffff

Linker script and memory map

LOAD C:/ST/STM32CubeCLT_1.21.0/GNU-tools-for-STM32/bin/../lib/gcc/arm-none-eabi/14.3.1/thumb/v7e-m+fp/hard/crti.o
LOAD C:/ST/STM32CubeCLT_1.21.0/GNU-tools-for-STM32/bin/../lib/gcc/arm-none-eabi/14.3.1/thumb/v7e-m+fp/hard/crtbegin.o
LOAD C:/ST/STM32CubeCLT_1.21.0/GNU-tools-for-STM32/bin/../lib/gcc/arm-none-eabi/14.3.1/../../../../arm-none-eabi/lib/thumb/v7e-m+fp/hard/crt0.o
LOAD cmake/stm32cubemx/CMakeFiles/STM32_Drivers.dir/__/__/Core/Src/system_stm32g4xx.c.obj
LOAD cmake/stm32cubemx/CMakeFiles/STM32_Drivers.dir/__/__/Drivers/STM32G4xx_HAL_Driver/Src/stm32g4xx_hal_adc.c.obj
LOAD cmake/stm32cubemx/CMakeFiles/STM32_Drivers.dir/__/__/Drivers/STM32G4xx_HAL_Driver/Src/stm32g4xx_hal_adc_ex.c.obj
LOAD cmake/stm32cubemx/CMakeFiles/STM32_Drivers.dir/__/__/Drivers/STM32G4xx_HAL_Driver/Src/stm32g4xx_ll_adc.c.obj
LOAD cmake/stm32cubemx/CMakeFiles/STM32_Drivers.dir/__/__/Drivers/STM32G4xx_HAL_Driver/Src/stm32g4xx_hal.c.obj
LOAD cmake/stm32cubemx/CMakeFiles/STM32_Drivers.dir/__/__/Drivers/STM32G4xx_HAL_Driver/Src/stm32g4xx_hal_rcc.c.obj
LOAD cmake/stm32cubemx/CMakeFiles/STM32_Drivers.dir/__/__/Drivers/STM32G4xx_HAL_Driver/Src/stm32g4xx_hal_rcc_ex.c.obj
LOAD cmake/stm32cubemx/CMakeFiles/STM32_Drivers.dir/__/__/Drivers/STM32G4xx_HAL_Driver/Src/stm32g4xx_hal_flash.c.obj
LOAD cmake/stm32cubemx/CMakeFiles/STM32_Drivers.dir/__/__/Drivers/STM32G4xx_HAL_Driver/Src/stm32g4xx_hal_flash_ex.c.obj
LOAD cmake/stm32cubemx/CMakeFiles/STM32_Drivers.dir/__/__/Drivers/STM32G4xx_HAL_Driver/Src/stm32g4xx_hal_flash_ramfunc.c.obj
LOAD cmake/stm32cubemx/CMakeFiles/STM32_Drivers.dir/__/__/Drivers/STM32G4xx_HAL_Driver/Src/stm32g4xx_hal_gpio.c.obj
LOAD cmake/stm32cubemx/CMakeFiles/STM32_Drivers.dir/__/__/Drivers/STM32G4xx_HAL_Driver/Src/stm32g4xx_hal_exti.c.obj
LOAD cmake/stm32cubemx/CMakeFiles/STM32_Drivers.dir/__/__/Drivers/STM32G4xx_HAL_Driver/Src/stm32g4xx_hal_dma.c.obj
LOAD cmake/stm32cubemx/CMakeFiles/STM32_Drivers.dir/__/__/Drivers/STM32G4xx_HAL_Driver/Src/stm32g4xx_hal_dma_ex.c.obj
LOAD cmake/stm32cubemx/CMakeFiles/STM32_Drivers.dir/__/__/Drivers/STM32G4xx_HAL_Driver/Src/stm32g4xx_hal_pwr.c.obj
LOAD cmake/stm32cubemx/CMakeFiles/STM32_Drivers.dir/__/__/Drivers/STM32G4xx_HAL_Driver/Src/stm32g4xx_hal_pwr_ex.c.obj
LOAD cmake/stm32cubemx/CMakeFiles/STM32_Drivers.dir/__/__/Drivers/STM32G4xx_HAL_Driver/Src/stm32g4xx_hal_cortex.c.obj
LOAD cmake/stm32cubemx/CMakeFiles/STM32_Drivers.dir/__/__/Drivers/STM32G4xx_HAL_Driver/Src/stm32g4xx_hal_i2c.c.obj
LOAD cmake/stm32cubemx/CMakeFiles/STM32_Drivers.dir/__/__/Drivers/STM32G4xx_HAL_Driver/Src/stm32g4xx_hal_i2c_ex.c.obj
LOAD cmake/stm32cubemx/CMakeFiles/STM32_Drivers.dir/__/__/Drivers/STM32G4xx_HAL_Driver/Src/stm32g4xx_hal_spi.c.obj
LOAD cmake/stm32cubemx/CMakeFiles/STM32_Drivers.dir/__/__/Drivers/STM32G4xx_HAL_Driver/Src/stm32g4xx_hal_spi_ex.c.obj
LOAD cmake/stm32cubemx/CMakeFiles/STM32_Drivers.dir/__/__/Drivers/STM32G4xx_HAL_Driver/Src/stm32g4xx_hal_tim.c.obj
LOAD cmake/stm32cubemx/CMakeFiles/STM32_Drivers.dir/__/__/Drivers/STM32G4xx_HAL_Driver/Src/stm32g4xx_hal_tim_ex.c.obj
LOAD cmake/stm32cubemx/CMakeFiles/STM32_Drivers.dir/__/__/Drivers/STM32G4xx_HAL_Driver/Src/stm32g4xx_hal_uart.c.obj
LOAD cmake/stm32cubemx/CMakeFiles/STM32_Drivers.dir/__/__/Drivers/STM32G4xx_HAL_Driver/Src/stm32g4xx_hal_uart_ex.c.obj
LOAD CMakeFiles/M4_STEP.dir/Core/Src/main.c.obj
LOAD CMakeFiles/M4_STEP.dir/Core/Src/gpio.c.obj
LOAD CMakeFiles/M4_STEP.dir/Core/Src/adc.c.obj
LOAD CMakeFiles/M4_STEP.dir/Core/Src/dma.c.obj
LOAD CMakeFiles/M4_STEP.dir/Core/Src/i2c.c.obj
LOAD CMakeFiles/M4_STEP.dir/Core/Src/spi.c.obj
LOAD CMakeFiles/M4_STEP.dir/Core/Src/tim.c.obj
LOAD CMakeFiles/M4_STEP.dir/Core/Src/usart.c.obj
LOAD CMakeFiles/M4_STEP.dir/Core/Src/stm32g4xx_it.c.obj
LOAD CMakeFiles/M4_STEP.dir/Core/Src/stm32g4xx_hal_msp.c.obj
LOAD CMakeFiles/M4_STEP.dir/Core/Src/sysmem.c.obj
LOAD CMakeFiles/M4_STEP.dir/Core/Src/syscalls.c.obj
LOAD CMakeFiles/M4_STEP.dir/startup_stm32g474xx.s.obj
LOAD CMakeFiles/M4_STEP.dir/Core/Src/dfr0647.c.obj
LOAD CMakeFiles/M4_STEP.dir/Core/Src/fastrun.c.obj
LOAD CMakeFiles/M4_STEP.dir/Core/Src/font5x7.c.obj
LOAD CMakeFiles/M4_STEP.dir/Core/Src/menu.c.obj
LOAD CMakeFiles/M4_STEP.dir/Core/Src/motor.c.obj
LOAD CMakeFiles/M4_STEP.dir/Core/Src/oled.c.obj
LOAD CMakeFiles/M4_STEP.dir/Core/Src/rom.c.obj
LOAD CMakeFiles/M4_STEP.dir/Core/Src/search.c.obj
LOAD CMakeFiles/M4_STEP.dir/Core/Src/sensor.c.obj
LOAD CMakeFiles/M4_STEP.dir/Core/Src/viper_global.c.obj
LOAD C:/ST/STM32CubeCLT_1.21.0/GNU-tools-for-STM32/bin/../lib/gcc/arm-none-eabi/14.3.1/../../../../arm-none-eabi/lib/thumb/v7e-m+fp/hard\libm.a
START GROUP
LOAD C:/ST/STM32CubeCLT_1.21.0/GNU-tools-for-STM32/bin/../lib/gcc/arm-none-eabi/14.3.1/thumb/v7e-m+fp/hard\libgcc.a
LOAD C:/ST/STM32CubeCLT_1.21.0/GNU-tools-for-STM32/bin/../lib/gcc/arm-none-eabi/14.3.1/../../../../arm-none-eabi/lib/thumb/v7e-m+fp/hard\libg_nano.a
LOAD C:/ST/STM32CubeCLT_1.21.0/GNU-tools-for-STM32/bin/../lib/gcc/arm-none-eabi/14.3.1/../../../../arm-none-eabi/lib/thumb/v7e-m+fp/hard\libc_nano.a
END GROUP
START GROUP
LOAD C:/ST/STM32CubeCLT_1.21.0/GNU-tools-for-STM32/bin/../lib/gcc/arm-none-eabi/14.3.1/thumb/v7e-m+fp/hard\libgcc.a
LOAD C:/ST/STM32CubeCLT_1.21.0/GNU-tools-for-STM32/bin/../lib/gcc/arm-none-eabi/14.3.1/../../../../arm-none-eabi/lib/thumb/v7e-m+fp/hard\libc_nano.a
END GROUP
LOAD C:/ST/STM32CubeCLT_1.21.0/GNU-tools-for-STM32/bin/../lib/gcc/arm-none-eabi/14.3.1/thumb/v7e-m+fp/hard/crtend.o
LOAD C:/ST/STM32CubeCLT_1.21.0/GNU-tools-for-STM32/bin/../lib/gcc/arm-none-eabi/14.3.1/thumb/v7e-m+fp/hard/crtn.o
                0x20020000                        _estack = (ORIGIN (RAM) + LENGTH (RAM))
                0x2001fc00                        _sstack = (_estack - _Min_Stack_Size)
                0x00000200                        _Min_Heap_Size = 0x200
                0x00000400                        _Min_Stack_Size = 0x400

.isr_vector     0x08000000      0x1d8
                0x08000000                        . = ALIGN (0x4)
 *(.isr_vector)
 .isr_vector    0x08000000      0x1d8 CMakeFiles/M4_STEP.dir/startup_stm32g474xx.s.obj
                0x08000000                g_pfnVectors
                0x080001d8                        . = ALIGN (0x4)

.text           0x080001e0     0xd17c
                0x080001e0                        . = ALIGN (0x4)
 *(.text)
 .text          0x080001e0       0x40 C:/ST/STM32CubeCLT_1.21.0/GNU-tools-for-STM32/bin/../lib/gcc/arm-none-eabi/14.3.1/thumb/v7e-m+fp/hard/crtbegin.o
 .text          0x08000220      0x378 C:/ST/STM32CubeCLT_1.21.0/GNU-tools-for-STM32/bin/../lib/gcc/arm-none-eabi/14.3.1/thumb/v7e-m+fp/hard\libgcc.a(_arm_addsubdf3.o)
                0x08000220                __aeabi_drsub
                0x08000228                __aeabi_dsub
                0x08000228                __subdf3
                0x0800022c                __aeabi_dadd
                0x0800022c                __adddf3
                0x080004a4                __floatunsidf
                0x080004a4                __aeabi_ui2d
                0x080004c4                __floatsidf
                0x080004c4                __aeabi_i2d
                0x080004e8                __aeabi_f2d
                0x080004e8                __extendsfdf2
                0x0800052c                __floatundidf
                0x0800052c                __aeabi_ul2d
                0x0800053c                __floatdidf
                0x0800053c                __aeabi_l2d
 .text          0x08000598       0x30 C:/ST/STM32CubeCLT_1.21.0/GNU-tools-for-STM32/bin/../lib/gcc/arm-none-eabi/14.3.1/thumb/v7e-m+fp/hard\libgcc.a(_aeabi_uldivmod.o)
                0x08000598                __aeabi_uldivmod
 .text          0x080005c8      0x2f8 C:/ST/STM32CubeCLT_1.21.0/GNU-tools-for-STM32/bin/../lib/gcc/arm-none-eabi/14.3.1/thumb/v7e-m+fp/hard\libgcc.a(_udivmoddi4.o)
                0x080005c8                __udivmoddi4
 .text          0x080008c0        0x4 C:/ST/STM32CubeCLT_1.21.0/GNU-tools-for-STM32/bin/../lib/gcc/arm-none-eabi/14.3.1/thumb/v7e-m+fp/hard\libgcc.a(_dvmd_tls.o)
                0x080008c0                __aeabi_idiv0
                0x080008c0                __aeabi_ldiv0
 *fill*         0x080008c4        0xc 
 .text          0x080008d0       0xa0 C:/ST/STM32CubeCLT_1.21.0/GNU-tools-for-STM32/bin/../lib/gcc/arm-none-eabi/14.3.1/../../../../arm-none-eabi/lib/thumb/v7e-m+fp/hard\libg_nano.a(libc_a-memchr.o)
                0x080008d0                memchr
 *(.text*)
 .text.SystemInit
                0x08000970       0x24 cmake/stm32cubemx/CMakeFiles/STM32_Drivers.dir/__/__/Core/Src/system_stm32g4xx.c.obj
                0x08000970                SystemInit
 .text.LL_ADC_SetCommonClock
                0x08000994       0x26 cmake/stm32cubemx/CMakeFiles/STM32_Drivers.dir/__/__/Drivers/STM32G4xx_HAL_Driver/Src/stm32g4xx_hal_adc.c.obj
 .text.LL_ADC_SetCommonPathInternalCh
                0x080009ba       0x26 cmake/stm32cubemx/CMakeFiles/STM32_Drivers.dir/__/__/Drivers/STM32G4xx_HAL_Driver/Src/stm32g4xx_hal_adc.c.obj
 .text.LL_ADC_GetCommonPathInternalCh
                0x080009e0       0x1c cmake/stm32cubemx/CMakeFiles/STM32_Drivers.dir/__/__/Drivers/STM32G4xx_HAL_Driver/Src/stm32g4xx_hal_adc.c.obj
 .text.LL_ADC_SetOffset
                0x080009fc       0x48 cmake/stm32cubemx/CMakeFiles/STM32_Drivers.dir/__/__/Drivers/STM32G4xx_HAL_Driver/Src/stm32g4xx_hal_adc.c.obj
 .text.LL_ADC_GetOffsetChannel
                0x08000a44       0x2c cmake/stm32cubemx/CMakeFiles/STM32_Drivers.dir/__/__/Drivers/STM32G4xx_HAL_Driver/Src/stm32g4xx_hal_adc.c.obj
 .text.LL_ADC_SetOffsetState
                0x08000a70       0x36 cmake/stm32cubemx/CMakeFiles/STM32_Drivers.dir/__/__/Drivers/STM32G4xx_HAL_Driver/Src/stm32g4xx_hal_adc.c.obj
 .text.LL_ADC_SetOffsetSign
                0x08000aa6       0x36 cmake/stm32cubemx/CMakeFiles/STM32_Drivers.dir/__/__/Drivers/STM32G4xx_HAL_Driver/Src/stm32g4xx_hal_adc.c.obj
 .text.LL_ADC_SetOffsetSaturation
                0x08000adc       0x36 cmake/stm32cubemx/CMakeFiles/STM32_Drivers.dir/__/__/Drivers/STM32G4xx_HAL_Driver/Src/stm32g4xx_hal_adc.c.obj
 .text.LL_ADC_SetSamplingTimeCommonConfig
                0x08000b12       0x26 cmake/stm32cubemx/CMakeFiles/STM32_Drivers.dir/__/__/Drivers/STM32G4xx_HAL_Driver/Src/stm32g4xx_hal_adc.c.obj
 .text.LL_ADC_REG_IsTriggerSourceSWStart
                0x08000b38       0x26 cmake/stm32cubemx/CMakeFiles/STM32_Drivers.dir/__/__/Drivers/STM32G4xx_HAL_Driver/Src/stm32g4xx_hal_adc.c.obj
 .text.LL_ADC_REG_SetSequencerRanks
                0x08000b5e       0x58 cmake/stm32cubemx/CMakeFiles/STM32_Drivers.dir/__/__/Drivers/STM32G4xx_HAL_Driver/Src/stm32g4xx_hal_adc.c.obj
 .text.LL_ADC_SetChannelSamplingTime
                0x08000bb6       0x56 cmake/stm32cubemx/CMakeFiles/STM32_Drivers.dir/__/__/Drivers/STM32G4xx_HAL_Driver/Src/stm32g4xx_hal_adc.c.obj
 .text.LL_ADC_SetChannelSingleDiff
                0x08000c0c       0x48 cmake/stm32cubemx/CMakeFiles/STM32_Drivers.dir/__/__/Drivers/STM32G4xx_HAL_Driver/Src/stm32g4xx_hal_adc.c.obj
 .text.LL_ADC_GetMultimode
                0x08000c54       0x1c cmake/stm32cubemx/CMakeFiles/STM32_Drivers.dir/__/__/Drivers/STM32G4xx_HAL_Driver/Src/stm32g4xx_hal_adc.c.obj
 .text.LL_ADC_DisableDeepPowerDown
                0x08000c70       0x24 cmake/stm32cubemx/CMakeFiles/STM32_Drivers.dir/__/__/Drivers/STM32G4xx_HAL_Driver/Src/stm32g4xx_hal_adc.c.obj
 .text.LL_ADC_IsDeepPowerDownEnabled
                0x08000c94       0x28 cmake/stm32cubemx/CMakeFiles/STM32_Drivers.dir/__/__/Drivers/STM32G4xx_HAL_Driver/Src/stm32g4xx_hal_adc.c.obj
 .text.LL_ADC_EnableInternalRegulator
                0x08000cbc       0x28 cmake/stm32cubemx/CMakeFiles/STM32_Drivers.dir/__/__/Drivers/STM32G4xx_HAL_Driver/Src/stm32g4xx_hal_adc.c.obj
 .text.LL_ADC_IsInternalRegulatorEnabled
                0x08000ce4       0x28 cmake/stm32cubemx/CMakeFiles/STM32_Drivers.dir/__/__/Drivers/STM32G4xx_HAL_Driver/Src/stm32g4xx_hal_adc.c.obj
 .text.LL_ADC_Enable
                0x08000d0c       0x28 cmake/stm32cubemx/CMakeFiles/STM32_Drivers.dir/__/__/Drivers/STM32G4xx_HAL_Driver/Src/stm32g4xx_hal_adc.c.obj
 .text.LL_ADC_Disable
                0x08000d34       0x28 cmake/stm32cubemx/CMakeFiles/STM32_Drivers.dir/__/__/Drivers/STM32G4xx_HAL_Driver/Src/stm32g4xx_hal_adc.c.obj
 .text.LL_ADC_IsEnabled
                0x08000d5c       0x26 cmake/stm32cubemx/CMakeFiles/STM32_Drivers.dir/__/__/Drivers/STM32G4xx_HAL_Driver/Src/stm32g4xx_hal_adc.c.obj
 .text.LL_ADC_IsDisableOngoing
                0x08000d82       0x26 cmake/stm32cubemx/CMakeFiles/STM32_Drivers.dir/__/__/Drivers/STM32G4xx_HAL_Driver/Src/stm32g4xx_hal_adc.c.obj
 .text.LL_ADC_REG_StartConversion
                0x08000da8       0x28 cmake/stm32cubemx/CMakeFiles/STM32_Drivers.dir/__/__/Drivers/STM32G4xx_HAL_Driver/Src/stm32g4xx_hal_adc.c.obj
 .text.LL_ADC_REG_StopConversion
                0x08000dd0       0x28 cmake/stm32cubemx/CMakeFiles/STM32_Drivers.dir/__/__/Drivers/STM32G4xx_HAL_Driver/Src/stm32g4xx_hal_adc.c.obj
 .text.LL_ADC_REG_IsConversionOngoing
                0x08000df8       0x26 cmake/stm32cubemx/CMakeFiles/STM32_Drivers.dir/__/__/Drivers/STM32G4xx_HAL_Driver/Src/stm32g4xx_hal_adc.c.obj
 .text.LL_ADC_INJ_StopConversion
                0x08000e1e       0x28 cmake/stm32cubemx/CMakeFiles/STM32_Drivers.dir/__/__/Drivers/STM32G4xx_HAL_Driver/Src/stm32g4xx_hal_adc.c.obj
 .text.LL_ADC_INJ_IsConversionOngoing
                0x08000e46       0x26 cmake/stm32cubemx/CMakeFiles/STM32_Drivers.dir/__/__/Drivers/STM32G4xx_HAL_Driver/Src/stm32g4xx_hal_adc.c.obj
 .text.HAL_ADC_Init
                0x08000e6c      0x378 cmake/stm32cubemx/CMakeFiles/STM32_Drivers.dir/__/__/Drivers/STM32G4xx_HAL_Driver/Src/stm32g4xx_hal_adc.c.obj
                0x08000e6c                HAL_ADC_Init
 .text.HAL_ADC_Start_DMA
                0x080011e4      0x1a8 cmake/stm32cubemx/CMakeFiles/STM32_Drivers.dir/__/__/Drivers/STM32G4xx_HAL_Driver/Src/stm32g4xx_hal_adc.c.obj
                0x080011e4                HAL_ADC_Start_DMA
 .text.HAL_ADC_Stop_DMA
                0x0800138c       0xc2 cmake/stm32cubemx/CMakeFiles/STM32_Drivers.dir/__/__/Drivers/STM32G4xx_HAL_Driver/Src/stm32g4xx_hal_adc.c.obj
                0x0800138c                HAL_ADC_Stop_DMA
 .text.HAL_ADC_ConvHalfCpltCallback
                0x0800144e       0x14 cmake/stm32cubemx/CMakeFiles/STM32_Drivers.dir/__/__/Drivers/STM32G4xx_HAL_Driver/Src/stm32g4xx_hal_adc.c.obj
                0x0800144e                HAL_ADC_ConvHalfCpltCallback
 .text.HAL_ADC_ErrorCallback
                0x08001462       0x14 cmake/stm32cubemx/CMakeFiles/STM32_Drivers.dir/__/__/Drivers/STM32G4xx_HAL_Driver/Src/stm32g4xx_hal_adc.c.obj
                0x08001462                HAL_ADC_ErrorCallback
 *fill*         0x08001476        0x2 
 .text.HAL_ADC_ConfigChannel
                0x08001478      0x880 cmake/stm32cubemx/CMakeFiles/STM32_Drivers.dir/__/__/Drivers/STM32G4xx_HAL_Driver/Src/stm32g4xx_hal_adc.c.obj
                0x08001478                HAL_ADC_ConfigChannel
 .text.ADC_ConversionStop
                0x08001cf8      0x178 cmake/stm32cubemx/CMakeFiles/STM32_Drivers.dir/__/__/Drivers/STM32G4xx_HAL_Driver/Src/stm32g4xx_hal_adc.c.obj
                0x08001cf8                ADC_ConversionStop
 .text.ADC_Enable
                0x08001e70      0x12c cmake/stm32cubemx/CMakeFiles/STM32_Drivers.dir/__/__/Drivers/STM32G4xx_HAL_Driver/Src/stm32g4xx_hal_adc.c.obj
                0x08001e70                ADC_Enable
 .text.ADC_Disable
                0x08001f9c       0xbe cmake/stm32cubemx/CMakeFiles/STM32_Drivers.dir/__/__/Drivers/STM32G4xx_HAL_Driver/Src/stm32g4xx_hal_adc.c.obj
                0x08001f9c                ADC_Disable
 .text.ADC_DMAConvCplt
                0x0800205a       0xd8 cmake/stm32cubemx/CMakeFiles/STM32_Drivers.dir/__/__/Drivers/STM32G4xx_HAL_Driver/Src/stm32g4xx_hal_adc.c.obj
                0x0800205a                ADC_DMAConvCplt
 .text.ADC_DMAHalfConvCplt
                0x08002132       0x1c cmake/stm32cubemx/CMakeFiles/STM32_Drivers.dir/__/__/Drivers/STM32G4xx_HAL_Driver/Src/stm32g4xx_hal_adc.c.obj
                0x08002132                ADC_DMAHalfConvCplt
 .text.ADC_DMAError
                0x0800214e       0x34 cmake/stm32cubemx/CMakeFiles/STM32_Drivers.dir/__/__/Drivers/STM32G4xx_HAL_Driver/Src/stm32g4xx_hal_adc.c.obj
                0x0800214e                ADC_DMAError
 .text.LL_ADC_IsEnabled
                0x08002182       0x26 cmake/stm32cubemx/CMakeFiles/STM32_Drivers.dir/__/__/Drivers/STM32G4xx_HAL_Driver/Src/stm32g4xx_hal_adc_ex.c.obj
 .text.LL_ADC_REG_IsConversionOngoing
                0x080021a8       0x26 cmake/stm32cubemx/CMakeFiles/STM32_Drivers.dir/__/__/Drivers/STM32G4xx_HAL_Driver/Src/stm32g4xx_hal_adc_ex.c.obj
 *fill*         0x080021ce        0x2 
 .text.HAL_ADCEx_MultiModeConfigChannel
                0x080021d0      0x210 cmake/stm32cubemx/CMakeFiles/STM32_Drivers.dir/__/__/Drivers/STM32G4xx_HAL_Driver/Src/stm32g4xx_hal_adc_ex.c.obj
                0x080021d0                HAL_ADCEx_MultiModeConfigChannel
 .text.HAL_Init
                0x080023e0       0x30 cmake/stm32cubemx/CMakeFiles/STM32_Drivers.dir/__/__/Drivers/STM32G4xx_HAL_Driver/Src/stm32g4xx_hal.c.obj
                0x080023e0                HAL_Init
 .text.HAL_InitTick
                0x08002410       0x74 cmake/stm32cubemx/CMakeFiles/STM32_Drivers.dir/__/__/Drivers/STM32G4xx_HAL_Driver/Src/stm32g4xx_hal.c.obj
                0x08002410                HAL_InitTick
 .text.HAL_IncTick
                0x08002484       0x24 cmake/stm32cubemx/CMakeFiles/STM32_Drivers.dir/__/__/Drivers/STM32G4xx_HAL_Driver/Src/stm32g4xx_hal.c.obj
                0x08002484                HAL_IncTick
 .text.HAL_GetTick
                0x080024a8       0x18 cmake/stm32cubemx/CMakeFiles/STM32_Drivers.dir/__/__/Drivers/STM32G4xx_HAL_Driver/Src/stm32g4xx_hal.c.obj
                0x080024a8                HAL_GetTick
 .text.HAL_Delay
                0x080024c0       0x44 cmake/stm32cubemx/CMakeFiles/STM32_Drivers.dir/__/__/Drivers/STM32G4xx_HAL_Driver/Src/stm32g4xx_hal.c.obj
                0x080024c0                HAL_Delay
 .text.HAL_RCC_OscConfig
                0x08002504      0x624 cmake/stm32cubemx/CMakeFiles/STM32_Drivers.dir/__/__/Drivers/STM32G4xx_HAL_Driver/Src/stm32g4xx_hal_rcc.c.obj
                0x08002504                HAL_RCC_OscConfig
 .text.HAL_RCC_ClockConfig
                0x08002b28      0x278 cmake/stm32cubemx/CMakeFiles/STM32_Drivers.dir/__/__/Drivers/STM32G4xx_HAL_Driver/Src/stm32g4xx_hal_rcc.c.obj
                0x08002b28                HAL_RCC_ClockConfig
 .text.HAL_RCC_GetSysClockFreq
                0x08002da0       0xc4 cmake/stm32cubemx/CMakeFiles/STM32_Drivers.dir/__/__/Drivers/STM32G4xx_HAL_Driver/Src/stm32g4xx_hal_rcc.c.obj
                0x08002da0                HAL_RCC_GetSysClockFreq
 .text.HAL_RCC_GetHCLKFreq
                0x08002e64       0x18 cmake/stm32cubemx/CMakeFiles/STM32_Drivers.dir/__/__/Drivers/STM32G4xx_HAL_Driver/Src/stm32g4xx_hal_rcc.c.obj
                0x08002e64                HAL_RCC_GetHCLKFreq
 .text.HAL_RCC_GetPCLK1Freq
                0x08002e7c       0x2c cmake/stm32cubemx/CMakeFiles/STM32_Drivers.dir/__/__/Drivers/STM32G4xx_HAL_Driver/Src/stm32g4xx_hal_rcc.c.obj
                0x08002e7c                HAL_RCC_GetPCLK1Freq
 .text.HAL_RCC_GetPCLK2Freq
                0x08002ea8       0x2c cmake/stm32cubemx/CMakeFiles/STM32_Drivers.dir/__/__/Drivers/STM32G4xx_HAL_Driver/Src/stm32g4xx_hal_rcc.c.obj
                0x08002ea8                HAL_RCC_GetPCLK2Freq
 .text.RCC_GetSysClockFreqFromPLLSource
                0x08002ed4       0x8c cmake/stm32cubemx/CMakeFiles/STM32_Drivers.dir/__/__/Drivers/STM32G4xx_HAL_Driver/Src/stm32g4xx_hal_rcc.c.obj
 .text.HAL_RCCEx_PeriphCLKConfig
                0x08002f60      0x49c cmake/stm32cubemx/CMakeFiles/STM32_Drivers.dir/__/__/Drivers/STM32G4xx_HAL_Driver/Src/stm32g4xx_hal_rcc_ex.c.obj
                0x08002f60                HAL_RCCEx_PeriphCLKConfig
 .text.HAL_GPIO_Init
                0x080033fc      0x318 cmake/stm32cubemx/CMakeFiles/STM32_Drivers.dir/__/__/Drivers/STM32G4xx_HAL_Driver/Src/stm32g4xx_hal_gpio.c.obj
                0x080033fc                HAL_GPIO_Init
 .text.HAL_GPIO_ReadPin
                0x08003714       0x30 cmake/stm32cubemx/CMakeFiles/STM32_Drivers.dir/__/__/Drivers/STM32G4xx_HAL_Driver/Src/stm32g4xx_hal_gpio.c.obj
                0x08003714                HAL_GPIO_ReadPin
 .text.HAL_GPIO_WritePin
                0x08003744       0x30 cmake/stm32cubemx/CMakeFiles/STM32_Drivers.dir/__/__/Drivers/STM32G4xx_HAL_Driver/Src/stm32g4xx_hal_gpio.c.obj
                0x08003744                HAL_GPIO_WritePin
 .text.HAL_DMA_Init
                0x08003774      0x150 cmake/stm32cubemx/CMakeFiles/STM32_Drivers.dir/__/__/Drivers/STM32G4xx_HAL_Driver/Src/stm32g4xx_hal_dma.c.obj
                0x08003774                HAL_DMA_Init
 .text.HAL_DMA_Start_IT
                0x080038c4       0xf6 cmake/stm32cubemx/CMakeFiles/STM32_Drivers.dir/__/__/Drivers/STM32G4xx_HAL_Driver/Src/stm32g4xx_hal_dma.c.obj
                0x080038c4                HAL_DMA_Start_IT
 .text.HAL_DMA_Abort
                0x080039ba       0xbc cmake/stm32cubemx/CMakeFiles/STM32_Drivers.dir/__/__/Drivers/STM32G4xx_HAL_Driver/Src/stm32g4xx_hal_dma.c.obj
                0x080039ba                HAL_DMA_Abort
 .text.HAL_DMA_IRQHandler
                0x08003a76      0x15e cmake/stm32cubemx/CMakeFiles/STM32_Drivers.dir/__/__/Drivers/STM32G4xx_HAL_Driver/Src/stm32g4xx_hal_dma.c.obj
                0x08003a76                HAL_DMA_IRQHandler
 .text.DMA_SetConfig
                0x08003bd4       0x7c cmake/stm32cubemx/CMakeFiles/STM32_Drivers.dir/__/__/Drivers/STM32G4xx_HAL_Driver/Src/stm32g4xx_hal_dma.c.obj
 .text.DMA_CalcDMAMUXChannelBaseAndMask
                0x08003c50       0x90 cmake/stm32cubemx/CMakeFiles/STM32_Drivers.dir/__/__/Drivers/STM32G4xx_HAL_Driver/Src/stm32g4xx_hal_dma.c.obj
 .text.DMA_CalcDMAMUXRequestGenBaseAndMask
                0x08003ce0       0x4c cmake/stm32cubemx/CMakeFiles/STM32_Drivers.dir/__/__/Drivers/STM32G4xx_HAL_Driver/Src/stm32g4xx_hal_dma.c.obj
 .text.HAL_PWREx_ControlVoltageScaling
                0x08003d2c      0x148 cmake/stm32cubemx/CMakeFiles/STM32_Drivers.dir/__/__/Drivers/STM32G4xx_HAL_Driver/Src/stm32g4xx_hal_pwr_ex.c.obj
                0x08003d2c                HAL_PWREx_ControlVoltageScaling
 .text.HAL_PWREx_DisableUCPDDeadBattery
                0x08003e74       0x20 cmake/stm32cubemx/CMakeFiles/STM32_Drivers.dir/__/__/Drivers/STM32G4xx_HAL_Driver/Src/stm32g4xx_hal_pwr_ex.c.obj
                0x08003e74                HAL_PWREx_DisableUCPDDeadBattery
 .text.__NVIC_SetPriorityGrouping
                0x08003e94       0x48 cmake/stm32cubemx/CMakeFiles/STM32_Drivers.dir/__/__/Drivers/STM32G4xx_HAL_Driver/Src/stm32g4xx_hal_cortex.c.obj
 .text.__NVIC_GetPriorityGrouping
                0x08003edc       0x1c cmake/stm32cubemx/CMakeFiles/STM32_Drivers.dir/__/__/Drivers/STM32G4xx_HAL_Driver/Src/stm32g4xx_hal_cortex.c.obj
 .text.__NVIC_EnableIRQ
                0x08003ef8       0x3c cmake/stm32cubemx/CMakeFiles/STM32_Drivers.dir/__/__/Drivers/STM32G4xx_HAL_Driver/Src/stm32g4xx_hal_cortex.c.obj
 .text.__NVIC_SetPriority
                0x08003f34       0x54 cmake/stm32cubemx/CMakeFiles/STM32_Drivers.dir/__/__/Drivers/STM32G4xx_HAL_Driver/Src/stm32g4xx_hal_cortex.c.obj
 .text.NVIC_EncodePriority
                0x08003f88       0x66 cmake/stm32cubemx/CMakeFiles/STM32_Drivers.dir/__/__/Drivers/STM32G4xx_HAL_Driver/Src/stm32g4xx_hal_cortex.c.obj
 *fill*         0x08003fee        0x2 
 .text.SysTick_Config
                0x08003ff0       0x44 cmake/stm32cubemx/CMakeFiles/STM32_Drivers.dir/__/__/Drivers/STM32G4xx_HAL_Driver/Src/stm32g4xx_hal_cortex.c.obj
 .text.HAL_NVIC_SetPriorityGrouping
                0x08004034       0x16 cmake/stm32cubemx/CMakeFiles/STM32_Drivers.dir/__/__/Drivers/STM32G4xx_HAL_Driver/Src/stm32g4xx_hal_cortex.c.obj
                0x08004034                HAL_NVIC_SetPriorityGrouping
 .text.HAL_NVIC_SetPriority
                0x0800404a       0x34 cmake/stm32cubemx/CMakeFiles/STM32_Drivers.dir/__/__/Drivers/STM32G4xx_HAL_Driver/Src/stm32g4xx_hal_cortex.c.obj
                0x0800404a                HAL_NVIC_SetPriority
 .text.HAL_NVIC_EnableIRQ
                0x0800407e       0x1c cmake/stm32cubemx/CMakeFiles/STM32_Drivers.dir/__/__/Drivers/STM32G4xx_HAL_Driver/Src/stm32g4xx_hal_cortex.c.obj
                0x0800407e                HAL_NVIC_EnableIRQ
 .text.HAL_SYSTICK_Config
                0x0800409a       0x18 cmake/stm32cubemx/CMakeFiles/STM32_Drivers.dir/__/__/Drivers/STM32G4xx_HAL_Driver/Src/stm32g4xx_hal_cortex.c.obj
                0x0800409a                HAL_SYSTICK_Config
 .text.HAL_I2C_Init
                0x080040b2      0x136 cmake/stm32cubemx/CMakeFiles/STM32_Drivers.dir/__/__/Drivers/STM32G4xx_HAL_Driver/Src/stm32g4xx_hal_i2c.c.obj
                0x080040b2                HAL_I2C_Init
 .text.HAL_I2C_Mem_Write
                0x080041e8      0x228 cmake/stm32cubemx/CMakeFiles/STM32_Drivers.dir/__/__/Drivers/STM32G4xx_HAL_Driver/Src/stm32g4xx_hal_i2c.c.obj
                0x080041e8                HAL_I2C_Mem_Write
 .text.I2C_RequestMemoryWrite
                0x08004410       0xa8 cmake/stm32cubemx/CMakeFiles/STM32_Drivers.dir/__/__/Drivers/STM32G4xx_HAL_Driver/Src/stm32g4xx_hal_i2c.c.obj
 .text.I2C_Flush_TXDR
                0x080044b8       0x48 cmake/stm32cubemx/CMakeFiles/STM32_Drivers.dir/__/__/Drivers/STM32G4xx_HAL_Driver/Src/stm32g4xx_hal_i2c.c.obj
 .text.I2C_WaitOnFlagUntilTimeout
                0x08004500       0xb2 cmake/stm32cubemx/CMakeFiles/STM32_Drivers.dir/__/__/Drivers/STM32G4xx_HAL_Driver/Src/stm32g4xx_hal_i2c.c.obj
 .text.I2C_WaitOnTXISFlagUntilTimeout
                0x080045b2       0x8e cmake/stm32cubemx/CMakeFiles/STM32_Drivers.dir/__/__/Drivers/STM32G4xx_HAL_Driver/Src/stm32g4xx_hal_i2c.c.obj
 .text.I2C_WaitOnSTOPFlagUntilTimeout
                0x08004640       0x86 cmake/stm32cubemx/CMakeFiles/STM32_Drivers.dir/__/__/Drivers/STM32G4xx_HAL_Driver/Src/stm32g4xx_hal_i2c.c.obj
 *fill*         0x080046c6        0x2 
 .text.I2C_IsErrorOccurred
                0x080046c8      0x1c0 cmake/stm32cubemx/CMakeFiles/STM32_Drivers.dir/__/__/Drivers/STM32G4xx_HAL_Driver/Src/stm32g4xx_hal_i2c.c.obj
 .text.I2C_TransferConfig
                0x08004888       0x64 cmake/stm32cubemx/CMakeFiles/STM32_Drivers.dir/__/__/Drivers/STM32G4xx_HAL_Driver/Src/stm32g4xx_hal_i2c.c.obj
 .text.HAL_I2CEx_ConfigAnalogFilter
                0x080048ec       0x96 cmake/stm32cubemx/CMakeFiles/STM32_Drivers.dir/__/__/Drivers/STM32G4xx_HAL_Driver/Src/stm32g4xx_hal_i2c_ex.c.obj
                0x080048ec                HAL_I2CEx_ConfigAnalogFilter
 .text.HAL_I2CEx_ConfigDigitalFilter
                0x08004982       0x98 cmake/stm32cubemx/CMakeFiles/STM32_Drivers.dir/__/__/Drivers/STM32G4xx_HAL_Driver/Src/stm32g4xx_hal_i2c_ex.c.obj
                0x08004982                HAL_I2CEx_ConfigDigitalFilter
 .text.HAL_SPI_Init
                0x08004a1a      0x156 cmake/stm32cubemx/CMakeFiles/STM32_Drivers.dir/__/__/Drivers/STM32G4xx_HAL_Driver/Src/stm32g4xx_hal_spi.c.obj
                0x08004a1a                HAL_SPI_Init
 .text.HAL_TIM_Base_Init
                0x08004b70       0xae cmake/stm32cubemx/CMakeFiles/STM32_Drivers.dir/__/__/Drivers/STM32G4xx_HAL_Driver/Src/stm32g4xx_hal_tim.c.obj
                0x08004b70                HAL_TIM_Base_Init
 *fill*         0x08004c1e        0x2 
 .text.HAL_TIM_Base_Start_IT
                0x08004c20       0xf0 cmake/stm32cubemx/CMakeFiles/STM32_Drivers.dir/__/__/Drivers/STM32G4xx_HAL_Driver/Src/stm32g4xx_hal_tim.c.obj
                0x08004c20                HAL_TIM_Base_Start_IT
 .text.HAL_TIM_OC_Init
                0x08004d10       0xae cmake/stm32cubemx/CMakeFiles/STM32_Drivers.dir/__/__/Drivers/STM32G4xx_HAL_Driver/Src/stm32g4xx_hal_tim.c.obj
                0x08004d10                HAL_TIM_OC_Init
 .text.HAL_TIM_OC_MspInit
                0x08004dbe       0x14 cmake/stm32cubemx/CMakeFiles/STM32_Drivers.dir/__/__/Drivers/STM32G4xx_HAL_Driver/Src/stm32g4xx_hal_tim.c.obj
                0x08004dbe                HAL_TIM_OC_MspInit
 *fill*         0x08004dd2        0x2 
 .text.HAL_TIM_OC_Start_IT
                0x08004dd4      0x2c0 cmake/stm32cubemx/CMakeFiles/STM32_Drivers.dir/__/__/Drivers/STM32G4xx_HAL_Driver/Src/stm32g4xx_hal_tim.c.obj
                0x08004dd4                HAL_TIM_OC_Start_IT
 .text.HAL_TIM_IRQHandler
                0x08005094      0x29e cmake/stm32cubemx/CMakeFiles/STM32_Drivers.dir/__/__/Drivers/STM32G4xx_HAL_Driver/Src/stm32g4xx_hal_tim.c.obj
                0x08005094                HAL_TIM_IRQHandler
 *fill*         0x08005332        0x2 
 .text.HAL_TIM_OC_ConfigChannel
                0x08005334       0xf4 cmake/stm32cubemx/CMakeFiles/STM32_Drivers.dir/__/__/Drivers/STM32G4xx_HAL_Driver/Src/stm32g4xx_hal_tim.c.obj
                0x08005334                HAL_TIM_OC_ConfigChannel
 .text.HAL_TIM_ConfigClockSource
                0x08005428      0x22c cmake/stm32cubemx/CMakeFiles/STM32_Drivers.dir/__/__/Drivers/STM32G4xx_HAL_Driver/Src/stm32g4xx_hal_tim.c.obj
                0x08005428                HAL_TIM_ConfigClockSource
 .text.HAL_TIM_IC_CaptureCallback
                0x08005654       0x14 cmake/stm32cubemx/CMakeFiles/STM32_Drivers.dir/__/__/Drivers/STM32G4xx_HAL_Driver/Src/stm32g4xx_hal_tim.c.obj
                0x08005654                HAL_TIM_IC_CaptureCallback
 .text.HAL_TIM_PWM_PulseFinishedCallback
                0x08005668       0x14 cmake/stm32cubemx/CMakeFiles/STM32_Drivers.dir/__/__/Drivers/STM32G4xx_HAL_Driver/Src/stm32g4xx_hal_tim.c.obj
                0x08005668                HAL_TIM_PWM_PulseFinishedCallback
 .text.HAL_TIM_TriggerCallback
                0x0800567c       0x14 cmake/stm32cubemx/CMakeFiles/STM32_Drivers.dir/__/__/Drivers/STM32G4xx_HAL_Driver/Src/stm32g4xx_hal_tim.c.obj
                0x0800567c                HAL_TIM_TriggerCallback
 .text.TIM_Base_SetConfig
                0x08005690      0x15c cmake/stm32cubemx/CMakeFiles/STM32_Drivers.dir/__/__/Drivers/STM32G4xx_HAL_Driver/Src/stm32g4xx_hal_tim.c.obj
                0x08005690                TIM_Base_SetConfig
 .text.TIM_OC1_SetConfig
                0x080057ec      0x138 cmake/stm32cubemx/CMakeFiles/STM32_Drivers.dir/__/__/Drivers/STM32G4xx_HAL_Driver/Src/stm32g4xx_hal_tim.c.obj
 .text.TIM_OC2_SetConfig
                0x08005924      0x12c cmake/stm32cubemx/CMakeFiles/STM32_Drivers.dir/__/__/Drivers/STM32G4xx_HAL_Driver/Src/stm32g4xx_hal_tim.c.obj
                0x08005924                TIM_OC2_SetConfig
 .text.TIM_OC3_SetConfig
                0x08005a50      0x128 cmake/stm32cubemx/CMakeFiles/STM32_Drivers.dir/__/__/Drivers/STM32G4xx_HAL_Driver/Src/stm32g4xx_hal_tim.c.obj
 .text.TIM_OC4_SetConfig
                0x08005b78      0x12c cmake/stm32cubemx/CMakeFiles/STM32_Drivers.dir/__/__/Drivers/STM32G4xx_HAL_Driver/Src/stm32g4xx_hal_tim.c.obj
 .text.TIM_OC5_SetConfig
                0x08005ca4       0xd4 cmake/stm32cubemx/CMakeFiles/STM32_Drivers.dir/__/__/Drivers/STM32G4xx_HAL_Driver/Src/stm32g4xx_hal_tim.c.obj
 .text.TIM_OC6_SetConfig
                0x08005d78       0xd8 cmake/stm32cubemx/CMakeFiles/STM32_Drivers.dir/__/__/Drivers/STM32G4xx_HAL_Driver/Src/stm32g4xx_hal_tim.c.obj
 .text.TIM_TI1_ConfigInputStage
                0x08005e50       0xb4 cmake/stm32cubemx/CMakeFiles/STM32_Drivers.dir/__/__/Drivers/STM32G4xx_HAL_Driver/Src/stm32g4xx_hal_tim.c.obj
 .text.TIM_TI2_ConfigInputStage
                0x08005f04       0x90 cmake/stm32cubemx/CMakeFiles/STM32_Drivers.dir/__/__/Drivers/STM32G4xx_HAL_Driver/Src/stm32g4xx_hal_tim.c.obj
 .text.TIM_ITRx_SetConfig
                0x08005f94       0x3a cmake/stm32cubemx/CMakeFiles/STM32_Drivers.dir/__/__/Drivers/STM32G4xx_HAL_Driver/Src/stm32g4xx_hal_tim.c.obj
 .text.TIM_ETR_SetConfig
                0x08005fce       0x40 cmake/stm32cubemx/CMakeFiles/STM32_Drivers.dir/__/__/Drivers/STM32G4xx_HAL_Driver/Src/stm32g4xx_hal_tim.c.obj
                0x08005fce                TIM_ETR_SetConfig
 .text.TIM_CCxChannelCmd
                0x0800600e       0x4a cmake/stm32cubemx/CMakeFiles/STM32_Drivers.dir/__/__/Drivers/STM32G4xx_HAL_Driver/Src/stm32g4xx_hal_tim.c.obj
                0x0800600e                TIM_CCxChannelCmd
 .text.HAL_TIMEx_MasterConfigSynchronization
                0x08006058      0x12c cmake/stm32cubemx/CMakeFiles/STM32_Drivers.dir/__/__/Drivers/STM32G4xx_HAL_Driver/Src/stm32g4xx_hal_tim_ex.c.obj
                0x08006058                HAL_TIMEx_MasterConfigSynchronization
 .text.HAL_TIMEx_CommutCallback
                0x08006184       0x14 cmake/stm32cubemx/CMakeFiles/STM32_Drivers.dir/__/__/Drivers/STM32G4xx_HAL_Driver/Src/stm32g4xx_hal_tim_ex.c.obj
                0x08006184                HAL_TIMEx_CommutCallback
 .text.HAL_TIMEx_BreakCallback
                0x08006198       0x14 cmake/stm32cubemx/CMakeFiles/STM32_Drivers.dir/__/__/Drivers/STM32G4xx_HAL_Driver/Src/stm32g4xx_hal_tim_ex.c.obj
                0x08006198                HAL_TIMEx_BreakCallback
 .text.HAL_TIMEx_Break2Callback
                0x080061ac       0x14 cmake/stm32cubemx/CMakeFiles/STM32_Drivers.dir/__/__/Drivers/STM32G4xx_HAL_Driver/Src/stm32g4xx_hal_tim_ex.c.obj
                0x080061ac                HAL_TIMEx_Break2Callback
 .text.HAL_TIMEx_EncoderIndexCallback
                0x080061c0       0x14 cmake/stm32cubemx/CMakeFiles/STM32_Drivers.dir/__/__/Drivers/STM32G4xx_HAL_Driver/Src/stm32g4xx_hal_tim_ex.c.obj
                0x080061c0                HAL_TIMEx_EncoderIndexCallback
 .text.HAL_TIMEx_DirectionChangeCallback
                0x080061d4       0x14 cmake/stm32cubemx/CMakeFiles/STM32_Drivers.dir/__/__/Drivers/STM32G4xx_HAL_Driver/Src/stm32g4xx_hal_tim_ex.c.obj
                0x080061d4                HAL_TIMEx_DirectionChangeCallback
 .text.HAL_TIMEx_IndexErrorCallback
                0x080061e8       0x14 cmake/stm32cubemx/CMakeFiles/STM32_Drivers.dir/__/__/Drivers/STM32G4xx_HAL_Driver/Src/stm32g4xx_hal_tim_ex.c.obj
                0x080061e8                HAL_TIMEx_IndexErrorCallback
 .text.HAL_TIMEx_TransitionErrorCallback
                0x080061fc       0x14 cmake/stm32cubemx/CMakeFiles/STM32_Drivers.dir/__/__/Drivers/STM32G4xx_HAL_Driver/Src/stm32g4xx_hal_tim_ex.c.obj
                0x080061fc                HAL_TIMEx_TransitionErrorCallback
 .text.HAL_UART_Init
                0x08006210       0xa0 cmake/stm32cubemx/CMakeFiles/STM32_Drivers.dir/__/__/Drivers/STM32G4xx_HAL_Driver/Src/stm32g4xx_hal_uart.c.obj
                0x08006210                HAL_UART_Init
 .text.UART_SetConfig
                0x080062b0      0x5f8 cmake/stm32cubemx/CMakeFiles/STM32_Drivers.dir/__/__/Drivers/STM32G4xx_HAL_Driver/Src/stm32g4xx_hal_uart.c.obj
                0x080062b0                UART_SetConfig
 .text.UART_AdvFeatureConfig
                0x080068a8      0x144 cmake/stm32cubemx/CMakeFiles/STM32_Drivers.dir/__/__/Drivers/STM32G4xx_HAL_Driver/Src/stm32g4xx_hal_uart.c.obj
                0x080068a8                UART_AdvFeatureConfig
 .text.UART_CheckIdleState
                0x080069ec      0x154 cmake/stm32cubemx/CMakeFiles/STM32_Drivers.dir/__/__/Drivers/STM32G4xx_HAL_Driver/Src/stm32g4xx_hal_uart.c.obj
                0x080069ec                UART_CheckIdleState
 .text.UART_WaitOnFlagUntilTimeout
                0x08006b40       0xda cmake/stm32cubemx/CMakeFiles/STM32_Drivers.dir/__/__/Drivers/STM32G4xx_HAL_Driver/Src/stm32g4xx_hal_uart.c.obj
                0x08006b40                UART_WaitOnFlagUntilTimeout
 .text.UART_EndRxTransfer
                0x08006c1a       0xcc cmake/stm32cubemx/CMakeFiles/STM32_Drivers.dir/__/__/Drivers/STM32G4xx_HAL_Driver/Src/stm32g4xx_hal_uart.c.obj
 .text.HAL_UARTEx_DisableFifoMode
                0x08006ce6       0x72 cmake/stm32cubemx/CMakeFiles/STM32_Drivers.dir/__/__/Drivers/STM32G4xx_HAL_Driver/Src/stm32g4xx_hal_uart_ex.c.obj
                0x08006ce6                HAL_UARTEx_DisableFifoMode
 .text.HAL_UARTEx_SetTxFifoThreshold
                0x08006d58       0x7c cmake/stm32cubemx/CMakeFiles/STM32_Drivers.dir/__/__/Drivers/STM32G4xx_HAL_Driver/Src/stm32g4xx_hal_uart_ex.c.obj
                0x08006d58                HAL_UARTEx_SetTxFifoThreshold
 .text.HAL_UARTEx_SetRxFifoThreshold
                0x08006dd4       0x7c cmake/stm32cubemx/CMakeFiles/STM32_Drivers.dir/__/__/Drivers/STM32G4xx_HAL_Driver/Src/stm32g4xx_hal_uart_ex.c.obj
                0x08006dd4                HAL_UARTEx_SetRxFifoThreshold
 .text.UARTEx_SetNbDataToProcess
                0x08006e50       0x9c cmake/stm32cubemx/CMakeFiles/STM32_Drivers.dir/__/__/Drivers/STM32G4xx_HAL_Driver/Src/stm32g4xx_hal_uart_ex.c.obj
 .text.main     0x08006eec       0x48 CMakeFiles/M4_STEP.dir/Core/Src/main.c.obj
                0x08006eec                main
 .text.SystemClock_Config
                0x08006f34       0x96 CMakeFiles/M4_STEP.dir/Core/Src/main.c.obj
                0x08006f34                SystemClock_Config
 .text.Error_Handler
                0x08006fca        0xc CMakeFiles/M4_STEP.dir/Core/Src/main.c.obj
                0x08006fca                Error_Handler
 *fill*         0x08006fd6        0x2 
 .text.MX_GPIO_Init
                0x08006fd8      0x1d4 CMakeFiles/M4_STEP.dir/Core/Src/gpio.c.obj
                0x08006fd8                MX_GPIO_Init
 .text.MX_ADC1_Init
                0x080071ac       0xf0 CMakeFiles/M4_STEP.dir/Core/Src/adc.c.obj
                0x080071ac                MX_ADC1_Init
 .text.MX_ADC2_Init
                0x0800729c       0xcc CMakeFiles/M4_STEP.dir/Core/Src/adc.c.obj
                0x0800729c                MX_ADC2_Init
 .text.MX_ADC3_Init
                0x08007368       0xf0 CMakeFiles/M4_STEP.dir/Core/Src/adc.c.obj
                0x08007368                MX_ADC3_Init
 .text.MX_ADC4_Init
                0x08007458       0xcc CMakeFiles/M4_STEP.dir/Core/Src/adc.c.obj
                0x08007458                MX_ADC4_Init
 .text.MX_ADC5_Init
                0x08007524       0xcc CMakeFiles/M4_STEP.dir/Core/Src/adc.c.obj
                0x08007524                MX_ADC5_Init
 .text.HAL_ADC_MspInit
                0x080075f0      0x5bc CMakeFiles/M4_STEP.dir/Core/Src/adc.c.obj
                0x080075f0                HAL_ADC_MspInit
 .text.MX_DMA_Init
                0x08007bac       0x94 CMakeFiles/M4_STEP.dir/Core/Src/dma.c.obj
                0x08007bac                MX_DMA_Init
 .text.MX_I2C2_Init
                0x08007c40       0x80 CMakeFiles/M4_STEP.dir/Core/Src/i2c.c.obj
                0x08007c40                MX_I2C2_Init
 .text.HAL_I2C_MspInit
                0x08007cc0       0xb0 CMakeFiles/M4_STEP.dir/Core/Src/i2c.c.obj
                0x08007cc0                HAL_I2C_MspInit
 .text.MX_SPI1_Init
                0x08007d70       0x7c CMakeFiles/M4_STEP.dir/Core/Src/spi.c.obj
                0x08007d70                MX_SPI1_Init
 .text.HAL_SPI_MspInit
                0x08007dec       0x88 CMakeFiles/M4_STEP.dir/Core/Src/spi.c.obj
                0x08007dec                HAL_SPI_MspInit
 .text.MX_TIM2_Init
                0x08007e74       0xec CMakeFiles/M4_STEP.dir/Core/Src/tim.c.obj
                0x08007e74                MX_TIM2_Init
 .text.HAL_TIM_Base_MspInit
                0x08007f60       0x48 CMakeFiles/M4_STEP.dir/Core/Src/tim.c.obj
                0x08007f60                HAL_TIM_Base_MspInit
 .text.HAL_TIM_MspPostInit
                0x08007fa8       0x6c CMakeFiles/M4_STEP.dir/Core/Src/tim.c.obj
                0x08007fa8                HAL_TIM_MspPostInit
 .text.MX_USART1_UART_Init
                0x08008014       0x98 CMakeFiles/M4_STEP.dir/Core/Src/usart.c.obj
                0x08008014                MX_USART1_UART_Init
 .text.HAL_UART_MspInit
                0x080080ac       0xb0 CMakeFiles/M4_STEP.dir/Core/Src/usart.c.obj
                0x080080ac                HAL_UART_MspInit
 .text.NMI_Handler
                0x0800815c        0x8 CMakeFiles/M4_STEP.dir/Core/Src/stm32g4xx_it.c.obj
                0x0800815c                NMI_Handler
 .text.HardFault_Handler
                0x08008164        0x8 CMakeFiles/M4_STEP.dir/Core/Src/stm32g4xx_it.c.obj
                0x08008164                HardFault_Handler
 .text.MemManage_Handler
                0x0800816c        0x8 CMakeFiles/M4_STEP.dir/Core/Src/stm32g4xx_it.c.obj
                0x0800816c                MemManage_Handler
 .text.BusFault_Handler
                0x08008174        0x8 CMakeFiles/M4_STEP.dir/Core/Src/stm32g4xx_it.c.obj
                0x08008174                BusFault_Handler
 .text.UsageFault_Handler
                0x0800817c        0x8 CMakeFiles/M4_STEP.dir/Core/Src/stm32g4xx_it.c.obj
                0x0800817c                UsageFault_Handler
 .text.SVC_Handler
                0x08008184        0xe CMakeFiles/M4_STEP.dir/Core/Src/stm32g4xx_it.c.obj
                0x08008184                SVC_Handler
 .text.DebugMon_Handler
                0x08008192        0xe CMakeFiles/M4_STEP.dir/Core/Src/stm32g4xx_it.c.obj
                0x08008192                DebugMon_Handler
 .text.PendSV_Handler
                0x080081a0        0xe CMakeFiles/M4_STEP.dir/Core/Src/stm32g4xx_it.c.obj
                0x080081a0                PendSV_Handler
 .text.SysTick_Handler
                0x080081ae        0xc CMakeFiles/M4_STEP.dir/Core/Src/stm32g4xx_it.c.obj
                0x080081ae                SysTick_Handler
 *fill*         0x080081ba        0x2 
 .text.DMA1_Channel1_IRQHandler
                0x080081bc       0x14 CMakeFiles/M4_STEP.dir/Core/Src/stm32g4xx_it.c.obj
                0x080081bc                DMA1_Channel1_IRQHandler
 .text.DMA1_Channel2_IRQHandler
                0x080081d0       0x14 CMakeFiles/M4_STEP.dir/Core/Src/stm32g4xx_it.c.obj
                0x080081d0                DMA1_Channel2_IRQHandler
 .text.DMA1_Channel3_IRQHandler
                0x080081e4       0x14 CMakeFiles/M4_STEP.dir/Core/Src/stm32g4xx_it.c.obj
                0x080081e4                DMA1_Channel3_IRQHandler
 .text.DMA1_Channel4_IRQHandler
                0x080081f8       0x14 CMakeFiles/M4_STEP.dir/Core/Src/stm32g4xx_it.c.obj
                0x080081f8                DMA1_Channel4_IRQHandler
 .text.DMA1_Channel5_IRQHandler
                0x0800820c       0x14 CMakeFiles/M4_STEP.dir/Core/Src/stm32g4xx_it.c.obj
                0x0800820c                DMA1_Channel5_IRQHandler
 .text.TIM2_IRQHandler
                0x08008220       0x14 CMakeFiles/M4_STEP.dir/Core/Src/stm32g4xx_it.c.obj
                0x08008220                TIM2_IRQHandler
 .text.HAL_MspInit
                0x08008234       0x48 CMakeFiles/M4_STEP.dir/Core/Src/stm32g4xx_hal_msp.c.obj
                0x08008234                HAL_MspInit
 .text._sbrk    0x0800827c       0x6c CMakeFiles/M4_STEP.dir/Core/Src/sysmem.c.obj
                0x0800827c                _sbrk
 .text.Reset_Handler
                0x080082e8       0x50 CMakeFiles/M4_STEP.dir/startup_stm32g474xx.s.obj
                0x080082e8                Reset_Handler
 .text.Default_Handler
                0x08008338        0x2 CMakeFiles/M4_STEP.dir/startup_stm32g474xx.s.obj
                0x08008338                RTC_Alarm_IRQHandler
                0x08008338                EXTI2_IRQHandler
                0x08008338                TIM8_TRG_COM_IRQHandler
                0x08008338                TIM8_CC_IRQHandler
                0x08008338                HRTIM1_Master_IRQHandler
                0x08008338                SPI4_IRQHandler
                0x08008338                FDCAN3_IT0_IRQHandler
                0x08008338                TIM1_CC_IRQHandler
                0x08008338                HRTIM1_FLT_IRQHandler
                0x08008338                HRTIM1_TIMF_IRQHandler
                0x08008338                USB_HP_IRQHandler
                0x08008338                CORDIC_IRQHandler
                0x08008338                HRTIM1_TIMD_IRQHandler
                0x08008338                DMA2_Channel8_IRQHandler
                0x08008338                EXTI3_IRQHandler
                0x08008338                I2C3_ER_IRQHandler
                0x08008338                EXTI0_IRQHandler
                0x08008338                I2C2_EV_IRQHandler
                0x08008338                FPU_IRQHandler
                0x08008338                FDCAN1_IT1_IRQHandler
                0x08008338                TIM1_UP_TIM16_IRQHandler
                0x08008338                ADC1_2_IRQHandler
                0x08008338                HRTIM1_TIME_IRQHandler
                0x08008338                SPI1_IRQHandler
                0x08008338                TIM6_DAC_IRQHandler
                0x08008338                HRTIM1_TIMC_IRQHandler
                0x08008338                TIM8_UP_IRQHandler
                0x08008338                DMA2_Channel2_IRQHandler
                0x08008338                TIM20_TRG_COM_IRQHandler
                0x08008338                USART3_IRQHandler
                0x08008338                DMA1_Channel7_IRQHandler
                0x08008338                UART5_IRQHandler
                0x08008338                ADC3_IRQHandler
                0x08008338                TIM4_IRQHandler
                0x08008338                DMA2_Channel1_IRQHandler
                0x08008338                QUADSPI_IRQHandler
                0x08008338                I2C1_EV_IRQHandler
                0x08008338                DMA1_Channel6_IRQHandler
                0x08008338                UART4_IRQHandler
                0x08008338                DMA2_Channel4_IRQHandler
                0x08008338                TIM3_IRQHandler
                0x08008338                RCC_IRQHandler
                0x08008338                TIM20_UP_IRQHandler
                0x08008338                Default_Handler
                0x08008338                DMA2_Channel7_IRQHandler
                0x08008338                RTC_TAMP_LSECSS_IRQHandler
                0x08008338                FMAC_IRQHandler
                0x08008338                EXTI15_10_IRQHandler
                0x08008338                DMA1_Channel8_IRQHandler
                0x08008338                HRTIM1_TIMA_IRQHandler
                0x08008338                TIM7_DAC_IRQHandler
                0x08008338                FDCAN3_IT1_IRQHandler
                0x08008338                TIM5_IRQHandler
                0x08008338                UCPD1_IRQHandler
                0x08008338                I2C3_EV_IRQHandler
                0x08008338                EXTI9_5_IRQHandler
                0x08008338                RTC_WKUP_IRQHandler
                0x08008338                PVD_PVM_IRQHandler
                0x08008338                SPI2_IRQHandler
                0x08008338                ADC5_IRQHandler
                0x08008338                DMA2_Channel5_IRQHandler
                0x08008338                CRS_IRQHandler
                0x08008338                USB_LP_IRQHandler
                0x08008338                EXTI4_IRQHandler
                0x08008338                RNG_IRQHandler
                0x08008338                HRTIM1_TIMB_IRQHandler
                0x08008338                TIM1_TRG_COM_TIM17_IRQHandler
                0x08008338                FDCAN2_IT1_IRQHandler
                0x08008338                ADC4_IRQHandler
                0x08008338                WWDG_IRQHandler
                0x08008338                I2C4_EV_IRQHandler
                0x08008338                FDCAN2_IT0_IRQHandler
                0x08008338                LPUART1_IRQHandler
                0x08008338                DMA2_Channel6_IRQHandler
                0x08008338                FDCAN1_IT0_IRQHandler
                0x08008338                COMP7_IRQHandler
                0x08008338                COMP1_2_3_IRQHandler
                0x08008338                EXTI1_IRQHandler
                0x08008338                USART2_IRQHandler
                0x08008338                COMP4_5_6_IRQHandler
                0x08008338                TIM20_BRK_IRQHandler
                0x08008338                I2C2_ER_IRQHandler
                0x08008338                TIM8_BRK_IRQHandler
                0x08008338                FLASH_IRQHandler
                0x08008338                TIM20_CC_IRQHandler
                0x08008338                USART1_IRQHandler
                0x08008338                SPI3_IRQHandler
                0x08008338                I2C1_ER_IRQHandler
                0x08008338                FMC_IRQHandler
                0x08008338                LPTIM1_IRQHandler
                0x08008338                DMAMUX_OVR_IRQHandler
                0x08008338                I2C4_ER_IRQHandler
                0x08008338                USBWakeUp_IRQHandler
                0x08008338                SAI1_IRQHandler
                0x08008338                DMA2_Channel3_IRQHandler
                0x08008338                TIM1_BRK_TIM15_IRQHandler
 *fill*         0x0800833a        0x2 
 .text.oled_cmd
                0x0800833c       0x38 CMakeFiles/M4_STEP.dir/Core/Src/dfr0647.c.obj
 .text.oled_data
                0x08008374       0x3c CMakeFiles/M4_STEP.dir/Core/Src/dfr0647.c.obj
 .text.dfr0647_init
                0x080083b0       0xb2 CMakeFiles/M4_STEP.dir/Core/Src/dfr0647.c.obj
                0x080083b0                dfr0647_init
 *fill*         0x08008462        0x2 
 .text.dfr0647_clear
                0x08008464       0x38 CMakeFiles/M4_STEP.dir/Core/Src/dfr0647.c.obj
                0x08008464                dfr0647_clear
 .text.draw_char
                0x0800849c       0xac CMakeFiles/M4_STEP.dir/Core/Src/dfr0647.c.obj
 .text.dfr0647_draw_string
                0x08008548       0x48 CMakeFiles/M4_STEP.dir/Core/Src/dfr0647.c.obj
                0x08008548                dfr0647_draw_string
 .text.dfr0647_update
                0x08008590       0x50 CMakeFiles/M4_STEP.dir/Core/Src/dfr0647.c.obj
                0x08008590                dfr0647_update
 .text.second_race
                0x080085e0       0x1c CMakeFiles/M4_STEP.dir/Core/Src/fastrun.c.obj
                0x080085e0                second_race
 .text.fast_race
                0x080085fc      0x144 CMakeFiles/M4_STEP.dir/Core/Src/fastrun.c.obj
                0x080085fc                fast_race
 .text.turn_division_func
                0x08008740       0x48 CMakeFiles/M4_STEP.dir/Core/Src/fastrun.c.obj
 .text.second_info
                0x08008788      0x110 CMakeFiles/M4_STEP.dir/Core/Src/fastrun.c.obj
                0x08008788                second_info
 .text.turn_division_compute
                0x08008898       0x52 CMakeFiles/M4_STEP.dir/Core/Src/fastrun.c.obj
 *fill*         0x080088ea        0x2 
 .text.large_turn_compute
                0x080088ec      0x1b0 CMakeFiles/M4_STEP.dir/Core/Src/fastrun.c.obj
 .text.straight_compute
                0x08008a9c      0x278 CMakeFiles/M4_STEP.dir/Core/Src/fastrun.c.obj
 .text.default_turn_compute
                0x08008d14      0x2cc CMakeFiles/M4_STEP.dir/Core/Src/fastrun.c.obj
 .text.max_vel_compute
                0x08008fe0       0xfc CMakeFiles/M4_STEP.dir/Core/Src/fastrun.c.obj
                0x08008fe0                max_vel_compute
 .text.decel_dist_compute
                0x080090dc       0xa0 CMakeFiles/M4_STEP.dir/Core/Src/fastrun.c.obj
                0x080090dc                decel_dist_compute
 .text.turn_info_func
                0x0800917c       0x48 CMakeFiles/M4_STEP.dir/Core/Src/fastrun.c.obj
                0x0800917c                turn_info_func
 .text.turn_info_compute
                0x080091c4      0x264 CMakeFiles/M4_STEP.dir/Core/Src/fastrun.c.obj
                0x080091c4                turn_info_compute
 .text.speed_up_compute
                0x08009428       0x80 CMakeFiles/M4_STEP.dir/Core/Src/fastrun.c.obj
                0x08009428                speed_up_compute
 .text.speed_up_func
                0x080094a8       0x7c CMakeFiles/M4_STEP.dir/Core/Src/fastrun.c.obj
 .text._NULL_FUNC
                0x08009524       0x1c CMakeFiles/M4_STEP.dir/Core/Src/menu.c.obj
                0x08009524                _NULL_FUNC
 .text.menu     0x08009540      0x120 CMakeFiles/M4_STEP.dir/Core/Src/menu.c.obj
                0x08009540                menu
 .text.menu_start
                0x08009660       0x1c CMakeFiles/M4_STEP.dir/Core/Src/menu.c.obj
                0x08009660                menu_start
 .text.F_ACCELERATION
                0x0800967c      0x100 CMakeFiles/M4_STEP.dir/Core/Src/motor.c.obj
                0x0800967c                F_ACCELERATION
 .text.F_HANDLE_ACC
                0x0800977c       0xa8 CMakeFiles/M4_STEP.dir/Core/Src/motor.c.obj
                0x0800977c                F_HANDLE_ACC
 .text.F_VELOCITY
                0x08009824       0x94 CMakeFiles/M4_STEP.dir/Core/Src/motor.c.obj
                0x08009824                F_VELOCITY
 .text.motor_vari_init
                0x080098b8       0x1c CMakeFiles/M4_STEP.dir/Core/Src/motor.c.obj
                0x080098b8                motor_vari_init
 .text.Init_MotorCtrlVar
                0x080098d4       0xa0 CMakeFiles/M4_STEP.dir/Core/Src/motor.c.obj
                0x080098d4                Init_MotorCtrlVar
 .text.move_to_move
                0x08009974       0xc4 CMakeFiles/M4_STEP.dir/Core/Src/motor.c.obj
                0x08009974                move_to_move
 .text.move_to_end
                0x08009a38       0xf4 CMakeFiles/M4_STEP.dir/Core/Src/motor.c.obj
                0x08009a38                move_to_end
 .text.OLED_Init
                0x08009b2c       0x14 CMakeFiles/M4_STEP.dir/Core/Src/oled.c.obj
                0x08009b2c                OLED_Init
 .text.OLED_Printf
                0x08009b40       0x4e CMakeFiles/M4_STEP.dir/Core/Src/oled.c.obj
                0x08009b40                OLED_Printf
 *fill*         0x08009b8e        0x2 
 .text.SpiWriteRom
                0x08009b90       0x4c CMakeFiles/M4_STEP.dir/Core/Src/rom.c.obj
                0x08009b90                SpiWriteRom
 .text.SpiReadRom
                0x08009bdc       0x4c CMakeFiles/M4_STEP.dir/Core/Src/rom.c.obj
                0x08009bdc                SpiReadRom
 .text.maxmin_write_rom
                0x08009c28      0x134 CMakeFiles/M4_STEP.dir/Core/Src/rom.c.obj
                0x08009c28                maxmin_write_rom
 .text.maxmin_read_rom
                0x08009d5c      0x134 CMakeFiles/M4_STEP.dir/Core/Src/rom.c.obj
                0x08009d5c                maxmin_read_rom
 .text.read_vel_rom
                0x08009e90       0x68 CMakeFiles/M4_STEP.dir/Core/Src/rom.c.obj
                0x08009e90                read_vel_rom
 .text.write_vel_rom
                0x08009ef8       0x64 CMakeFiles/M4_STEP.dir/Core/Src/rom.c.obj
                0x08009ef8                write_vel_rom
 .text.write_acc_rom
                0x08009f5c       0x64 CMakeFiles/M4_STEP.dir/Core/Src/rom.c.obj
                0x08009f5c                write_acc_rom
 .text.read_acc_rom
                0x08009fc0       0x68 CMakeFiles/M4_STEP.dir/Core/Src/rom.c.obj
                0x08009fc0                read_acc_rom
 .text.read_end_acc_rom
                0x0800a028       0x68 CMakeFiles/M4_STEP.dir/Core/Src/rom.c.obj
                0x0800a028                read_end_acc_rom
 .text.write_mark_cnt_rom
                0x0800a090       0x44 CMakeFiles/M4_STEP.dir/Core/Src/rom.c.obj
                0x0800a090                write_mark_cnt_rom
 .text.read_mark_cnt_rom
                0x0800a0d4       0x3c CMakeFiles/M4_STEP.dir/Core/Src/rom.c.obj
                0x0800a0d4                read_mark_cnt_rom
 .text.write_line_info_rom
                0x0800a110      0x3dc CMakeFiles/M4_STEP.dir/Core/Src/rom.c.obj
                0x0800a110                write_line_info_rom
 .text.read_line_info_rom
                0x0800a4ec      0x428 CMakeFiles/M4_STEP.dir/Core/Src/rom.c.obj
                0x0800a4ec                read_line_info_rom
 .text.write_acc_handle_rom
                0x0800a914       0x60 CMakeFiles/M4_STEP.dir/Core/Src/rom.c.obj
                0x0800a914                write_acc_handle_rom
 .text.read_handle_acc_rom
                0x0800a974       0x70 CMakeFiles/M4_STEP.dir/Core/Src/rom.c.obj
                0x0800a974                read_handle_acc_rom
 .text.read_handle_dec_rom
                0x0800a9e4       0x70 CMakeFiles/M4_STEP.dir/Core/Src/rom.c.obj
                0x0800a9e4                read_handle_dec_rom
 .text.Race_Init
                0x0800aa54      0x204 CMakeFiles/M4_STEP.dir/Core/Src/search.c.obj
                0x0800aa54                Race_Init
 .text.F_1st_run
                0x0800ac58       0x64 CMakeFiles/M4_STEP.dir/Core/Src/search.c.obj
                0x0800ac58                F_1st_run
 .text.race_stop_check
                0x0800acbc      0x10c CMakeFiles/M4_STEP.dir/Core/Src/search.c.obj
                0x0800acbc                race_stop_check
 .text.search_race
                0x0800adc8      0x128 CMakeFiles/M4_STEP.dir/Core/Src/search.c.obj
                0x0800adc8                search_race
 .text.sensor_emitters_off
                0x0800aef0       0x68 CMakeFiles/M4_STEP.dir/Core/Src/sensor.c.obj
 .text.sensor_configure_channel
                0x0800af58       0x46 CMakeFiles/M4_STEP.dir/Core/Src/sensor.c.obj
 *fill*         0x0800af9e        0x2 
 .text.sensor_begin_step
                0x0800afa0       0xa0 CMakeFiles/M4_STEP.dir/Core/Src/sensor.c.obj
 .text.sensor_finalize_frame
                0x0800b040       0x1c CMakeFiles/M4_STEP.dir/Core/Src/sensor.c.obj
 .text.sensor_store_dma_result
                0x0800b05c       0xe8 CMakeFiles/M4_STEP.dir/Core/Src/sensor.c.obj
 .text.sensor_scan_start
                0x0800b144       0x5c CMakeFiles/M4_STEP.dir/Core/Src/sensor.c.obj
                0x0800b144                sensor_scan_start
 .text.HAL_TIM_PeriodElapsedCallback
                0x0800b1a0       0x2c CMakeFiles/M4_STEP.dir/Core/Src/sensor.c.obj
                0x0800b1a0                HAL_TIM_PeriodElapsedCallback
 .text.HAL_TIM_OC_DelayElapsedCallback
                0x0800b1cc       0x7c CMakeFiles/M4_STEP.dir/Core/Src/sensor.c.obj
                0x0800b1cc                HAL_TIM_OC_DelayElapsedCallback
 .text.HAL_ADC_ConvCpltCallback
                0x0800b248       0x16 CMakeFiles/M4_STEP.dir/Core/Src/sensor.c.obj
                0x0800b248                HAL_ADC_ConvCpltCallback
 *fill*         0x0800b25e        0x2 
 .text.sen_vari_init
                0x0800b260      0x260 CMakeFiles/M4_STEP.dir/Core/Src/sensor.c.obj
                0x0800b260                sen_vari_init
 .text.position_enable
                0x0800b4c0      0x328 CMakeFiles/M4_STEP.dir/Core/Src/sensor.c.obj
 .text.cross_check
                0x0800b7e8      0x254 CMakeFiles/M4_STEP.dir/Core/Src/sensor.c.obj
 .text.mark_enable_shift
                0x0800ba3c       0x88 CMakeFiles/M4_STEP.dir/Core/Src/sensor.c.obj
 .text.make_position
                0x0800bac4      0x25c CMakeFiles/M4_STEP.dir/Core/Src/sensor.c.obj
                0x0800bac4                make_position
 .text.Handle   0x0800bd20      0x104 CMakeFiles/M4_STEP.dir/Core/Src/sensor.c.obj
                0x0800bd20                Handle
 .text.turn_decide
                0x0800be24      0x1c8 CMakeFiles/M4_STEP.dir/Core/Src/sensor.c.obj
                0x0800be24                turn_decide
 .text.start_end_check
                0x0800bfec      0x12c CMakeFiles/M4_STEP.dir/Core/Src/sensor.c.obj
                0x0800bfec                start_end_check
 .text.line_info
                0x0800c118      0x180 CMakeFiles/M4_STEP.dir/Core/Src/sensor.c.obj
                0x0800c118                line_info
 .text.F_4095   0x0800c298       0xc8 CMakeFiles/M4_STEP.dir/Core/Src/sensor.c.obj
                0x0800c298                F_4095
 .text.F_Max_min
                0x0800c360      0x1a4 CMakeFiles/M4_STEP.dir/Core/Src/sensor.c.obj
                0x0800c360                F_Max_min
 .text.F_127    0x0800c504       0xc8 CMakeFiles/M4_STEP.dir/Core/Src/sensor.c.obj
                0x0800c504                F_127
 .text.F_TURNMARK
                0x0800c5cc       0xd8 CMakeFiles/M4_STEP.dir/Core/Src/sensor.c.obj
                0x0800c5cc                F_TURNMARK
 .text.sensor_check_127
                0x0800c6a4      0x1f4 CMakeFiles/M4_STEP.dir/Core/Src/sensor.c.obj
                0x0800c6a4                sensor_check_127
 .text.line_out_func
                0x0800c898       0x90 CMakeFiles/M4_STEP.dir/Core/Src/sensor.c.obj
                0x0800c898                line_out_func
 .text.motor_stop_all
                0x0800c928       0x4c CMakeFiles/M4_STEP.dir/Core/Src/viper_global.c.obj
                0x0800c928                motor_stop_all
 .text.sqrtf    0x0800c974       0x44 C:/ST/STM32CubeCLT_1.21.0/GNU-tools-for-STM32/bin/../lib/gcc/arm-none-eabi/14.3.1/../../../../arm-none-eabi/lib/thumb/v7e-m+fp/hard\libm.a(libm_a-wf_sqrt.o)
                0x0800c974                sqrtf
 .text.__ieee754_sqrtf
                0x0800c9b8        0x8 C:/ST/STM32CubeCLT_1.21.0/GNU-tools-for-STM32/bin/../lib/gcc/arm-none-eabi/14.3.1/../../../../arm-none-eabi/lib/thumb/v7e-m+fp/hard\libm.a(libm_a-ef_sqrt.o)
                0x0800c9b8                __ieee754_sqrtf
 .text._vsnprintf_r
                0x0800c9c0       0x5c C:/ST/STM32CubeCLT_1.21.0/GNU-tools-for-STM32/bin/../lib/gcc/arm-none-eabi/14.3.1/../../../../arm-none-eabi/lib/thumb/v7e-m+fp/hard\libg_nano.a(libc_a-vsnprintf.o)
                0x0800c9c0                _vsniprintf_r
                0x0800c9c0                _vsnprintf_r
 .text.vsnprintf
                0x0800ca1c       0x1c C:/ST/STM32CubeCLT_1.21.0/GNU-tools-for-STM32/bin/../lib/gcc/arm-none-eabi/14.3.1/../../../../arm-none-eabi/lib/thumb/v7e-m+fp/hard\libg_nano.a(libc_a-vsnprintf.o)
                0x0800ca1c                vsniprintf
                0x0800ca1c                vsnprintf
 .text.memset   0x0800ca38       0x10 C:/ST/STM32CubeCLT_1.21.0/GNU-tools-for-STM32/bin/../lib/gcc/arm-none-eabi/14.3.1/../../../../arm-none-eabi/lib/thumb/v7e-m+fp/hard\libg_nano.a(libc_a-memset.o)
                0x0800ca38                memset
 .text.__errno  0x0800ca48        0xc C:/ST/STM32CubeCLT_1.21.0/GNU-tools-for-STM32/bin/../lib/gcc/arm-none-eabi/14.3.1/../../../../arm-none-eabi/lib/thumb/v7e-m+fp/hard\libg_nano.a(libc_a-errno.o)
                0x0800ca48                __errno
 .text.__libc_init_array
                0x0800ca54       0x48 C:/ST/STM32CubeCLT_1.21.0/GNU-tools-for-STM32/bin/../lib/gcc/arm-none-eabi/14.3.1/../../../../arm-none-eabi/lib/thumb/v7e-m+fp/hard\libg_nano.a(libc_a-init.o)
                0x0800ca54                __libc_init_array
 .text.__retarget_lock_acquire_recursive
                0x0800ca9c        0x2 C:/ST/STM32CubeCLT_1.21.0/GNU-tools-for-STM32/bin/../lib/gcc/arm-none-eabi/14.3.1/../../../../arm-none-eabi/lib/thumb/v7e-m+fp/hard\libg_nano.a(libc_a-lock.o)
                0x0800ca9c                __retarget_lock_acquire_recursive
 .text.__retarget_lock_release_recursive
                0x0800ca9e        0x2 C:/ST/STM32CubeCLT_1.21.0/GNU-tools-for-STM32/bin/../lib/gcc/arm-none-eabi/14.3.1/../../../../arm-none-eabi/lib/thumb/v7e-m+fp/hard\libg_nano.a(libc_a-lock.o)
                0x0800ca9e                __retarget_lock_release_recursive
 .text.memcpy   0x0800caa0       0x1c C:/ST/STM32CubeCLT_1.21.0/GNU-tools-for-STM32/bin/../lib/gcc/arm-none-eabi/14.3.1/../../../../arm-none-eabi/lib/thumb/v7e-m+fp/hard\libg_nano.a(libc_a-memcpy-stub.o)
                0x0800caa0                memcpy
 .text._free_r  0x0800cabc       0x94 C:/ST/STM32CubeCLT_1.21.0/GNU-tools-for-STM32/bin/../lib/gcc/arm-none-eabi/14.3.1/../../../../arm-none-eabi/lib/thumb/v7e-m+fp/hard\libg_nano.a(libc_a-freer.o)
                0x0800cabc                _free_r
 .text.sbrk_aligned
                0x0800cb50       0x44 C:/ST/STM32CubeCLT_1.21.0/GNU-tools-for-STM32/bin/../lib/gcc/arm-none-eabi/14.3.1/../../../../arm-none-eabi/lib/thumb/v7e-m+fp/hard\libg_nano.a(libc_a-mallocr.o)
 .text._malloc_r
                0x0800cb94      0x100 C:/ST/STM32CubeCLT_1.21.0/GNU-tools-for-STM32/bin/../lib/gcc/arm-none-eabi/14.3.1/../../../../arm-none-eabi/lib/thumb/v7e-m+fp/hard\libg_nano.a(libc_a-mallocr.o)
                0x0800cb94                _malloc_r
 .text.__malloc_lock
                0x0800cc94        0xc C:/ST/STM32CubeCLT_1.21.0/GNU-tools-for-STM32/bin/../lib/gcc/arm-none-eabi/14.3.1/../../../../arm-none-eabi/lib/thumb/v7e-m+fp/hard\libg_nano.a(libc_a-mlock.o)
                0x0800cc94                __malloc_lock
 .text.__malloc_unlock
                0x0800cca0        0xc C:/ST/STM32CubeCLT_1.21.0/GNU-tools-for-STM32/bin/../lib/gcc/arm-none-eabi/14.3.1/../../../../arm-none-eabi/lib/thumb/v7e-m+fp/hard\libg_nano.a(libc_a-mlock.o)
                0x0800cca0                __malloc_unlock
 .text.__ssputs_r
                0x0800ccac       0xc0 C:/ST/STM32CubeCLT_1.21.0/GNU-tools-for-STM32/bin/../lib/gcc/arm-none-eabi/14.3.1/../../../../arm-none-eabi/lib/thumb/v7e-m+fp/hard\libg_nano.a(libc_a-nano-svfprintf.o)
                0x0800ccac                __ssputs_r
 .text._svfprintf_r
                0x0800cd6c      0x1f0 C:/ST/STM32CubeCLT_1.21.0/GNU-tools-for-STM32/bin/../lib/gcc/arm-none-eabi/14.3.1/../../../../arm-none-eabi/lib/thumb/v7e-m+fp/hard\libg_nano.a(libc_a-nano-svfprintf.o)
                0x0800cd6c                _svfiprintf_r
                0x0800cd6c                _svfprintf_r
 .text._printf_common
                0x0800cf5c       0xda C:/ST/STM32CubeCLT_1.21.0/GNU-tools-for-STM32/bin/../lib/gcc/arm-none-eabi/14.3.1/../../../../arm-none-eabi/lib/thumb/v7e-m+fp/hard\libg_nano.a(libc_a-nano-vfprintf_i.o)
                0x0800cf5c                _printf_common
 *fill*         0x0800d036        0x2 
 .text._printf_i
                0x0800d038      0x24c C:/ST/STM32CubeCLT_1.21.0/GNU-tools-for-STM32/bin/../lib/gcc/arm-none-eabi/14.3.1/../../../../arm-none-eabi/lib/thumb/v7e-m+fp/hard\libg_nano.a(libc_a-nano-vfprintf_i.o)
                0x0800d038                _printf_i
 .text.memmove  0x0800d284       0x32 C:/ST/STM32CubeCLT_1.21.0/GNU-tools-for-STM32/bin/../lib/gcc/arm-none-eabi/14.3.1/../../../../arm-none-eabi/lib/thumb/v7e-m+fp/hard\libg_nano.a(libc_a-memmove.o)
                0x0800d284                memmove
 *fill*         0x0800d2b6        0x2 
 .text._sbrk_r  0x0800d2b8       0x20 C:/ST/STM32CubeCLT_1.21.0/GNU-tools-for-STM32/bin/../lib/gcc/arm-none-eabi/14.3.1/../../../../arm-none-eabi/lib/thumb/v7e-m+fp/hard\libg_nano.a(libc_a-sbrkr.o)
                0x0800d2b8                _sbrk_r
 .text._realloc_r
                0x0800d2d8       0x5c C:/ST/STM32CubeCLT_1.21.0/GNU-tools-for-STM32/bin/../lib/gcc/arm-none-eabi/14.3.1/../../../../arm-none-eabi/lib/thumb/v7e-m+fp/hard\libg_nano.a(libc_a-reallocr.o)
                0x0800d2d8                _realloc_r
 .text._malloc_usable_size_r
                0x0800d334       0x10 C:/ST/STM32CubeCLT_1.21.0/GNU-tools-for-STM32/bin/../lib/gcc/arm-none-eabi/14.3.1/../../../../arm-none-eabi/lib/thumb/v7e-m+fp/hard\libg_nano.a(libc_a-msizer.o)
                0x0800d334                _malloc_usable_size_r
 *(.glue_7)
 .glue_7        0x0800d344        0x0 linker stubs
 *(.glue_7t)
 .glue_7t       0x0800d344        0x0 linker stubs
 *(.eh_frame)
 .eh_frame      0x0800d344        0x0 C:/ST/STM32CubeCLT_1.21.0/GNU-tools-for-STM32/bin/../lib/gcc/arm-none-eabi/14.3.1/thumb/v7e-m+fp/hard/crtbegin.o
 *(.init)
 .init          0x0800d344        0x4 C:/ST/STM32CubeCLT_1.21.0/GNU-tools-for-STM32/bin/../lib/gcc/arm-none-eabi/14.3.1/thumb/v7e-m+fp/hard/crti.o
                0x0800d344                _init
 .init          0x0800d348        0x8 C:/ST/STM32CubeCLT_1.21.0/GNU-tools-for-STM32/bin/../lib/gcc/arm-none-eabi/14.3.1/thumb/v7e-m+fp/hard/crtn.o
 *(.fini)
 .fini          0x0800d350        0x4 C:/ST/STM32CubeCLT_1.21.0/GNU-tools-for-STM32/bin/../lib/gcc/arm-none-eabi/14.3.1/thumb/v7e-m+fp/hard/crti.o
                0x0800d350                _fini
 .fini          0x0800d354        0x8 C:/ST/STM32CubeCLT_1.21.0/GNU-tools-for-STM32/bin/../lib/gcc/arm-none-eabi/14.3.1/thumb/v7e-m+fp/hard/crtn.o
                0x0800d35c                        . = ALIGN (0x4)
                0x0800d35c                        _etext = .

.vfp11_veneer   0x0800d35c        0x0
 .vfp11_veneer  0x0800d35c        0x0 linker stubs

.v4_bx          0x0800d35c        0x0
 .v4_bx         0x0800d35c        0x0 linker stubs

.iplt           0x0800d35c        0x0
 .iplt          0x0800d35c        0x0 C:/ST/STM32CubeCLT_1.21.0/GNU-tools-for-STM32/bin/../lib/gcc/arm-none-eabi/14.3.1/thumb/v7e-m+fp/hard/crtbegin.o

.rodata         0x0800d35c      0x480
                0x0800d35c                        . = ALIGN (0x4)
 *(.rodata)
 .rodata        0x0800d35c       0x15 CMakeFiles/M4_STEP.dir/Core/Src/fastrun.c.obj
 *fill*         0x0800d371        0x3 
 .rodata        0x0800d374        0xf CMakeFiles/M4_STEP.dir/Core/Src/menu.c.obj
 *fill*         0x0800d383        0x1 
 .rodata        0x0800d384       0x30 CMakeFiles/M4_STEP.dir/Core/Src/motor.c.obj
 .rodata        0x0800d3b4       0x3d CMakeFiles/M4_STEP.dir/Core/Src/search.c.obj
 *fill*         0x0800d3f1        0x3 
 .rodata        0x0800d3f4       0x91 CMakeFiles/M4_STEP.dir/Core/Src/sensor.c.obj
 *(.rodata*)
 *fill*         0x0800d485        0x3 
 .rodata.AHBPrescTable
                0x0800d488       0x10 cmake/stm32cubemx/CMakeFiles/STM32_Drivers.dir/__/__/Core/Src/system_stm32g4xx.c.obj
                0x0800d488                AHBPrescTable
 .rodata.APBPrescTable
                0x0800d498        0x8 cmake/stm32cubemx/CMakeFiles/STM32_Drivers.dir/__/__/Core/Src/system_stm32g4xx.c.obj
                0x0800d498                APBPrescTable
 .rodata.UARTPrescTable
                0x0800d4a0       0x18 cmake/stm32cubemx/CMakeFiles/STM32_Drivers.dir/__/__/Drivers/STM32G4xx_HAL_Driver/Src/stm32g4xx_hal_uart.c.obj
                0x0800d4a0                UARTPrescTable
 .rodata.numerator.1
                0x0800d4b8        0x8 cmake/stm32cubemx/CMakeFiles/STM32_Drivers.dir/__/__/Drivers/STM32G4xx_HAL_Driver/Src/stm32g4xx_hal_uart_ex.c.obj
 .rodata.denominator.0
                0x0800d4c0        0x8 cmake/stm32cubemx/CMakeFiles/STM32_Drivers.dir/__/__/Drivers/STM32G4xx_HAL_Driver/Src/stm32g4xx_hal_uart_ex.c.obj
 .rodata.font5x7
                0x0800d4c8      0x1db CMakeFiles/M4_STEP.dir/Core/Src/font5x7.c.obj
                0x0800d4c8                font5x7
 *fill*         0x0800d6a3        0x1 
 .rodata.scan_table
                0x0800d6a4       0xe0 CMakeFiles/M4_STEP.dir/Core/Src/sensor.c.obj
                0x0800d6a4                scan_table
 .rodata.state_table
                0x0800d784       0x24 CMakeFiles/M4_STEP.dir/Core/Src/sensor.c.obj
                0x0800d784                state_table
 .rodata._svfprintf_r.str1.1
                0x0800d7a8       0x33 C:/ST/STM32CubeCLT_1.21.0/GNU-tools-for-STM32/bin/../lib/gcc/arm-none-eabi/14.3.1/../../../../arm-none-eabi/lib/thumb/v7e-m+fp/hard\libg_nano.a(libc_a-nano-svfprintf.o)
                                 0x11 (size before relaxing)
 .rodata._printf_i.str1.1
                0x0800d7db       0x22 C:/ST/STM32CubeCLT_1.21.0/GNU-tools-for-STM32/bin/../lib/gcc/arm-none-eabi/14.3.1/../../../../arm-none-eabi/lib/thumb/v7e-m+fp/hard\libg_nano.a(libc_a-nano-vfprintf_i.o)
                0x0800d800                        . = ALIGN (0x4)
 *fill*         0x0800d7db        0x1 

.ARM.extab      0x0800d7dc        0x0
                0x0800d7dc                        . = ALIGN (0x4)
 *(.ARM.extab* .gnu.linkonce.armextab.*)
                0x0800d7dc                        . = ALIGN (0x4)

.ARM            0x0800d7dc        0x8
                0x0800d7dc                        . = ALIGN (0x4)
                0x0800d7dc                        __exidx_start = .
 *(.ARM.exidx*)
 .ARM.exidx     0x0800d7dc        0x8 C:/ST/STM32CubeCLT_1.21.0/GNU-tools-for-STM32/bin/../lib/gcc/arm-none-eabi/14.3.1/thumb/v7e-m+fp/hard\libgcc.a(_udivmoddi4.o)
 .ARM.exidx     0x0800d7e4        0x0 C:/ST/STM32CubeCLT_1.21.0/GNU-tools-for-STM32/bin/../lib/gcc/arm-none-eabi/14.3.1/../../../../arm-none-eabi/lib/thumb/v7e-m+fp/hard\libg_nano.a(libc_a-memchr.o)
                                  0x8 (size before relaxing)
                0x0800d7e4                        __exidx_end = .
                0x0800d7e4                        . = ALIGN (0x4)

.preinit_array  0x0800d7e4        0x0
                0x0800d7e4                        . = ALIGN (0x4)
                0x0800d7e4                        PROVIDE (__preinit_array_start = .)
 *(.preinit_array*)
                0x0800d7e4                        PROVIDE (__preinit_array_end = .)
                0x0800d7e4                        . = ALIGN (0x4)

.init_array     0x0800d7e4        0x4
                0x0800d7e4                        . = ALIGN (0x4)
                0x0800d7e4                        PROVIDE (__init_array_start = .)
 *(SORT_BY_NAME(.init_array.*))
 *(.init_array*)
 .init_array    0x0800d7e4        0x4 C:/ST/STM32CubeCLT_1.21.0/GNU-tools-for-STM32/bin/../lib/gcc/arm-none-eabi/14.3.1/thumb/v7e-m+fp/hard/crtbegin.o
                0x0800d7e8                        PROVIDE (__init_array_end = .)
                0x0800d7e8                        . = ALIGN (0x4)

.fini_array     0x0800d7e8        0x4
                0x0800d7e8                        . = ALIGN (0x4)
                [!provide]                        PROVIDE (__fini_array_start = .)
 *(SORT_BY_NAME(.fini_array.*))
 *(.fini_array*)
 .fini_array    0x0800d7e8        0x4 C:/ST/STM32CubeCLT_1.21.0/GNU-tools-for-STM32/bin/../lib/gcc/arm-none-eabi/14.3.1/thumb/v7e-m+fp/hard/crtbegin.o
                [!provide]                        PROVIDE (__fini_array_end = .)
                0x0800d7ec                        . = ALIGN (0x4)
                0x0800d7ec                        _sidata = LOADADDR (.data)

.rel.dyn        0x0800d7ec        0x0
 .rel.iplt      0x0800d7ec        0x0 C:/ST/STM32CubeCLT_1.21.0/GNU-tools-for-STM32/bin/../lib/gcc/arm-none-eabi/14.3.1/thumb/v7e-m+fp/hard/crtbegin.o

.data           0x20000000      0x198 load address 0x0800d7ec
                0x20000000                        . = ALIGN (0x4)
                0x20000000                        _sdata = .
 *(.data)
 *(.data*)
 .data.SystemCoreClock
                0x20000000        0x4 cmake/stm32cubemx/CMakeFiles/STM32_Drivers.dir/__/__/Core/Src/system_stm32g4xx.c.obj
                0x20000000                SystemCoreClock
 .data.uwTickPrio
                0x20000004        0x4 cmake/stm32cubemx/CMakeFiles/STM32_Drivers.dir/__/__/Drivers/STM32G4xx_HAL_Driver/Src/stm32g4xx_hal.c.obj
                0x20000004                uwTickPrio
 .data.uwTickFreq
                0x20000008        0x4 cmake/stm32cubemx/CMakeFiles/STM32_Drivers.dir/__/__/Drivers/STM32G4xx_HAL_Driver/Src/stm32g4xx_hal.c.obj
                0x20000008                uwTickFreq
 .data.g_oled_addr7
                0x2000000c        0x1 CMakeFiles/M4_STEP.dir/Core/Src/dfr0647.c.obj
 *fill*         0x2000000d        0x3 
 .data.menu_sel
                0x20000010       0xd8 CMakeFiles/M4_STEP.dir/Core/Src/menu.c.obj
                0x20000010                menu_sel
 .data.menu_functions
                0x200000e8       0x60 CMakeFiles/M4_STEP.dir/Core/Src/menu.c.obj
                0x200000e8                menu_functions
 .data._impure_ptr
                0x20000148        0x4 C:/ST/STM32CubeCLT_1.21.0/GNU-tools-for-STM32/bin/../lib/gcc/arm-none-eabi/14.3.1/../../../../arm-none-eabi/lib/thumb/v7e-m+fp/hard\libg_nano.a(libc_a-impure.o)
                0x20000148                _impure_ptr
 .data._impure_data
                0x2000014c       0x4c C:/ST/STM32CubeCLT_1.21.0/GNU-tools-for-STM32/bin/../lib/gcc/arm-none-eabi/14.3.1/../../../../arm-none-eabi/lib/thumb/v7e-m+fp/hard\libg_nano.a(libc_a-impure.o)
                0x2000014c                _impure_data
 *(.RamFunc)
 *(.RamFunc*)
                0x20000198                        . = ALIGN (0x4)

.igot.plt       0x20000198        0x0 load address 0x0800d984
 .igot.plt      0x20000198        0x0 C:/ST/STM32CubeCLT_1.21.0/GNU-tools-for-STM32/bin/../lib/gcc/arm-none-eabi/14.3.1/thumb/v7e-m+fp/hard/crtbegin.o

.tdata          0x20000198        0x0 load address 0x0800d984
 *(.tdata .tdata.* .gnu.linkonce.td.*)
                0x20000198                        . = ALIGN (0x4)
                0x20000198                        _edata = .
                [!provide]                        PROVIDE (__data_end = .)
                [!provide]                        PROVIDE (__tdata_end = .)
                [!provide]                        PROVIDE (__tdata_start = ADDR (.tdata))
                [!provide]                        PROVIDE (__tdata_size = (__tdata_end - __tdata_start))
                [!provide]                        PROVIDE (__data_start = ADDR (.data))
                [!provide]                        PROVIDE (__data_size = (__data_end - __data_start))
                [!provide]                        PROVIDE (__tdata_source = LOADADDR (.tdata))
                [!provide]                        PROVIDE (__tdata_source_end = (LOADADDR (.tdata) + SIZEOF (.tdata)))
                [!provide]                        PROVIDE (__tdata_source_size = (__tdata_source_end - __tdata_source))
                [!provide]                        PROVIDE (__data_source = LOADADDR (.data))
                [!provide]                        PROVIDE (__data_source_end = __tdata_source_end)
                [!provide]                        PROVIDE (__data_source_size = (__data_source_end - __data_source))

.tbss           0x20000198        0x0 load address 0x0800d984
                0x20000198                        _sbss = .
                0x20000198                        __bss_start__ = _sbss
 *(.tbss .tbss.*)
                0x20000198                        . = ALIGN (0x4)
                [!provide]                        PROVIDE (__tbss_end = .)
                [!provide]                        PROVIDE (__tbss_start = ADDR (.tbss))
                [!provide]                        PROVIDE (__tbss_size = (__tbss_end - __tbss_start))
                [!provide]                        PROVIDE (__tbss_offset = (ADDR (.tbss) - ADDR (.tdata)))
                [!provide]                        PROVIDE (__tls_base = __tdata_start)
                [!provide]                        PROVIDE (__tls_end = __tbss_end)
                [!provide]                        PROVIDE (__tls_size = (__tls_end - __tls_base))
                [!provide]                        PROVIDE (__tls_align = MAX (ALIGNOF (.tdata), ALIGNOF (.tbss)))
                [!provide]                        PROVIDE (__tls_size_align = (((__tls_size + __tls_align) - 0x1) & ~ ((__tls_align - 0x1))))
                [!provide]                        PROVIDE (__arm32_tls_tcb_offset = MAX (0x8, __tls_align))
                [!provide]                        PROVIDE (__arm64_tls_tcb_offset = MAX (0x10, __tls_align))

.bss            0x20000198     0x50d8 load address 0x0800d984
 *(.bss)
 .bss           0x20000198       0x1c C:/ST/STM32CubeCLT_1.21.0/GNU-tools-for-STM32/bin/../lib/gcc/arm-none-eabi/14.3.1/thumb/v7e-m+fp/hard/crtbegin.o
 *(.bss*)
 .bss.uwTick    0x200001b4        0x4 cmake/stm32cubemx/CMakeFiles/STM32_Drivers.dir/__/__/Drivers/STM32G4xx_HAL_Driver/Src/stm32g4xx_hal.c.obj
                0x200001b4                uwTick
 .bss.hadc1     0x200001b8       0x6c CMakeFiles/M4_STEP.dir/Core/Src/adc.c.obj
                0x200001b8                hadc1
 .bss.hadc2     0x20000224       0x6c CMakeFiles/M4_STEP.dir/Core/Src/adc.c.obj
                0x20000224                hadc2
 .bss.hadc3     0x20000290       0x6c CMakeFiles/M4_STEP.dir/Core/Src/adc.c.obj
                0x20000290                hadc3
 .bss.hadc4     0x200002fc       0x6c CMakeFiles/M4_STEP.dir/Core/Src/adc.c.obj
                0x200002fc                hadc4
 .bss.hadc5     0x20000368       0x6c CMakeFiles/M4_STEP.dir/Core/Src/adc.c.obj
                0x20000368                hadc5
 .bss.hdma_adc1
                0x200003d4       0x60 CMakeFiles/M4_STEP.dir/Core/Src/adc.c.obj
                0x200003d4                hdma_adc1
 .bss.hdma_adc2
                0x20000434       0x60 CMakeFiles/M4_STEP.dir/Core/Src/adc.c.obj
                0x20000434                hdma_adc2
 .bss.hdma_adc3
                0x20000494       0x60 CMakeFiles/M4_STEP.dir/Core/Src/adc.c.obj
                0x20000494                hdma_adc3
 .bss.hdma_adc4
                0x200004f4       0x60 CMakeFiles/M4_STEP.dir/Core/Src/adc.c.obj
                0x200004f4                hdma_adc4
 .bss.hdma_adc5
                0x20000554       0x60 CMakeFiles/M4_STEP.dir/Core/Src/adc.c.obj
                0x20000554                hdma_adc5
 .bss.HAL_RCC_ADC12_CLK_ENABLED
                0x200005b4        0x4 CMakeFiles/M4_STEP.dir/Core/Src/adc.c.obj
 .bss.HAL_RCC_ADC345_CLK_ENABLED
                0x200005b8        0x4 CMakeFiles/M4_STEP.dir/Core/Src/adc.c.obj
 .bss.hi2c2     0x200005bc       0x54 CMakeFiles/M4_STEP.dir/Core/Src/i2c.c.obj
                0x200005bc                hi2c2
 .bss.hspi1     0x20000610       0x64 CMakeFiles/M4_STEP.dir/Core/Src/spi.c.obj
                0x20000610                hspi1
 .bss.htim2     0x20000674       0x4c CMakeFiles/M4_STEP.dir/Core/Src/tim.c.obj
                0x20000674                htim2
 .bss.huart1    0x200006c0       0x94 CMakeFiles/M4_STEP.dir/Core/Src/usart.c.obj
                0x200006c0                huart1
 .bss.__sbrk_heap_end
                0x20000754        0x4 CMakeFiles/M4_STEP.dir/Core/Src/sysmem.c.obj
 .bss.fb        0x20000758      0x200 CMakeFiles/M4_STEP.dir/Core/Src/dfr0647.c.obj
 .bss.row       0x20000958        0x4 CMakeFiles/M4_STEP.dir/Core/Src/menu.c.obj
                0x20000958                row
 .bss.column    0x2000095c        0x4 CMakeFiles/M4_STEP.dir/Core/Src/menu.c.obj
                0x2000095c                column
 .bss.simulated_eeprom
                0x20000960     0x1000 CMakeFiles/M4_STEP.dir/Core/Src/rom.c.obj
 .bss.g_dma_done_flags
                0x20001960        0x1 CMakeFiles/M4_STEP.dir/Core/Src/sensor.c.obj
                0x20001960                g_dma_done_flags
 *fill*         0x20001961        0x3 
 .bss.g_adc_buf_hi
                0x20001964        0x4 CMakeFiles/M4_STEP.dir/Core/Src/sensor.c.obj
                0x20001964                g_adc_buf_hi
 .bss.g_adc_buf_lo
                0x20001968        0x4 CMakeFiles/M4_STEP.dir/Core/Src/sensor.c.obj
                0x20001968                g_adc_buf_lo
 .bss.g_scan_step
                0x2000196c        0x1 CMakeFiles/M4_STEP.dir/Core/Src/sensor.c.obj
                0x2000196c                g_scan_step
 *fill*         0x2000196d        0x3 
 .bss.g_sen     0x20001970      0x1c0 CMakeFiles/M4_STEP.dir/Core/Src/viper_global.c.obj
                0x20001970                g_sen
 .bss.search_info
                0x20001b30     0x3400 CMakeFiles/M4_STEP.dir/Core/Src/viper_global.c.obj
                0x20001b30                search_info
 .bss.g_pos     0x20004f30       0x18 CMakeFiles/M4_STEP.dir/Core/Src/viper_global.c.obj
                0x20004f30                g_pos
 .bss.g_shift   0x20004f48        0x4 CMakeFiles/M4_STEP.dir/Core/Src/viper_global.c.obj
                0x20004f48                g_shift
 .bss.g_lmark   0x20004f4c       0x1c CMakeFiles/M4_STEP.dir/Core/Src/viper_global.c.obj
                0x20004f4c                g_lmark
 .bss.g_rmark   0x20004f68       0x1c CMakeFiles/M4_STEP.dir/Core/Src/viper_global.c.obj
                0x20004f68                g_rmark
 .bss.LMotor    0x20004f84       0x5c CMakeFiles/M4_STEP.dir/Core/Src/viper_global.c.obj
                0x20004f84                LMotor
 .bss.RMotor    0x20004fe0       0x5c CMakeFiles/M4_STEP.dir/Core/Src/viper_global.c.obj
                0x20004fe0                RMotor
 .bss.g_motor   0x2000503c       0x5c CMakeFiles/M4_STEP.dir/Core/Src/viper_global.c.obj
                0x2000503c                g_motor
 .bss.g_Flag    0x20005098        0x2 CMakeFiles/M4_STEP.dir/Core/Src/viper_global.c.obj
                0x20005098                g_Flag
 *fill*         0x2000509a        0x2 
 .bss.a         0x2000509c        0x4 CMakeFiles/M4_STEP.dir/Core/Src/viper_global.c.obj
                0x2000509c                a
 .bss.b         0x200050a0        0x4 CMakeFiles/M4_STEP.dir/Core/Src/viper_global.c.obj
                0x200050a0                b
 .bss.d         0x200050a4        0x4 CMakeFiles/M4_STEP.dir/Core/Src/viper_global.c.obj
                0x200050a4                d
 .bss.cnt       0x200050a8        0x4 CMakeFiles/M4_STEP.dir/Core/Src/viper_global.c.obj
                0x200050a8                cnt
 *fill*         0x200050ac        0x4 
 .bss.c         0x200050b0        0x8 CMakeFiles/M4_STEP.dir/Core/Src/viper_global.c.obj
                0x200050b0                c
 .bss.g_fp32time
                0x200050b8        0x4 CMakeFiles/M4_STEP.dir/Core/Src/viper_global.c.obj
                0x200050b8                g_fp32time
 .bss.g_q15cross_dist
                0x200050bc        0x4 CMakeFiles/M4_STEP.dir/Core/Src/viper_global.c.obj
                0x200050bc                g_q15cross_dist
 .bss.g_q17_handle_dec
                0x200050c0        0x4 CMakeFiles/M4_STEP.dir/Core/Src/viper_global.c.obj
                0x200050c0                g_q17_handle_dec
 .bss.g_q17_handle_acc
                0x200050c4        0x4 CMakeFiles/M4_STEP.dir/Core/Src/viper_global.c.obj
                0x200050c4                g_q17_handle_acc
 .bss.g_q17user_vel
                0x200050c8        0x4 CMakeFiles/M4_STEP.dir/Core/Src/viper_global.c.obj
                0x200050c8                g_q17user_vel
 .bss.g_int32_lineout_cnt
                0x200050cc        0x4 CMakeFiles/M4_STEP.dir/Core/Src/viper_global.c.obj
                0x200050cc                g_int32_lineout_cnt
 .bss.g_u32_ACC_targetval
                0x200050d0        0x4 CMakeFiles/M4_STEP.dir/Core/Src/viper_global.c.obj
                0x200050d0                g_u32_ACC_targetval
 .bss.g_u32_VEL_targetval
                0x200050d4        0x4 CMakeFiles/M4_STEP.dir/Core/Src/viper_global.c.obj
                0x200050d4                g_u32_VEL_targetval
 .bss.g_u32_END_ACC_targetval
                0x200050d8        0x4 CMakeFiles/M4_STEP.dir/Core/Src/viper_global.c.obj
                0x200050d8                g_u32_END_ACC_targetval
 .bss.g_u32_END_VEL_targetval
                0x200050dc        0x4 CMakeFiles/M4_STEP.dir/Core/Src/viper_global.c.obj
                0x200050dc                g_u32_END_VEL_targetval
 .bss.g_u32_R_index
                0x200050e0        0x4 CMakeFiles/M4_STEP.dir/Core/Src/viper_global.c.obj
                0x200050e0                g_u32_R_index
 .bss.g_u32_L_index
                0x200050e4        0x4 CMakeFiles/M4_STEP.dir/Core/Src/viper_global.c.obj
                0x200050e4                g_u32_L_index
 .bss.g_int32total_cnt
                0x200050e8        0x4 CMakeFiles/M4_STEP.dir/Core/Src/viper_global.c.obj
                0x200050e8                g_int32total_cnt
 .bss.g_int32_isr_cnt
                0x200050ec        0x4 CMakeFiles/M4_STEP.dir/Core/Src/viper_global.c.obj
                0x200050ec                g_int32_isr_cnt
 .bss.g_i32_Time_index
                0x200050f0        0x4 CMakeFiles/M4_STEP.dir/Core/Src/viper_global.c.obj
                0x200050f0                g_i32_Time_index
 .bss.g_int32turn_45_VEL
                0x200050f4        0x4 CMakeFiles/M4_STEP.dir/Core/Src/viper_global.c.obj
                0x200050f4                g_int32turn_45_VEL
 .bss.g_int32turn_90_VEL
                0x200050f8        0x4 CMakeFiles/M4_STEP.dir/Core/Src/viper_global.c.obj
                0x200050f8                g_int32turn_90_VEL
 .bss.g_int32turn_180_VEL
                0x200050fc        0x4 CMakeFiles/M4_STEP.dir/Core/Src/viper_global.c.obj
                0x200050fc                g_int32turn_180_VEL
 .bss.g_int32turn_270_VEL
                0x20005100        0x4 CMakeFiles/M4_STEP.dir/Core/Src/viper_global.c.obj
                0x20005100                g_int32turn_270_VEL
 .bss.g_int32turn_LARGE_VEL
                0x20005104        0x4 CMakeFiles/M4_STEP.dir/Core/Src/viper_global.c.obj
                0x20005104                g_int32turn_LARGE_VEL
 .bss.g_int32long_ACC
                0x20005108        0x4 CMakeFiles/M4_STEP.dir/Core/Src/viper_global.c.obj
                0x20005108                g_int32long_ACC
 .bss.g_int32mid_ACC
                0x2000510c        0x4 CMakeFiles/M4_STEP.dir/Core/Src/viper_global.c.obj
                0x2000510c                g_int32mid_ACC
 .bss.g_int32short_ACC
                0x20005110        0x4 CMakeFiles/M4_STEP.dir/Core/Src/viper_global.c.obj
                0x20005110                g_int32short_ACC
 .bss.g_int32speed_up_cnt
                0x20005114        0x4 CMakeFiles/M4_STEP.dir/Core/Src/viper_global.c.obj
                0x20005114                g_int32speed_up_cnt
 .bss.g_int32large_ACC
                0x20005118        0x4 CMakeFiles/M4_STEP.dir/Core/Src/viper_global.c.obj
                0x20005118                g_int32large_ACC
 .bss.U16_turnmark_cnt
                0x2000511c        0x2 CMakeFiles/M4_STEP.dir/Core/Src/viper_global.c.obj
                0x2000511c                U16_turnmark_cnt
 .bss.i         0x2000511e        0x2 CMakeFiles/M4_STEP.dir/Core/Src/viper_global.c.obj
                0x2000511e                i
 .bss.g_u16pos_cnt
                0x20005120        0x2 CMakeFiles/M4_STEP.dir/Core/Src/viper_global.c.obj
                0x20005120                g_u16pos_cnt
 .bss.g_u16turn_dist
                0x20005122        0x2 CMakeFiles/M4_STEP.dir/Core/Src/viper_global.c.obj
                0x20005122                g_u16turn_dist
 .bss.g_i16_handle_acc
                0x20005124        0x2 CMakeFiles/M4_STEP.dir/Core/Src/viper_global.c.obj
                0x20005124                g_i16_handle_acc
 .bss.g_i16_handle_dec
                0x20005126        0x2 CMakeFiles/M4_STEP.dir/Core/Src/viper_global.c.obj
                0x20005126                g_i16_handle_dec
 .bss.__sf      0x20005128      0x138 C:/ST/STM32CubeCLT_1.21.0/GNU-tools-for-STM32/bin/../lib/gcc/arm-none-eabi/14.3.1/../../../../arm-none-eabi/lib/thumb/v7e-m+fp/hard\libg_nano.a(libc_a-findfp.o)
                0x20005128                __sf
 .bss.errno     0x20005260        0x4 C:/ST/STM32CubeCLT_1.21.0/GNU-tools-for-STM32/bin/../lib/gcc/arm-none-eabi/14.3.1/../../../../arm-none-eabi/lib/thumb/v7e-m+fp/hard\libg_nano.a(libc_a-reent.o)
                0x20005260                errno
 .bss.__lock___malloc_recursive_mutex
                0x20005264        0x1 C:/ST/STM32CubeCLT_1.21.0/GNU-tools-for-STM32/bin/../lib/gcc/arm-none-eabi/14.3.1/../../../../arm-none-eabi/lib/thumb/v7e-m+fp/hard\libg_nano.a(libc_a-lock.o)
                0x20005264                __lock___malloc_recursive_mutex
 *fill*         0x20005265        0x3 
 .bss.__malloc_sbrk_start
                0x20005268        0x4 C:/ST/STM32CubeCLT_1.21.0/GNU-tools-for-STM32/bin/../lib/gcc/arm-none-eabi/14.3.1/../../../../arm-none-eabi/lib/thumb/v7e-m+fp/hard\libg_nano.a(libc_a-mallocr.o)
                0x20005268                __malloc_sbrk_start
 .bss.__malloc_free_list
                0x2000526c        0x4 C:/ST/STM32CubeCLT_1.21.0/GNU-tools-for-STM32/bin/../lib/gcc/arm-none-eabi/14.3.1/../../../../arm-none-eabi/lib/thumb/v7e-m+fp/hard\libg_nano.a(libc_a-mallocr.o)
                0x2000526c                __malloc_free_list
 *(COMMON)
                0x20005270                        . = ALIGN (0x4)
                0x20005270                        _ebss = .
                0x20005270                        __bss_end__ = _ebss
                [!provide]                        PROVIDE (__bss_end = .)
                [!provide]                        PROVIDE (__non_tls_bss_start = ADDR (.bss))
                [!provide]                        PROVIDE (__bss_start = __tbss_start)
                [!provide]                        PROVIDE (__bss_size = (__bss_end - __bss_start))

._user_heap_stack
                0x20005270      0x600 load address 0x0800d984
                0x20005270                        . = ALIGN (0x8)
                [!provide]                        PROVIDE (end = .)
                0x20005270                        PROVIDE (_end = .)
                0x20005470                        . = (. + _Min_Heap_Size)
 *fill*         0x20005270      0x200 
                0x20005870                        . = (. + _Min_Stack_Size)
 *fill*         0x20005470      0x400 
                0x20005870                        . = ALIGN (0x8)

/DISCARD/
 libc.a:*(*)
 libm.a:*(*)
 libgcc.a:*(*)
OUTPUT(M4_STEP.elf elf32-littlearm)
LOAD linker stubs

.ARM.attributes
                0x00000000       0x30
 .ARM.attributes
                0x00000000       0x22 C:/ST/STM32CubeCLT_1.21.0/GNU-tools-for-STM32/bin/../lib/gcc/arm-none-eabi/14.3.1/thumb/v7e-m+fp/hard/crti.o
 .ARM.attributes
                0x00000022       0x34 C:/ST/STM32CubeCLT_1.21.0/GNU-tools-for-STM32/bin/../lib/gcc/arm-none-eabi/14.3.1/thumb/v7e-m+fp/hard/crtbegin.o
 .ARM.attributes
                0x00000056       0x34 cmake/stm32cubemx/CMakeFiles/STM32_Drivers.dir/__/__/Core/Src/system_stm32g4xx.c.obj
 .ARM.attributes
                0x0000008a       0x34 cmake/stm32cubemx/CMakeFiles/STM32_Drivers.dir/__/__/Drivers/STM32G4xx_HAL_Driver/Src/stm32g4xx_hal_adc.c.obj
 .ARM.attributes
                0x000000be       0x34 cmake/stm32cubemx/CMakeFiles/STM32_Drivers.dir/__/__/Drivers/STM32G4xx_HAL_Driver/Src/stm32g4xx_hal_adc_ex.c.obj
 .ARM.attributes
                0x000000f2       0x34 cmake/stm32cubemx/CMakeFiles/STM32_Drivers.dir/__/__/Drivers/STM32G4xx_HAL_Driver/Src/stm32g4xx_hal.c.obj
 .ARM.attributes
                0x00000126       0x34 cmake/stm32cubemx/CMakeFiles/STM32_Drivers.dir/__/__/Drivers/STM32G4xx_HAL_Driver/Src/stm32g4xx_hal_rcc.c.obj
 .ARM.attributes
                0x0000015a       0x34 cmake/stm32cubemx/CMakeFiles/STM32_Drivers.dir/__/__/Drivers/STM32G4xx_HAL_Driver/Src/stm32g4xx_hal_rcc_ex.c.obj
 .ARM.attributes