Archive member included to satisfy reference by file (symbol)

C:/ST/STM32CubeCLT_1.21.0/GNU-tools-for-STM32/bin/../lib/gcc/arm-none-eabi/14.3.1/../../../../arm-none-eabi/lib/thumb/v7e-m+fp/hard\libm.a(libm_a-wf_sqrt.o)
                              CMakeFiles/M4_STEP.dir/Core/Src/fastrun.c.obj (sqrtf)
C:/ST/STM32CubeCLT_1.21.0/GNU-tools-for-STM32/bin/../lib/gcc/arm-none-eabi/14.3.1/../../../../arm-none-eabi/lib/thumb/v7e-m+fp/hard\libm.a(libm_a-ef_sqrt.o)
                              C:/ST/STM32CubeCLT_1.21.0/GNU-tools-for-STM32/bin/../lib/gcc/arm-none-eabi/14.3.1/../../../../arm-none-eabi/lib/thumb/v7e-m+fp/hard\libm.a(libm_a-wf_sqrt.o) (__ieee754_sqrtf)
C:/ST/STM32CubeCLT_1.21.0/GNU-tools-for-STM32/bin/../lib/gcc/arm-none-eabi/14.3.1/thumb/v7e-m+fp/hard\libgcc.a(_arm_addsubdf3.o)
                              CMakeFiles/M4_STEP.dir/Core/Src/search.c.obj (__aeabi_f2d)
C:/ST/STM32CubeCLT_1.21.0/GNU-tools-for-STM32/bin/../lib/gcc/arm-none-eabi/14.3.1/thumb/v7e-m+fp/hard\libgcc.a(_arm_fixdfsi.o)
                              CMakeFiles/M4_STEP.dir/Core/Src/global.c.obj (__aeabi_d2iz)
C:/ST/STM32CubeCLT_1.21.0/GNU-tools-for-STM32/bin/../lib/gcc/arm-none-eabi/14.3.1/../../../../arm-none-eabi/lib/thumb/v7e-m+fp/hard\libg_nano.a(libc_a-exit.o)
                              C:/ST/STM32CubeCLT_1.21.0/GNU-tools-for-STM32/bin/../lib/gcc/arm-none-eabi/14.3.1/../../../../arm-none-eabi/lib/thumb/v7e-m+fp/hard/crt0.o (exit)
C:/ST/STM32CubeCLT_1.21.0/GNU-tools-for-STM32/bin/../lib/gcc/arm-none-eabi/14.3.1/../../../../arm-none-eabi/lib/thumb/v7e-m+fp/hard\libg_nano.a(libc_a-findfp.o)
                              C:/ST/STM32CubeCLT_1.21.0/GNU-tools-for-STM32/bin/../lib/gcc/arm-none-eabi/14.3.1/../../../../arm-none-eabi/lib/thumb/v7e-m+fp/hard\libg_nano.a(libc_a-exit.o) (__stdio_exit_handler)
C:/ST/STM32CubeCLT_1.21.0/GNU-tools-for-STM32/bin/../lib/gcc/arm-none-eabi/14.3.1/../../../../arm-none-eabi/lib/thumb/v7e-m+fp/hard\libg_nano.a(libc_a-fwalk.o)
                              C:/ST/STM32CubeCLT_1.21.0/GNU-tools-for-STM32/bin/../lib/gcc/arm-none-eabi/14.3.1/../../../../arm-none-eabi/lib/thumb/v7e-m+fp/hard\libg_nano.a(libc_a-findfp.o) (_fwalk_sglue)
C:/ST/STM32CubeCLT_1.21.0/GNU-tools-for-STM32/bin/../lib/gcc/arm-none-eabi/14.3.1/../../../../arm-none-eabi/lib/thumb/v7e-m+fp/hard\libg_nano.a(libc_a-snprintf.o)
                              CMakeFiles/M4_STEP.dir/Core/Src/menu.c.obj (snprintf)
C:/ST/STM32CubeCLT_1.21.0/GNU-tools-for-STM32/bin/../lib/gcc/arm-none-eabi/14.3.1/../../../../arm-none-eabi/lib/thumb/v7e-m+fp/hard\libg_nano.a(libc_a-stdio.o)
                              C:/ST/STM32CubeCLT_1.21.0/GNU-tools-for-STM32/bin/../lib/gcc/arm-none-eabi/14.3.1/../../../../arm-none-eabi/lib/thumb/v7e-m+fp/hard\libg_nano.a(libc_a-findfp.o) (__sread)
C:/ST/STM32CubeCLT_1.21.0/GNU-tools-for-STM32/bin/../lib/gcc/arm-none-eabi/14.3.1/../../../../arm-none-eabi/lib/thumb/v7e-m+fp/hard\libg_nano.a(libc_a-vsnprintf.o)
                              CMakeFiles/M4_STEP.dir/Core/Src/oled.c.obj (vsnprintf)
C:/ST/STM32CubeCLT_1.21.0/GNU-tools-for-STM32/bin/../lib/gcc/arm-none-eabi/14.3.1/../../../../arm-none-eabi/lib/thumb/v7e-m+fp/hard\libg_nano.a(libc_a-memset.o)
                              C:/ST/STM32CubeCLT_1.21.0/GNU-tools-for-STM32/bin/../lib/gcc/arm-none-eabi/14.3.1/../../../../arm-none-eabi/lib/thumb/v7e-m+fp/hard/crt0.o (memset)
C:/ST/STM32CubeCLT_1.21.0/GNU-tools-for-STM32/bin/../lib/gcc/arm-none-eabi/14.3.1/../../../../arm-none-eabi/lib/thumb/v7e-m+fp/hard\libg_nano.a(libc_a-closer.o)
                              C:/ST/STM32CubeCLT_1.21.0/GNU-tools-for-STM32/bin/../lib/gcc/arm-none-eabi/14.3.1/../../../../arm-none-eabi/lib/thumb/v7e-m+fp/hard\libg_nano.a(libc_a-stdio.o) (_close_r)
C:/ST/STM32CubeCLT_1.21.0/GNU-tools-for-STM32/bin/../lib/gcc/arm-none-eabi/14.3.1/../../../../arm-none-eabi/lib/thumb/v7e-m+fp/hard\libg_nano.a(libc_a-reent.o)
                              C:/ST/STM32CubeCLT_1.21.0/GNU-tools-for-STM32/bin/../lib/gcc/arm-none-eabi/14.3.1/../../../../arm-none-eabi/lib/thumb/v7e-m+fp/hard\libg_nano.a(libc_a-closer.o) (errno)
C:/ST/STM32CubeCLT_1.21.0/GNU-tools-for-STM32/bin/../lib/gcc/arm-none-eabi/14.3.1/../../../../arm-none-eabi/lib/thumb/v7e-m+fp/hard\libg_nano.a(libc_a-impure.o)
                              C:/ST/STM32CubeCLT_1.21.0/GNU-tools-for-STM32/bin/../lib/gcc/arm-none-eabi/14.3.1/../../../../arm-none-eabi/lib/thumb/v7e-m+fp/hard\libg_nano.a(libc_a-snprintf.o) (_impure_ptr)
C:/ST/STM32CubeCLT_1.21.0/GNU-tools-for-STM32/bin/../lib/gcc/arm-none-eabi/14.3.1/../../../../arm-none-eabi/lib/thumb/v7e-m+fp/hard\libg_nano.a(libc_a-lseekr.o)
                              C:/ST/STM32CubeCLT_1.21.0/GNU-tools-for-STM32/bin/../lib/gcc/arm-none-eabi/14.3.1/../../../../arm-none-eabi/lib/thumb/v7e-m+fp/hard\libg_nano.a(libc_a-stdio.o) (_lseek_r)
C:/ST/STM32CubeCLT_1.21.0/GNU-tools-for-STM32/bin/../lib/gcc/arm-none-eabi/14.3.1/../../../../arm-none-eabi/lib/thumb/v7e-m+fp/hard\libg_nano.a(libc_a-readr.o)
[...]
Memory Configuration

Name             Origin             Length             Attributes
RAM              0x20000000         0x00020000         xrw
FLASH            0x08000000         0x00080000         xr
*default*        0x00000000         0xffffffff

Linker script and memory map

LOAD C:/ST/STM32CubeCLT_1.21.0/GNU-tools-for-STM32/bin/../lib/gcc/arm-none-eabi/14.3.1/thumb/v7e-m+fp/hard/crti.o
LOAD C:/ST/STM32CubeCLT_1.21.0/GNU-tools-for-STM32/bin/../lib/gcc/arm-none-eabi/14.3.1/thumb/v7e-m+fp/hard/crtbegin.o
LOAD C:/ST/STM32CubeCLT_1.21.0/GNU-tools-for-STM32/bin/../lib/gcc/arm-none-eabi/14.3.1/../../../../arm-none-eabi/lib/thumb/v7e-m+fp/hard/crt0.o
LOAD cmake/stm32cubemx/CMakeFiles/STM32_Drivers.dir/__/__/Core/Src/system_stm32g4xx.c.obj
LOAD cmake/stm32cubemx/CMakeFiles/STM32_Drivers.dir/__/__/Drivers/STM32G4xx_HAL_Driver/Src/stm32g4xx_ll_utils.c.obj
LOAD cmake/stm32cubemx/CMakeFiles/STM32_Drivers.dir/__/__/Drivers/STM32G4xx_HAL_Driver/Src/stm32g4xx_ll_exti.c.obj
LOAD cmake/stm32cubemx/CMakeFiles/STM32_Drivers.dir/__/__/Drivers/STM32G4xx_HAL_Driver/Src/stm32g4xx_ll_gpio.c.obj
LOAD cmake/stm32cubemx/CMakeFiles/STM32_Drivers.dir/__/__/Drivers/STM32G4xx_HAL_Driver/Src/stm32g4xx_ll_adc.c.obj
LOAD cmake/stm32cubemx/CMakeFiles/STM32_Drivers.dir/__/__/Drivers/STM32G4xx_HAL_Driver/Src/stm32g4xx_ll_dma.c.obj
LOAD cmake/stm32cubemx/CMakeFiles/STM32_Drivers.dir/__/__/Drivers/STM32G4xx_HAL_Driver/Src/stm32g4xx_ll_rcc.c.obj
LOAD cmake/stm32cubemx/CMakeFiles/STM32_Drivers.dir/__/__/Drivers/STM32G4xx_HAL_Driver/Src/stm32g4xx_ll_pwr.c.obj
LOAD cmake/stm32cubemx/CMakeFiles/STM32_Drivers.dir/__/__/Drivers/STM32G4xx_HAL_Driver/Src/stm32g4xx_ll_i2c.c.obj
LOAD cmake/stm32cubemx/CMakeFiles/STM32_Drivers.dir/__/__/Drivers/STM32G4xx_HAL_Driver/Src/stm32g4xx_ll_spi.c.obj
LOAD cmake/stm32cubemx/CMakeFiles/STM32_Drivers.dir/__/__/Drivers/STM32G4xx_HAL_Driver/Src/stm32g4xx_ll_tim.c.obj
LOAD cmake/stm32cubemx/CMakeFiles/STM32_Drivers.dir/__/__/Drivers/STM32G4xx_HAL_Driver/Src/stm32g4xx_ll_usart.c.obj
LOAD CMakeFiles/M4_STEP.dir/Core/Src/main.c.obj
LOAD CMakeFiles/M4_STEP.dir/Core/Src/gpio.c.obj
LOAD CMakeFiles/M4_STEP.dir/Core/Src/adc.c.obj
LOAD CMakeFiles/M4_STEP.dir/Core/Src/dma.c.obj
LOAD CMakeFiles/M4_STEP.dir/Core/Src/i2c.c.obj
LOAD CMakeFiles/M4_STEP.dir/Core/Src/spi.c.obj
LOAD CMakeFiles/M4_STEP.dir/Core/Src/tim.c.obj
LOAD CMakeFiles/M4_STEP.dir/Core/Src/usart.c.obj
LOAD CMakeFiles/M4_STEP.dir/Core/Src/stm32g4xx_it.c.obj
LOAD CMakeFiles/M4_STEP.dir/Core/Src/sysmem.c.obj
LOAD CMakeFiles/M4_STEP.dir/Core/Src/syscalls.c.obj
LOAD CMakeFiles/M4_STEP.dir/startup_stm32g474xx.s.obj
LOAD CMakeFiles/M4_STEP.dir/Core/Src/fastrun.c.obj
LOAD CMakeFiles/M4_STEP.dir/Core/Src/menu.c.obj
LOAD CMakeFiles/M4_STEP.dir/Core/Src/motor.c.obj
LOAD CMakeFiles/M4_STEP.dir/Core/Src/oled.c.obj
LOAD CMakeFiles/M4_STEP.dir/Core/Src/rom.c.obj
LOAD CMakeFiles/M4_STEP.dir/Core/Src/search.c.obj
LOAD CMakeFiles/M4_STEP.dir/Core/Src/sensor.c.obj
LOAD CMakeFiles/M4_STEP.dir/Core/Src/global.c.obj
LOAD C:/ST/STM32CubeCLT_1.21.0/GNU-tools-for-STM32/bin/../lib/gcc/arm-none-eabi/14.3.1/../../../../arm-none-eabi/lib/thumb/v7e-m+fp/hard\libm.a
START GROUP
LOAD C:/ST/STM32CubeCLT_1.21.0/GNU-tools-for-STM32/bin/../lib/gcc/arm-none-eabi/14.3.1/thumb/v7e-m+fp/hard\libgcc.a
LOAD C:/ST/STM32CubeCLT_1.21.0/GNU-tools-for-STM32/bin/../lib/gcc/arm-none-eabi/14.3.1/../../../../arm-none-eabi/lib/thumb/v7e-m+fp/hard\libg_nano.a
LOAD C:/ST/STM32CubeCLT_1.21.0/GNU-tools-for-STM32/bin/../lib/gcc/arm-none-eabi/14.3.1/../../../../arm-none-eabi/lib/thumb/v7e-m+fp/hard\libc_nano.a
END GROUP
START GROUP
LOAD C:/ST/STM32CubeCLT_1.21.0/GNU-tools-for-STM32/bin/../lib/gcc/arm-none-eabi/14.3.1/thumb/v7e-m+fp/hard\libgcc.a
LOAD C:/ST/STM32CubeCLT_1.21.0/GNU-tools-for-STM32/bin/../lib/gcc/arm-none-eabi/14.3.1/../../../../arm-none-eabi/lib/thumb/v7e-m+fp/hard\libc_nano.a
END GROUP
LOAD C:/ST/STM32CubeCLT_1.21.0/GNU-tools-for-STM32/bin/../lib/gcc/arm-none-eabi/14.3.1/thumb/v7e-m+fp/hard/crtend.o
LOAD C:/ST/STM32CubeCLT_1.21.0/GNU-tools-for-STM32/bin/../lib/gcc/arm-none-eabi/14.3.1/thumb/v7e-m+fp/hard/crtn.o
                0x20020000                        _estack = (ORIGIN (RAM) + LENGTH (RAM))
                0x2001fc00                        _sstack = (_estack - _Min_Stack_Size)
                0x00000200                        _Min_Heap_Size = 0x200
                0x00000400                        _Min_Stack_Size = 0x400

.isr_vector     0x08000000      0x1d8
                0x08000000                        . = ALIGN (0x4)
 *(.isr_vector)
 .isr_vector    0x08000000      0x1d8 CMakeFiles/M4_STEP.dir/startup_stm32g474xx.s.obj
                0x08000000                g_pfnVectors
                0x080001d8                        . = ALIGN (0x4)

.text           0x080001e0     0xade8
                0x080001e0                        . = ALIGN (0x4)
 *(.text)
 .text          0x080001e0       0x40 C:/ST/STM32CubeCLT_1.21.0/GNU-tools-for-STM32/bin/../lib/gcc/arm-none-eabi/14.3.1/thumb/v7e-m+fp/hard/crtbegin.o
 .text          0x08000220      0x378 C:/ST/STM32CubeCLT_1.21.0/GNU-tools-for-STM32/bin/../lib/gcc/arm-none-eabi/14.3.1/thumb/v7e-m+fp/hard\libgcc.a(_arm_addsubdf3.o)
                0x08000220                __aeabi_drsub
                0x08000228                __aeabi_dsub
                0x08000228                __subdf3
                0x0800022c                __aeabi_dadd
                0x0800022c                __adddf3
                0x080004a4                __floatunsidf
                0x080004a4                __aeabi_ui2d
                0x080004c4                __floatsidf
                0x080004c4                __aeabi_i2d
                0x080004e8                __aeabi_f2d
                0x080004e8                __extendsfdf2
                0x0800052c                __floatundidf
                0x0800052c                __aeabi_ul2d
                0x0800053c                __floatdidf
                0x0800053c                __aeabi_l2d
 .text          0x08000598       0x50 C:/ST/STM32CubeCLT_1.21.0/GNU-tools-for-STM32/bin/../lib/gcc/arm-none-eabi/14.3.1/thumb/v7e-m+fp/hard\libgcc.a(_arm_fixdfsi.o)
                0x08000598                __aeabi_d2iz
                0x08000598                __fixdfsi
 .text          0x080005e8       0x10 C:/ST/STM32CubeCLT_1.21.0/GNU-tools-for-STM32/bin/../lib/gcc/arm-none-eabi/14.3.1/../../../../arm-none-eabi/lib/thumb/v7e-m+fp/hard\libg_nano.a(libc_a-strlen.o)
                0x080005e8                strlen
 *fill*         0x080005f8        0x8 
 .text          0x08000600       0xa0 C:/ST/STM32CubeCLT_1.21.0/GNU-tools-for-STM32/bin/../lib/gcc/arm-none-eabi/14.3.1/../../../../arm-none-eabi/lib/thumb/v7e-m+fp/hard\libg_nano.a(libc_a-memchr.o)
                0x08000600                memchr
 *(.text*)
 .text.SystemInit
                0x080006a0       0x24 cmake/stm32cubemx/CMakeFiles/STM32_Drivers.dir/__/__/Core/Src/system_stm32g4xx.c.obj
                0x080006a0                SystemInit
 .text.LL_InitTick
                0x080006c4       0x34 cmake/stm32cubemx/CMakeFiles/STM32_Drivers.dir/__/__/Drivers/STM32G4xx_HAL_Driver/Src/stm32g4xx_ll_utils.c.obj
 .text.LL_Init1msTick
                0x080006f8       0x1a cmake/stm32cubemx/CMakeFiles/STM32_Drivers.dir/__/__/Drivers/STM32G4xx_HAL_Driver/Src/stm32g4xx_ll_utils.c.obj
                0x080006f8                LL_Init1msTick
 *fill*         0x08000712        0x2 
 .text.LL_mDelay
                0x08000714       0x50 cmake/stm32cubemx/CMakeFiles/STM32_Drivers.dir/__/__/Drivers/STM32G4xx_HAL_Driver/Src/stm32g4xx_ll_utils.c.obj
                0x08000714                LL_mDelay
 .text.LL_SetSystemCoreClock
                0x08000764       0x20 cmake/stm32cubemx/CMakeFiles/STM32_Drivers.dir/__/__/Drivers/STM32G4xx_HAL_Driver/Src/stm32g4xx_ll_utils.c.obj
                0x08000764                LL_SetSystemCoreClock
 .text.LL_GPIO_SetPinMode
                0x08000784       0x7a cmake/stm32cubemx/CMakeFiles/STM32_Drivers.dir/__/__/Drivers/STM32G4xx_HAL_Driver/Src/stm32g4xx_ll_gpio.c.obj
 .text.LL_GPIO_SetPinOutputType
                0x080007fe       0x30 cmake/stm32cubemx/CMakeFiles/STM32_Drivers.dir/__/__/Drivers/STM32G4xx_HAL_Driver/Src/stm32g4xx_ll_gpio.c.obj
 .text.LL_GPIO_SetPinSpeed
                0x0800082e       0x7a cmake/stm32cubemx/CMakeFiles/STM32_Drivers.dir/__/__/Drivers/STM32G4xx_HAL_Driver/Src/stm32g4xx_ll_gpio.c.obj
 .text.LL_GPIO_SetPinPull
                0x080008a8       0x7a cmake/stm32cubemx/CMakeFiles/STM32_Drivers.dir/__/__/Drivers/STM32G4xx_HAL_Driver/Src/stm32g4xx_ll_gpio.c.obj
 .text.LL_GPIO_SetAFPin_0_7
                0x08000922       0x7a cmake/stm32cubemx/CMakeFiles/STM32_Drivers.dir/__/__/Drivers/STM32G4xx_HAL_Driver/Src/stm32g4xx_ll_gpio.c.obj
 .text.LL_GPIO_SetAFPin_8_15
                0x0800099c       0x7e cmake/stm32cubemx/CMakeFiles/STM32_Drivers.dir/__/__/Drivers/STM32G4xx_HAL_Driver/Src/stm32g4xx_ll_gpio.c.obj
 .text.LL_GPIO_Init
                0x08000a1a       0xdc cmake/stm32cubemx/CMakeFiles/STM32_Drivers.dir/__/__/Drivers/STM32G4xx_HAL_Driver/Src/stm32g4xx_ll_gpio.c.obj
                0x08000a1a                LL_GPIO_Init
 .text.LL_ADC_REG_SetSequencerLength
                0x08000af6       0x26 cmake/stm32cubemx/CMakeFiles/STM32_Drivers.dir/__/__/Drivers/STM32G4xx_HAL_Driver/Src/stm32g4xx_ll_adc.c.obj
 .text.LL_ADC_IsEnabled
                0x08000b1c       0x26 cmake/stm32cubemx/CMakeFiles/STM32_Drivers.dir/__/__/Drivers/STM32G4xx_HAL_Driver/Src/stm32g4xx_ll_adc.c.obj
 *fill*         0x08000b42        0x2 
 .text.LL_ADC_CommonInit
                0x08000b44       0xc8 cmake/stm32cubemx/CMakeFiles/STM32_Drivers.dir/__/__/Drivers/STM32G4xx_HAL_Driver/Src/stm32g4xx_ll_adc.c.obj
                0x08000b44                LL_ADC_CommonInit
 .text.LL_ADC_Init
                0x08000c0c       0x4c cmake/stm32cubemx/CMakeFiles/STM32_Drivers.dir/__/__/Drivers/STM32G4xx_HAL_Driver/Src/stm32g4xx_ll_adc.c.obj
                0x08000c0c                LL_ADC_Init
 .text.LL_ADC_REG_Init
                0x08000c58       0x94 cmake/stm32cubemx/CMakeFiles/STM32_Drivers.dir/__/__/Drivers/STM32G4xx_HAL_Driver/Src/stm32g4xx_ll_adc.c.obj
                0x08000c58                LL_ADC_REG_Init
 .text.LL_RCC_HSI_IsReady
                0x08000cec       0x28 cmake/stm32cubemx/CMakeFiles/STM32_Drivers.dir/__/__/Drivers/STM32G4xx_HAL_Driver/Src/stm32g4xx_ll_rcc.c.obj
 .text.LL_RCC_LSE_IsReady
                0x08000d14       0x28 cmake/stm32cubemx/CMakeFiles/STM32_Drivers.dir/__/__/Drivers/STM32G4xx_HAL_Driver/Src/stm32g4xx_ll_rcc.c.obj
 .text.LL_RCC_GetSysClkSource
                0x08000d3c       0x1c cmake/stm32cubemx/CMakeFiles/STM32_Drivers.dir/__/__/Drivers/STM32G4xx_HAL_Driver/Src/stm32g4xx_ll_rcc.c.obj
 .text.LL_RCC_GetAHBPrescaler
                0x08000d58       0x1c cmake/stm32cubemx/CMakeFiles/STM32_Drivers.dir/__/__/Drivers/STM32G4xx_HAL_Driver/Src/stm32g4xx_ll_rcc.c.obj
 .text.LL_RCC_GetAPB1Prescaler
                0x08000d74       0x1c cmake/stm32cubemx/CMakeFiles/STM32_Drivers.dir/__/__/Drivers/STM32G4xx_HAL_Driver/Src/stm32g4xx_ll_rcc.c.obj
 .text.LL_RCC_GetAPB2Prescaler
                0x08000d90       0x1c cmake/stm32cubemx/CMakeFiles/STM32_Drivers.dir/__/__/Drivers/STM32G4xx_HAL_Driver/Src/stm32g4xx_ll_rcc.c.obj
 .text.LL_RCC_GetUSARTClockSource
                0x08000dac       0x28 cmake/stm32cubemx/CMakeFiles/STM32_Drivers.dir/__/__/Drivers/STM32G4xx_HAL_Driver/Src/stm32g4xx_ll_rcc.c.obj
 .text.LL_RCC_GetUARTClockSource
                0x08000dd4       0x28 cmake/stm32cubemx/CMakeFiles/STM32_Drivers.dir/__/__/Drivers/STM32G4xx_HAL_Driver/Src/stm32g4xx_ll_rcc.c.obj
 .text.LL_RCC_PLL_GetMainSource
                0x08000dfc       0x1c cmake/stm32cubemx/CMakeFiles/STM32_Drivers.dir/__/__/Drivers/STM32G4xx_HAL_Driver/Src/stm32g4xx_ll_rcc.c.obj
 .text.LL_RCC_PLL_GetN
                0x08000e18       0x1c cmake/stm32cubemx/CMakeFiles/STM32_Drivers.dir/__/__/Drivers/STM32G4xx_HAL_Driver/Src/stm32g4xx_ll_rcc.c.obj
 .text.LL_RCC_PLL_GetR
                0x08000e34       0x1c cmake/stm32cubemx/CMakeFiles/STM32_Drivers.dir/__/__/Drivers/STM32G4xx_HAL_Driver/Src/stm32g4xx_ll_rcc.c.obj
 .text.LL_RCC_PLL_GetDivider
                0x08000e50       0x1c cmake/stm32cubemx/CMakeFiles/STM32_Drivers.dir/__/__/Drivers/STM32G4xx_HAL_Driver/Src/stm32g4xx_ll_rcc.c.obj
 .text.LL_RCC_GetUSARTClockFreq
                0x08000e6c      0x188 cmake/stm32cubemx/CMakeFiles/STM32_Drivers.dir/__/__/Drivers/STM32G4xx_HAL_Driver/Src/stm32g4xx_ll_rcc.c.obj
                0x08000e6c                LL_RCC_GetUSARTClockFreq
 .text.LL_RCC_GetUARTClockFreq
                0x08000ff4      0x10c cmake/stm32cubemx/CMakeFiles/STM32_Drivers.dir/__/__/Drivers/STM32G4xx_HAL_Driver/Src/stm32g4xx_ll_rcc.c.obj
                0x08000ff4                LL_RCC_GetUARTClockFreq
 .text.RCC_GetSystemClockFreq
                0x08001100       0x4c cmake/stm32cubemx/CMakeFiles/STM32_Drivers.dir/__/__/Drivers/STM32G4xx_HAL_Driver/Src/stm32g4xx_ll_rcc.c.obj
 .text.RCC_GetHCLKClockFreq
                0x0800114c       0x30 cmake/stm32cubemx/CMakeFiles/STM32_Drivers.dir/__/__/Drivers/STM32G4xx_HAL_Driver/Src/stm32g4xx_ll_rcc.c.obj
 .text.RCC_GetPCLK1ClockFreq
                0x0800117c       0x2c cmake/stm32cubemx/CMakeFiles/STM32_Drivers.dir/__/__/Drivers/STM32G4xx_HAL_Driver/Src/stm32g4xx_ll_rcc.c.obj
 .text.RCC_GetPCLK2ClockFreq
                0x080011a8       0x2c cmake/stm32cubemx/CMakeFiles/STM32_Drivers.dir/__/__/Drivers/STM32G4xx_HAL_Driver/Src/stm32g4xx_ll_rcc.c.obj
 .text.RCC_PLL_GetFreqDomain_SYS
                0x080011d4       0x68 cmake/stm32cubemx/CMakeFiles/STM32_Drivers.dir/__/__/Drivers/STM32G4xx_HAL_Driver/Src/stm32g4xx_ll_rcc.c.obj
 .text.LL_I2C_Enable
                0x0800123c       0x20 cmake/stm32cubemx/CMakeFiles/STM32_Drivers.dir/__/__/Drivers/STM32G4xx_HAL_Driver/Src/stm32g4xx_ll_i2c.c.obj
 .text.LL_I2C_Disable
                0x0800125c       0x20 cmake/stm32cubemx/CMakeFiles/STM32_Drivers.dir/__/__/Drivers/STM32G4xx_HAL_Driver/Src/stm32g4xx_ll_i2c.c.obj
 .text.LL_I2C_ConfigFilters
                0x0800127c       0x2e cmake/stm32cubemx/CMakeFiles/STM32_Drivers.dir/__/__/Drivers/STM32G4xx_HAL_Driver/Src/stm32g4xx_ll_i2c.c.obj
 .text.LL_I2C_SetOwnAddress1
                0x080012aa       0x30 cmake/stm32cubemx/CMakeFiles/STM32_Drivers.dir/__/__/Drivers/STM32G4xx_HAL_Driver/Src/stm32g4xx_ll_i2c.c.obj
 .text.LL_I2C_EnableOwnAddress1
                0x080012da       0x20 cmake/stm32cubemx/CMakeFiles/STM32_Drivers.dir/__/__/Drivers/STM32G4xx_HAL_Driver/Src/stm32g4xx_ll_i2c.c.obj
 .text.LL_I2C_DisableOwnAddress1
                0x080012fa       0x20 cmake/stm32cubemx/CMakeFiles/STM32_Drivers.dir/__/__/Drivers/STM32G4xx_HAL_Driver/Src/stm32g4xx_ll_i2c.c.obj
 .text.LL_I2C_SetTiming
                0x0800131a       0x1c cmake/stm32cubemx/CMakeFiles/STM32_Drivers.dir/__/__/Drivers/STM32G4xx_HAL_Driver/Src/stm32g4xx_ll_i2c.c.obj
 .text.LL_I2C_SetMode
                0x08001336       0x26 cmake/stm32cubemx/CMakeFiles/STM32_Drivers.dir/__/__/Drivers/STM32G4xx_HAL_Driver/Src/stm32g4xx_ll_i2c.c.obj
 .text.LL_I2C_AcknowledgeNextData
                0x0800135c       0x26 cmake/stm32cubemx/CMakeFiles/STM32_Drivers.dir/__/__/Drivers/STM32G4xx_HAL_Driver/Src/stm32g4xx_ll_i2c.c.obj
 .text.LL_I2C_Init
                0x08001382       0x78 cmake/stm32cubemx/CMakeFiles/STM32_Drivers.dir/__/__/Drivers/STM32G4xx_HAL_Driver/Src/stm32g4xx_ll_i2c.c.obj
                0x08001382                LL_I2C_Init
 .text.LL_SPI_IsEnabled
                0x080013fa       0x26 cmake/stm32cubemx/CMakeFiles/STM32_Drivers.dir/__/__/Drivers/STM32G4xx_HAL_Driver/Src/stm32g4xx_ll_spi.c.obj
 .text.LL_SPI_SetRxFIFOThreshold
                0x08001420       0x26 cmake/stm32cubemx/CMakeFiles/STM32_Drivers.dir/__/__/Drivers/STM32G4xx_HAL_Driver/Src/stm32g4xx_ll_spi.c.obj
 .text.LL_SPI_SetCRCPolynomial
                0x08001446       0x20 cmake/stm32cubemx/CMakeFiles/STM32_Drivers.dir/__/__/Drivers/STM32G4xx_HAL_Driver/Src/stm32g4xx_ll_spi.c.obj
 .text.LL_SPI_Init
                0x08001466       0xbc cmake/stm32cubemx/CMakeFiles/STM32_Drivers.dir/__/__/Drivers/STM32G4xx_HAL_Driver/Src/stm32g4xx_ll_spi.c.obj
                0x08001466                LL_SPI_Init
 .text.LL_TIM_SetPrescaler
                0x08001522       0x1c cmake/stm32cubemx/CMakeFiles/STM32_Drivers.dir/__/__/Drivers/STM32G4xx_HAL_Driver/Src/stm32g4xx_ll_tim.c.obj
 .text.LL_TIM_SetAutoReload
                0x0800153e       0x1c cmake/stm32cubemx/CMakeFiles/STM32_Drivers.dir/__/__/Drivers/STM32G4xx_HAL_Driver/Src/stm32g4xx_ll_tim.c.obj
 .text.LL_TIM_SetRepetitionCounter
                0x0800155a       0x1c cmake/stm32cubemx/CMakeFiles/STM32_Drivers.dir/__/__/Drivers/STM32G4xx_HAL_Driver/Src/stm32g4xx_ll_tim.c.obj
 .text.LL_TIM_OC_SetCompareCH1
                0x08001576       0x1c cmake/stm32cubemx/CMakeFiles/STM32_Drivers.dir/__/__/Drivers/STM32G4xx_HAL_Driver/Src/stm32g4xx_ll_tim.c.obj
 .text.LL_TIM_OC_SetCompareCH2
                0x08001592       0x1c cmake/stm32cubemx/CMakeFiles/STM32_Drivers.dir/__/__/Drivers/STM32G4xx_HAL_Driver/Src/stm32g4xx_ll_tim.c.obj
 .text.LL_TIM_OC_SetCompareCH3
                0x080015ae       0x1c cmake/stm32cubemx/CMakeFiles/STM32_Drivers.dir/__/__/Drivers/STM32G4xx_HAL_Driver/Src/stm32g4xx_ll_tim.c.obj
 .text.LL_TIM_OC_SetCompareCH4
                0x080015ca       0x1c cmake/stm32cubemx/CMakeFiles/STM32_Drivers.dir/__/__/Drivers/STM32G4xx_HAL_Driver/Src/stm32g4xx_ll_tim.c.obj
 .text.LL_TIM_OC_SetCompareCH5
                0x080015e6       0x26 cmake/stm32cubemx/CMakeFiles/STM32_Drivers.dir/__/__/Drivers/STM32G4xx_HAL_Driver/Src/stm32g4xx_ll_tim.c.obj
 .text.LL_TIM_OC_SetCompareCH6
                0x0800160c       0x1c cmake/stm32cubemx/CMakeFiles/STM32_Drivers.dir/__/__/Drivers/STM32G4xx_HAL_Driver/Src/stm32g4xx_ll_tim.c.obj
 .text.LL_TIM_GenerateEvent_UPDATE
                0x08001628       0x20 cmake/stm32cubemx/CMakeFiles/STM32_Drivers.dir/__/__/Drivers/STM32G4xx_HAL_Driver/Src/stm32g4xx_ll_tim.c.obj
 .text.LL_TIM_Init
                0x08001648      0x144 cmake/stm32cubemx/CMakeFiles/STM32_Drivers.dir/__/__/Drivers/STM32G4xx_HAL_Driver/Src/stm32g4xx_ll_tim.c.obj
                0x08001648                LL_TIM_Init
 .text.LL_TIM_OC_Init
                0x0800178c       0xbe cmake/stm32cubemx/CMakeFiles/STM32_Drivers.dir/__/__/Drivers/STM32G4xx_HAL_Driver/Src/stm32g4xx_ll_tim.c.obj
                0x0800178c                LL_TIM_OC_Init
 *fill*         0x0800184a        0x2 
 .text.OC1Config
                0x0800184c      0x10c cmake/stm32cubemx/CMakeFiles/STM32_Drivers.dir/__/__/Drivers/STM32G4xx_HAL_Driver/Src/stm32g4xx_ll_tim.c.obj
 .text.OC2Config
                0x08001958      0x114 cmake/stm32cubemx/CMakeFiles/STM32_Drivers.dir/__/__/Drivers/STM32G4xx_HAL_Driver/Src/stm32g4xx_ll_tim.c.obj
 .text.OC3Config
                0x08001a6c      0x114 cmake/stm32cubemx/CMakeFiles/STM32_Drivers.dir/__/__/Drivers/STM32G4xx_HAL_Driver/Src/stm32g4xx_ll_tim.c.obj
 .text.OC4Config
                0x08001b80      0x114 cmake/stm32cubemx/CMakeFiles/STM32_Drivers.dir/__/__/Drivers/STM32G4xx_HAL_Driver/Src/stm32g4xx_ll_tim.c.obj
 .text.OC5Config
                0x08001c94       0xd4 cmake/stm32cubemx/CMakeFiles/STM32_Drivers.dir/__/__/Drivers/STM32G4xx_HAL_Driver/Src/stm32g4xx_ll_tim.c.obj
 .text.OC6Config
                0x08001d68       0xd4 cmake/stm32cubemx/CMakeFiles/STM32_Drivers.dir/__/__/Drivers/STM32G4xx_HAL_Driver/Src/stm32g4xx_ll_tim.c.obj
 .text.LL_USART_IsEnabled
                0x08001e3c       0x26 cmake/stm32cubemx/CMakeFiles/STM32_Drivers.dir/__/__/Drivers/STM32G4xx_HAL_Driver/Src/stm32g4xx_ll_usart.c.obj
 .text.LL_USART_SetPrescaler
                0x08001e62       0x28 cmake/stm32cubemx/CMakeFiles/STM32_Drivers.dir/__/__/Drivers/STM32G4xx_HAL_Driver/Src/stm32g4xx_ll_usart.c.obj
 .text.LL_USART_SetStopBitsLength
                0x08001e8a       0x26 cmake/stm32cubemx/CMakeFiles/STM32_Drivers.dir/__/__/Drivers/STM32G4xx_HAL_Driver/Src/stm32g4xx_ll_usart.c.obj
 .text.LL_USART_SetHWFlowCtrl
                0x08001eb0       0x26 cmake/stm32cubemx/CMakeFiles/STM32_Drivers.dir/__/__/Drivers/STM32G4xx_HAL_Driver/Src/stm32g4xx_ll_usart.c.obj
 *fill*         0x08001ed6        0x2 
 .text.LL_USART_SetBaudRate
                0x08001ed8       0xa0 cmake/stm32cubemx/CMakeFiles/STM32_Drivers.dir/__/__/Drivers/STM32G4xx_HAL_Driver/Src/stm32g4xx_ll_usart.c.obj
 .text.LL_USART_Init
                0x08001f78      0x10c cmake/stm32cubemx/CMakeFiles/STM32_Drivers.dir/__/__/Drivers/STM32G4xx_HAL_Driver/Src/stm32g4xx_ll_usart.c.obj
                0x08001f78                LL_USART_Init
 .text.__NVIC_SetPriorityGrouping
                0x08002084       0x48 CMakeFiles/M4_STEP.dir/Core/Src/main.c.obj
 .text.__NVIC_GetPriorityGrouping
                0x080020cc       0x1c CMakeFiles/M4_STEP.dir/Core/Src/main.c.obj
 .text.__NVIC_SetPriority
                0x080020e8       0x54 CMakeFiles/M4_STEP.dir/Core/Src/main.c.obj
 .text.NVIC_EncodePriority
                0x0800213c       0x66 CMakeFiles/M4_STEP.dir/Core/Src/main.c.obj
 *fill*         0x080021a2        0x2 
 .text.LL_RCC_HSI_Enable
                0x080021a4       0x20 CMakeFiles/M4_STEP.dir/Core/Src/main.c.obj
 .text.LL_RCC_HSI_IsReady
                0x080021c4       0x28 CMakeFiles/M4_STEP.dir/Core/Src/main.c.obj
 .text.LL_RCC_HSI_SetCalibTrimming
                0x080021ec       0x2c CMakeFiles/M4_STEP.dir/Core/Src/main.c.obj
 .text.LL_RCC_SetSysClkSource
                0x08002218       0x28 CMakeFiles/M4_STEP.dir/Core/Src/main.c.obj
 .text.LL_RCC_GetSysClkSource
                0x08002240       0x1c CMakeFiles/M4_STEP.dir/Core/Src/main.c.obj
 .text.LL_RCC_SetAHBPrescaler
                0x0800225c       0x28 CMakeFiles/M4_STEP.dir/Core/Src/main.c.obj
 .text.LL_RCC_SetAPB1Prescaler
                0x08002284       0x28 CMakeFiles/M4_STEP.dir/Core/Src/main.c.obj
 .text.LL_RCC_SetAPB2Prescaler
                0x080022ac       0x28 CMakeFiles/M4_STEP.dir/Core/Src/main.c.obj
 .text.LL_RCC_PLL_Enable
                0x080022d4       0x20 CMakeFiles/M4_STEP.dir/Core/Src/main.c.obj
 .text.LL_RCC_PLL_IsReady
                0x080022f4       0x28 CMakeFiles/M4_STEP.dir/Core/Src/main.c.obj
 .text.LL_RCC_PLL_ConfigDomain_SYS
                0x0800231c       0x40 CMakeFiles/M4_STEP.dir/Core/Src/main.c.obj
 .text.LL_RCC_PLL_EnableDomain_SYS
                0x0800235c       0x20 CMakeFiles/M4_STEP.dir/Core/Src/main.c.obj
 .text.LL_APB1_GRP1_EnableClock
                0x0800237c       0x30 CMakeFiles/M4_STEP.dir/Core/Src/main.c.obj
 .text.LL_APB2_GRP1_EnableClock
                0x080023ac       0x30 CMakeFiles/M4_STEP.dir/Core/Src/main.c.obj
 .text.LL_FLASH_SetLatency
                0x080023dc       0x28 CMakeFiles/M4_STEP.dir/Core/Src/main.c.obj
 .text.LL_FLASH_GetLatency
                0x08002404       0x1c CMakeFiles/M4_STEP.dir/Core/Src/main.c.obj
 .text.LL_PWR_EnableRange1BoostMode
                0x08002420       0x24 CMakeFiles/M4_STEP.dir/Core/Src/main.c.obj
 .text.LL_PWR_DisableUCPDDeadBattery
                0x08002444       0x20 CMakeFiles/M4_STEP.dir/Core/Src/main.c.obj
 .text.main     0x08002464       0x6c CMakeFiles/M4_STEP.dir/Core/Src/main.c.obj
                0x08002464                main
 .text.SystemClock_Config
                0x080024d0       0xa8 CMakeFiles/M4_STEP.dir/Core/Src/main.c.obj
                0x080024d0                SystemClock_Config
 .text.LL_AHB2_GRP1_EnableClock
                0x08002578       0x30 CMakeFiles/M4_STEP.dir/Core/Src/gpio.c.obj
 .text.LL_GPIO_ResetOutputPin
                0x080025a8       0x1c CMakeFiles/M4_STEP.dir/Core/Src/gpio.c.obj
 .text.MX_GPIO_Init
                0x080025c4      0x350 CMakeFiles/M4_STEP.dir/Core/Src/gpio.c.obj
                0x080025c4                MX_GPIO_Init
 .text.__NVIC_GetPriorityGrouping
                0x08002914       0x1c CMakeFiles/M4_STEP.dir/Core/Src/adc.c.obj
 .text.__NVIC_EnableIRQ
                0x08002930       0x3c CMakeFiles/M4_STEP.dir/Core/Src/adc.c.obj
 .text.__NVIC_SetPriority
                0x0800296c       0x54 CMakeFiles/M4_STEP.dir/Core/Src/adc.c.obj
 .text.NVIC_EncodePriority
                0x080029c0       0x66 CMakeFiles/M4_STEP.dir/Core/Src/adc.c.obj
 .text.LL_ADC_SetGainCompensation
                0x08002a26       0x4a CMakeFiles/M4_STEP.dir/Core/Src/adc.c.obj
 .text.LL_ADC_REG_SetTriggerEdge
                0x08002a70       0x26 CMakeFiles/M4_STEP.dir/Core/Src/adc.c.obj
 .text.LL_ADC_REG_SetSequencerRanks
                0x08002a96       0x58 CMakeFiles/M4_STEP.dir/Core/Src/adc.c.obj
 .text.LL_ADC_SetChannelSamplingTime
                0x08002aee       0x56 CMakeFiles/M4_STEP.dir/Core/Src/adc.c.obj
 .text.LL_ADC_SetChannelSingleDiff
                0x08002b44       0x48 CMakeFiles/M4_STEP.dir/Core/Src/adc.c.obj
 .text.LL_ADC_SetOverSamplingScope
                0x08002b8c       0x2a CMakeFiles/M4_STEP.dir/Core/Src/adc.c.obj
 .text.LL_ADC_DisableDeepPowerDown
                0x08002bb6       0x24 CMakeFiles/M4_STEP.dir/Core/Src/adc.c.obj
 .text.LL_ADC_EnableInternalRegulator
                0x08002bda       0x28 CMakeFiles/M4_STEP.dir/Core/Src/adc.c.obj
 *fill*         0x08002c02        0x2 
 .text.LL_RCC_SetADCClockSource
                0x08002c04       0x48 CMakeFiles/M4_STEP.dir/Core/Src/adc.c.obj
 .text.LL_AHB2_GRP1_EnableClock
                0x08002c4c       0x30 CMakeFiles/M4_STEP.dir/Core/Src/adc.c.obj
 .text.MX_ADC1_Init
                0x08002c7c      0x368 CMakeFiles/M4_STEP.dir/Core/Src/adc.c.obj
                0x08002c7c                MX_ADC1_Init
 .text.MX_ADC2_Init
                0x08002fe4      0x304 CMakeFiles/M4_STEP.dir/Core/Src/adc.c.obj
                0x08002fe4                MX_ADC2_Init
 .text.__NVIC_GetPriorityGrouping
                0x080032e8       0x1c CMakeFiles/M4_STEP.dir/Core/Src/dma.c.obj
 .text.__NVIC_EnableIRQ
                0x08003304       0x3c CMakeFiles/M4_STEP.dir/Core/Src/dma.c.obj
 .text.__NVIC_SetPriority
                0x08003340       0x54 CMakeFiles/M4_STEP.dir/Core/Src/dma.c.obj
 .text.NVIC_EncodePriority
                0x08003394       0x66 CMakeFiles/M4_STEP.dir/Core/Src/dma.c.obj
 *fill*         0x080033fa        0x2 
 .text.LL_AHB1_GRP1_EnableClock
                0x080033fc       0x30 CMakeFiles/M4_STEP.dir/Core/Src/dma.c.obj
 .text.MX_DMA_Init
                0x0800342c       0x54 CMakeFiles/M4_STEP.dir/Core/Src/dma.c.obj
                0x0800342c                MX_DMA_Init
 .text.LL_DMA_SetDataTransferDirection
                0x08003480       0x50 CMakeFiles/M4_STEP.dir/Core/Src/i2c.c.obj
 .text.LL_DMA_SetMode
                0x080034d0       0x4c CMakeFiles/M4_STEP.dir/Core/Src/i2c.c.obj
 .text.LL_DMA_SetPeriphIncMode
                0x0800351c       0x4c CMakeFiles/M4_STEP.dir/Core/Src/i2c.c.obj
 .text.LL_DMA_SetMemoryIncMode
                0x08003568       0x4c CMakeFiles/M4_STEP.dir/Core/Src/i2c.c.obj
 .text.LL_DMA_SetPeriphSize
                0x080035b4       0x4c CMakeFiles/M4_STEP.dir/Core/Src/i2c.c.obj
 .text.LL_DMA_SetMemorySize
                0x08003600       0x4c CMakeFiles/M4_STEP.dir/Core/Src/i2c.c.obj
 .text.LL_DMA_SetChannelPriorityLevel
                0x0800364c       0x4c CMakeFiles/M4_STEP.dir/Core/Src/i2c.c.obj
 .text.LL_DMA_SetPeriphRequest
                0x08003698       0x54 CMakeFiles/M4_STEP.dir/Core/Src/i2c.c.obj
 .text.LL_I2C_EnableClockStretching
                0x080036ec       0x20 CMakeFiles/M4_STEP.dir/Core/Src/i2c.c.obj
 .text.LL_I2C_DisableGeneralCall
                0x0800370c       0x20 CMakeFiles/M4_STEP.dir/Core/Src/i2c.c.obj
 .text.LL_I2C_SetOwnAddress2
                0x0800372c       0x30 CMakeFiles/M4_STEP.dir/Core/Src/i2c.c.obj
 .text.LL_I2C_DisableOwnAddress2
                0x0800375c       0x20 CMakeFiles/M4_STEP.dir/Core/Src/i2c.c.obj
 .text.LL_I2C_EnableAutoEndMode
                0x0800377c       0x20 CMakeFiles/M4_STEP.dir/Core/Src/i2c.c.obj
 .text.LL_RCC_SetI2CClockSource
                0x0800379c       0x50 CMakeFiles/M4_STEP.dir/Core/Src/i2c.c.obj
 .text.LL_AHB2_GRP1_EnableClock
                0x080037ec       0x30 CMakeFiles/M4_STEP.dir/Core/Src/i2c.c.obj
 .text.LL_APB1_GRP1_EnableClock
                0x0800381c       0x30 CMakeFiles/M4_STEP.dir/Core/Src/i2c.c.obj
 .text.MX_I2C2_Init
                0x0800384c      0x18c CMakeFiles/M4_STEP.dir/Core/Src/i2c.c.obj
                0x0800384c                MX_I2C2_Init
 .text.LL_AHB2_GRP1_EnableClock
                0x080039d8       0x30 CMakeFiles/M4_STEP.dir/Core/Src/spi.c.obj
 .text.LL_APB2_GRP1_EnableClock
                0x08003a08       0x30 CMakeFiles/M4_STEP.dir/Core/Src/spi.c.obj
 .text.LL_SPI_SetStandard
                0x08003a38       0x26 CMakeFiles/M4_STEP.dir/Core/Src/spi.c.obj
 .text.LL_SPI_EnableNSSPulseMgt
                0x08003a5e       0x20 CMakeFiles/M4_STEP.dir/Core/Src/spi.c.obj
 *fill*         0x08003a7e        0x2 
 .text.MX_SPI1_Init
                0x08003a80       0xf0 CMakeFiles/M4_STEP.dir/Core/Src/spi.c.obj
                0x08003a80                MX_SPI1_Init
 .text.__NVIC_GetPriorityGrouping
                0x08003b70       0x1c CMakeFiles/M4_STEP.dir/Core/Src/tim.c.obj
 .text.__NVIC_EnableIRQ
                0x08003b8c       0x3c CMakeFiles/M4_STEP.dir/Core/Src/tim.c.obj
 .text.__NVIC_SetPriority
                0x08003bc8       0x54 CMakeFiles/M4_STEP.dir/Core/Src/tim.c.obj
 .text.NVIC_EncodePriority
                0x08003c1c       0x66 CMakeFiles/M4_STEP.dir/Core/Src/tim.c.obj
 *fill*         0x08003c82        0x2 
 .text.LL_APB1_GRP1_EnableClock
                0x08003c84       0x30 CMakeFiles/M4_STEP.dir/Core/Src/tim.c.obj
 .text.LL_TIM_DisableARRPreload
                0x08003cb4       0x20 CMakeFiles/M4_STEP.dir/Core/Src/tim.c.obj
 .text.LL_TIM_OC_DisableFast
                0x08003cd4       0xb0 CMakeFiles/M4_STEP.dir/Core/Src/tim.c.obj
 .text.LL_TIM_OC_EnablePreload
                0x08003d84       0xac CMakeFiles/M4_STEP.dir/Core/Src/tim.c.obj
 .text.LL_TIM_SetClockSource
                0x08003e30       0x2a CMakeFiles/M4_STEP.dir/Core/Src/tim.c.obj
 .text.LL_TIM_SetTriggerOutput
                0x08003e5a       0x2a CMakeFiles/M4_STEP.dir/Core/Src/tim.c.obj
 .text.LL_TIM_DisableMasterSlaveMode
                0x08003e84       0x20 CMakeFiles/M4_STEP.dir/Core/Src/tim.c.obj
 .text.MX_TIM2_Init
                0x08003ea4       0xc8 CMakeFiles/M4_STEP.dir/Core/Src/tim.c.obj
                0x08003ea4                MX_TIM2_Init
 .text.LL_RCC_SetUSARTClockSource
                0x08003f6c       0x34 CMakeFiles/M4_STEP.dir/Core/Src/usart.c.obj
 .text.LL_AHB2_GRP1_EnableClock
                0x08003fa0       0x30 CMakeFiles/M4_STEP.dir/Core/Src/usart.c.obj
 .text.LL_APB2_GRP1_EnableClock
                0x08003fd0       0x30 CMakeFiles/M4_STEP.dir/Core/Src/usart.c.obj
 .text.LL_USART_Enable
                0x08004000       0x20 CMakeFiles/M4_STEP.dir/Core/Src/usart.c.obj
 .text.LL_USART_DisableFIFO
                0x08004020       0x20 CMakeFiles/M4_STEP.dir/Core/Src/usart.c.obj
 .text.LL_USART_SetTXFIFOThreshold
                0x08004040       0x4e CMakeFiles/M4_STEP.dir/Core/Src/usart.c.obj
 .text.LL_USART_SetRXFIFOThreshold
                0x0800408e       0x4e CMakeFiles/M4_STEP.dir/Core/Src/usart.c.obj
 .text.LL_USART_SetTXRXSwap
                0x080040dc       0x26 CMakeFiles/M4_STEP.dir/Core/Src/usart.c.obj
 .text.LL_USART_ConfigAsyncMode
                0x08004102       0x2c CMakeFiles/M4_STEP.dir/Core/Src/usart.c.obj
 .text.LL_USART_IsActiveFlag_TEACK
                0x0800412e       0x28 CMakeFiles/M4_STEP.dir/Core/Src/usart.c.obj
 .text.LL_USART_IsActiveFlag_REACK
                0x08004156       0x28 CMakeFiles/M4_STEP.dir/Core/Src/usart.c.obj
 *fill*         0x0800417e        0x2 
 .text.MX_USART1_UART_Init
                0x08004180      0x104 CMakeFiles/M4_STEP.dir/Core/Src/usart.c.obj
                0x08004180                MX_USART1_UART_Init
 .text.LL_I2C_IsActiveFlag_ADDR
                0x08004284       0x26 CMakeFiles/M4_STEP.dir/Core/Src/stm32g4xx_it.c.obj
 .text.LL_I2C_IsActiveFlag_NACK
                0x080042aa       0x26 CMakeFiles/M4_STEP.dir/Core/Src/stm32g4xx_it.c.obj
 .text.LL_I2C_IsActiveFlag_STOP
                0x080042d0       0x26 CMakeFiles/M4_STEP.dir/Core/Src/stm32g4xx_it.c.obj
 .text.LL_I2C_IsActiveFlag_BERR
                0x080042f6       0x28 CMakeFiles/M4_STEP.dir/Core/Src/stm32g4xx_it.c.obj
 .text.LL_I2C_IsActiveFlag_ARLO
                0x0800431e       0x28 CMakeFiles/M4_STEP.dir/Core/Src/stm32g4xx_it.c.obj
 .text.LL_I2C_IsActiveFlag_OVR
                0x08004346       0x28 CMakeFiles/M4_STEP.dir/Core/Src/stm32g4xx_it.c.obj
 .text.LL_I2C_ClearFlag_ADDR
                0x0800436e       0x20 CMakeFiles/M4_STEP.dir/Core/Src/stm32g4xx_it.c.obj
 .text.LL_I2C_ClearFlag_NACK
                0x0800438e       0x20 CMakeFiles/M4_STEP.dir/Core/Src/stm32g4xx_it.c.obj
 .text.LL_I2C_ClearFlag_STOP
                0x080043ae       0x20 CMakeFiles/M4_STEP.dir/Core/Src/stm32g4xx_it.c.obj
 .text.LL_I2C_ClearFlag_BERR
                0x080043ce       0x20 CMakeFiles/M4_STEP.dir/Core/Src/stm32g4xx_it.c.obj
 .text.LL_I2C_ClearFlag_ARLO
                0x080043ee       0x20 CMakeFiles/M4_STEP.dir/Core/Src/stm32g4xx_it.c.obj
 .text.LL_I2C_ClearFlag_OVR
                0x0800440e       0x20 CMakeFiles/M4_STEP.dir/Core/Src/stm32g4xx_it.c.obj
 .text.NMI_Handler
                0x0800442e        0x8 CMakeFiles/M4_STEP.dir/Core/Src/stm32g4xx_it.c.obj
                0x0800442e                NMI_Handler
 .text.HardFault_Handler
                0x08004436        0x8 CMakeFiles/M4_STEP.dir/Core/Src/stm32g4xx_it.c.obj
                0x08004436                HardFault_Handler
 .text.MemManage_Handler
                0x0800443e        0x8 CMakeFiles/M4_STEP.dir/Core/Src/stm32g4xx_it.c.obj
                0x0800443e                MemManage_Handler
 .text.BusFault_Handler
                0x08004446        0x8 CMakeFiles/M4_STEP.dir/Core/Src/stm32g4xx_it.c.obj
                0x08004446                BusFault_Handler
 .text.UsageFault_Handler
                0x0800444e        0x8 CMakeFiles/M4_STEP.dir/Core/Src/stm32g4xx_it.c.obj
                0x0800444e                UsageFault_Handler
 .text.SVC_Handler
                0x08004456        0xe CMakeFiles/M4_STEP.dir/Core/Src/stm32g4xx_it.c.obj
                0x08004456                SVC_Handler
 .text.DebugMon_Handler
                0x08004464        0xe CMakeFiles/M4_STEP.dir/Core/Src/stm32g4xx_it.c.obj
                0x08004464                DebugMon_Handler
 .text.PendSV_Handler
                0x08004472        0xe CMakeFiles/M4_STEP.dir/Core/Src/stm32g4xx_it.c.obj
                0x08004472                PendSV_Handler
 .text.SysTick_Handler
                0x08004480        0xe CMakeFiles/M4_STEP.dir/Core/Src/stm32g4xx_it.c.obj
                0x08004480                SysTick_Handler
 .text.DMA1_Channel6_IRQHandler
                0x0800448e        0xe CMakeFiles/M4_STEP.dir/Core/Src/stm32g4xx_it.c.obj
                0x0800448e                DMA1_Channel6_IRQHandler
 .text.DMA1_Channel7_IRQHandler
                0x0800449c        0xe CMakeFiles/M4_STEP.dir/Core/Src/stm32g4xx_it.c.obj
                0x0800449c                DMA1_Channel7_IRQHandler
 .text.ADC1_2_IRQHandler
                0x080044aa        0xc CMakeFiles/M4_STEP.dir/Core/Src/stm32g4xx_it.c.obj
                0x080044aa                ADC1_2_IRQHandler
 .text.TIM2_IRQHandler
                0x080044b6        0xc CMakeFiles/M4_STEP.dir/Core/Src/stm32g4xx_it.c.obj
                0x080044b6                TIM2_IRQHandler
 *fill*         0x080044c2        0x2 
 .text.I2C2_EV_IRQHandler
                0x080044c4       0x44 CMakeFiles/M4_STEP.dir/Core/Src/stm32g4xx_it.c.obj
                0x080044c4                I2C2_EV_IRQHandler
 .text.I2C2_ER_IRQHandler
                0x08004508       0x44 CMakeFiles/M4_STEP.dir/Core/Src/stm32g4xx_it.c.obj
                0x08004508                I2C2_ER_IRQHandler
 .text._sbrk    0x0800454c       0x6c CMakeFiles/M4_STEP.dir/Core/Src/sysmem.c.obj
                0x0800454c                _sbrk
 .text.Reset_Handler
                0x080045b8       0x50 CMakeFiles/M4_STEP.dir/startup_stm32g474xx.s.obj
                0x080045b8                Reset_Handler
 .text.Default_Handler
                0x08004608        0x2 CMakeFiles/M4_STEP.dir/startup_stm32g474xx.s.obj
                0x08004608                RTC_Alarm_IRQHandler
                0x08004608                EXTI2_IRQHandler
                0x08004608                TIM8_TRG_COM_IRQHandler
                0x08004608                TIM8_CC_IRQHandler
                0x08004608                HRTIM1_Master_IRQHandler
                0x08004608                SPI4_IRQHandler
                0x08004608                FDCAN3_IT0_IRQHandler
                0x08004608                TIM1_CC_IRQHandler
                0x08004608                HRTIM1_FLT_IRQHandler
                0x08004608                HRTIM1_TIMF_IRQHandler
                0x08004608                USB_HP_IRQHandler
                0x08004608                CORDIC_IRQHandler
                0x08004608                HRTIM1_TIMD_IRQHandler
                0x08004608                DMA2_Channel8_IRQHandler
                0x08004608                EXTI3_IRQHandler
                0x08004608                I2C3_ER_IRQHandler
                0x08004608                EXTI0_IRQHandler
                0x08004608                FPU_IRQHandler
                0x08004608                FDCAN1_IT1_IRQHandler
                0x08004608                TIM1_UP_TIM16_IRQHandler
                0x08004608                HRTIM1_TIME_IRQHandler
                0x08004608                SPI1_IRQHandler
                0x08004608                TIM6_DAC_IRQHandler
                0x08004608                HRTIM1_TIMC_IRQHandler
                0x08004608                TIM8_UP_IRQHandler
                0x08004608                DMA2_Channel2_IRQHandler
                0x08004608                DMA1_Channel4_IRQHandler
                0x08004608                TIM20_TRG_COM_IRQHandler
                0x08004608                USART3_IRQHandler
                0x08004608                UART5_IRQHandler
                0x08004608                ADC3_IRQHandler
                0x08004608                TIM4_IRQHandler
                0x08004608                DMA2_Channel1_IRQHandler
                0x08004608                QUADSPI_IRQHandler
                0x08004608                I2C1_EV_IRQHandler
                0x08004608                UART4_IRQHandler
                0x08004608                DMA2_Channel4_IRQHandler
                0x08004608                TIM3_IRQHandler
                0x08004608                RCC_IRQHandler
                0x08004608                TIM20_UP_IRQHandler
                0x08004608                DMA1_Channel1_IRQHandler
                0x08004608                Default_Handler
                0x08004608                DMA2_Channel7_IRQHandler
                0x08004608                RTC_TAMP_LSECSS_IRQHandler
                0x08004608                FMAC_IRQHandler
                0x08004608                EXTI15_10_IRQHandler
                0x08004608                DMA1_Channel8_IRQHandler
                0x08004608                HRTIM1_TIMA_IRQHandler
                0x08004608                TIM7_DAC_IRQHandler
                0x08004608                FDCAN3_IT1_IRQHandler
                0x08004608                TIM5_IRQHandler
                0x08004608                UCPD1_IRQHandler
                0x08004608                I2C3_EV_IRQHandler
                0x08004608                EXTI9_5_IRQHandler
                0x08004608                RTC_WKUP_IRQHandler
                0x08004608                PVD_PVM_IRQHandler
                0x08004608                SPI2_IRQHandler
                0x08004608                ADC5_IRQHandler
                0x08004608                DMA2_Channel5_IRQHandler
                0x08004608                CRS_IRQHandler
                0x08004608                DMA1_Channel5_IRQHandler
                0x08004608                USB_LP_IRQHandler
                0x08004608                EXTI4_IRQHandler
                0x08004608                RNG_IRQHandler
                0x08004608                HRTIM1_TIMB_IRQHandler
                0x08004608                TIM1_TRG_COM_TIM17_IRQHandler
                0x08004608                FDCAN2_IT1_IRQHandler
                0x08004608                DMA1_Channel3_IRQHandler
                0x08004608                ADC4_IRQHandler
                0x08004608                WWDG_IRQHandler
                0x08004608                I2C4_EV_IRQHandler
                0x08004608                FDCAN2_IT0_IRQHandler
                0x08004608                LPUART1_IRQHandler
                0x08004608                DMA2_Channel6_IRQHandler
                0x08004608                FDCAN1_IT0_IRQHandler
                0x08004608                COMP7_IRQHandler
                0x08004608                COMP1_2_3_IRQHandler
                0x08004608                EXTI1_IRQHandler
                0x08004608                USART2_IRQHandler
                0x08004608                COMP4_5_6_IRQHandler
                0x08004608                TIM20_BRK_IRQHandler
                0x08004608                DMA1_Channel2_IRQHandler
                0x08004608                TIM8_BRK_IRQHandler
                0x08004608                FLASH_IRQHandler
                0x08004608                TIM20_CC_IRQHandler
                0x08004608                USART1_IRQHandler
                0x08004608                SPI3_IRQHandler
                0x08004608                I2C1_ER_IRQHandler
                0x08004608                FMC_IRQHandler
                0x08004608                LPTIM1_IRQHandler
                0x08004608                DMAMUX_OVR_IRQHandler
                0x08004608                I2C4_ER_IRQHandler
                0x08004608                USBWakeUp_IRQHandler
                0x08004608                SAI1_IRQHandler
                0x08004608                DMA2_Channel3_IRQHandler
                0x08004608                TIM1_BRK_TIM15_IRQHandler
 *fill*         0x0800460a        0x2 
 .text.second_race
                0x0800460c       0x20 CMakeFiles/M4_STEP.dir/Core/Src/fastrun.c.obj
                0x0800460c                second_race
 .text.fast_race
                0x0800462c      0x148 CMakeFiles/M4_STEP.dir/Core/Src/fastrun.c.obj
                0x0800462c                fast_race
 .text.turn_division_func
                0x08004774       0x48 CMakeFiles/M4_STEP.dir/Core/Src/fastrun.c.obj
 .text.second_info
                0x080047bc      0x110 CMakeFiles/M4_STEP.dir/Core/Src/fastrun.c.obj
                0x080047bc                second_info
 .text.turn_division_compute
                0x080048cc       0x52 CMakeFiles/M4_STEP.dir/Core/Src/fastrun.c.obj
 *fill*         0x0800491e        0x2 
 .text.large_turn_compute
                0x08004920      0x1b0 CMakeFiles/M4_STEP.dir/Core/Src/fastrun.c.obj
 .text.straight_compute
                0x08004ad0      0x278 CMakeFiles/M4_STEP.dir/Core/Src/fastrun.c.obj
 .text.default_turn_compute
                0x08004d48      0x2cc CMakeFiles/M4_STEP.dir/Core/Src/fastrun.c.obj
 .text.max_vel_compute
                0x08005014       0xfc CMakeFiles/M4_STEP.dir/Core/Src/fastrun.c.obj
                0x08005014                max_vel_compute
 .text.decel_dist_compute
                0x08005110       0xa0 CMakeFiles/M4_STEP.dir/Core/Src/fastrun.c.obj
                0x08005110                decel_dist_compute
 .text.turn_info_func
                0x080051b0       0x48 CMakeFiles/M4_STEP.dir/Core/Src/fastrun.c.obj
                0x080051b0                turn_info_func
 .text.turn_info_compute
                0x080051f8      0x264 CMakeFiles/M4_STEP.dir/Core/Src/fastrun.c.obj
                0x080051f8                turn_info_compute
 .text.speed_up_compute
                0x0800545c       0x80 CMakeFiles/M4_STEP.dir/Core/Src/fastrun.c.obj
                0x0800545c                speed_up_compute
 .text.speed_up_func
                0x080054dc       0x7c CMakeFiles/M4_STEP.dir/Core/Src/fastrun.c.obj
 .text._NULL_FUNC
                0x08005558       0x20 CMakeFiles/M4_STEP.dir/Core/Src/menu.c.obj
                0x08005558                _NULL_FUNC
 .text.menu     0x08005578      0x32c CMakeFiles/M4_STEP.dir/Core/Src/menu.c.obj
                0x08005578                menu
 .text.menu_start
                0x080058a4       0x1a CMakeFiles/M4_STEP.dir/Core/Src/menu.c.obj
                0x080058a4                menu_start
 *fill*         0x080058be        0x2 
 .text.F_ACCELERATION
                0x080058c0       0xf4 CMakeFiles/M4_STEP.dir/Core/Src/motor.c.obj
                0x080058c0                F_ACCELERATION
 .text.F_HANDLE_ACC
                0x080059b4       0xa4 CMakeFiles/M4_STEP.dir/Core/Src/motor.c.obj
                0x080059b4                F_HANDLE_ACC
 .text.F_VELOCITY
                0x08005a58       0xb0 CMakeFiles/M4_STEP.dir/Core/Src/motor.c.obj
                0x08005a58                F_VELOCITY
 .text.motor_vari_init
                0x08005b08       0x1c CMakeFiles/M4_STEP.dir/Core/Src/motor.c.obj
                0x08005b08                motor_vari_init
 .text.Init_MotorCtrlVar
                0x08005b24       0xa0 CMakeFiles/M4_STEP.dir/Core/Src/motor.c.obj
                0x08005b24                Init_MotorCtrlVar
 .text.Motor_CalBaseMotionValue
                0x08005bc4      0x1d8 CMakeFiles/M4_STEP.dir/Core/Src/motor.c.obj
                0x08005bc4                Motor_CalBaseMotionValue
 .text.R_Motor_ON
                0x08005d9c       0x9c CMakeFiles/M4_STEP.dir/Core/Src/motor.c.obj
                0x08005d9c                R_Motor_ON
 .text.L_Motor_ON
                0x08005e38       0x9c CMakeFiles/M4_STEP.dir/Core/Src/motor.c.obj
                0x08005e38                L_Motor_ON
 .text.decel_calculation
                0x08005ed4       0xd8 CMakeFiles/M4_STEP.dir/Core/Src/motor.c.obj
                0x08005ed4                decel_calculation
 .text.move_to_move
                0x08005fac       0xc4 CMakeFiles/M4_STEP.dir/Core/Src/motor.c.obj
                0x08005fac                move_to_move
 .text.move_to_end
                0x08006070       0xf4 CMakeFiles/M4_STEP.dir/Core/Src/motor.c.obj
                0x08006070                move_to_end
 .text.LL_I2C_Enable
                0x08006164       0x20 CMakeFiles/M4_STEP.dir/Core/Src/oled.c.obj
 .text.LL_I2C_IsEnabled
                0x08006184       0x26 CMakeFiles/M4_STEP.dir/Core/Src/oled.c.obj
 .text.LL_I2C_IsActiveFlag_TXIS
                0x080061aa       0x26 CMakeFiles/M4_STEP.dir/Core/Src/oled.c.obj
 .text.LL_I2C_IsActiveFlag_ADDR
                0x080061d0       0x26 CMakeFiles/M4_STEP.dir/Core/Src/oled.c.obj
 .text.LL_I2C_IsActiveFlag_NACK
                0x080061f6       0x26 CMakeFiles/M4_STEP.dir/Core/Src/oled.c.obj
 .text.LL_I2C_IsActiveFlag_STOP
                0x0800621c       0x26 CMakeFiles/M4_STEP.dir/Core/Src/oled.c.obj
 .text.LL_I2C_IsActiveFlag_BERR
                0x08006242       0x28 CMakeFiles/M4_STEP.dir/Core/Src/oled.c.obj
 .text.LL_I2C_IsActiveFlag_ARLO
                0x0800626a       0x28 CMakeFiles/M4_STEP.dir/Core/Src/oled.c.obj
 .text.LL_I2C_IsActiveFlag_OVR
                0x08006292       0x28 CMakeFiles/M4_STEP.dir/Core/Src/oled.c.obj
 .text.LL_I2C_IsActiveFlag_BUSY
                0x080062ba       0x28 CMakeFiles/M4_STEP.dir/Core/Src/oled.c.obj
 .text.LL_I2C_ClearFlag_ADDR
                0x080062e2       0x20 CMakeFiles/M4_STEP.dir/Core/Src/oled.c.obj
 .text.LL_I2C_ClearFlag_NACK
                0x08006302       0x20 CMakeFiles/M4_STEP.dir/Core/Src/oled.c.obj
 .text.LL_I2C_ClearFlag_STOP
                0x08006322       0x20 CMakeFiles/M4_STEP.dir/Core/Src/oled.c.obj
 .text.LL_I2C_ClearFlag_BERR
                0x08006342       0x20 CMakeFiles/M4_STEP.dir/Core/Src/oled.c.obj
 .text.LL_I2C_ClearFlag_ARLO
                0x08006362       0x20 CMakeFiles/M4_STEP.dir/Core/Src/oled.c.obj
 .text.LL_I2C_ClearFlag_OVR
                0x08006382       0x20 CMakeFiles/M4_STEP.dir/Core/Src/oled.c.obj
 .text.LL_I2C_GenerateStopCondition
                0x080063a2       0x20 CMakeFiles/M4_STEP.dir/Core/Src/oled.c.obj
 *fill*         0x080063c2        0x2 
 .text.LL_I2C_HandleTransfer
                0x080063c4       0x60 CMakeFiles/M4_STEP.dir/Core/Src/oled.c.obj
 .text.LL_I2C_TransmitData8
                0x08006424       0x1e CMakeFiles/M4_STEP.dir/Core/Src/oled.c.obj
 *fill*         0x08006442        0x2 
 .text.OLED_I2C_ClearErrorFlags
                0x08006444       0x78 CMakeFiles/M4_STEP.dir/Core/Src/oled.c.obj
 .text.OLED_I2C_Write
                0x080064bc      0x144 CMakeFiles/M4_STEP.dir/Core/Src/oled.c.obj
 .text.OLED_Cmd
                0x08006600       0x2c CMakeFiles/M4_STEP.dir/Core/Src/oled.c.obj
 .text.OLED_Init
                0x0800662c       0xc2 CMakeFiles/M4_STEP.dir/Core/Src/oled.c.obj
                0x0800662c                OLED_Init
 *fill*         0x080066ee        0x2 
 .text.OLED_Clear
                0x080066f0       0x1c CMakeFiles/M4_STEP.dir/Core/Src/oled.c.obj
                0x080066f0                OLED_Clear
 .text.OLED_IsBusy
                0x0800670c       0x10 CMakeFiles/M4_STEP.dir/Core/Src/oled.c.obj
                0x0800670c                OLED_IsBusy
 .text.OLED_Update
                0x0800671c        0xc CMakeFiles/M4_STEP.dir/Core/Src/oled.c.obj
                0x0800671c                OLED_Update
 .text.OLED_Print
                0x08006728       0x5c CMakeFiles/M4_STEP.dir/Core/Src/oled.c.obj
                0x08006728                OLED_Print
 .text.OLED_Printf
                0x08006784       0x46 CMakeFiles/M4_STEP.dir/Core/Src/oled.c.obj
                0x08006784                OLED_Printf
 *fill*         0x080067ca        0x2 
 .text.OLED_DrawChar
                0x080067cc       0xa4 CMakeFiles/M4_STEP.dir/Core/Src/oled.c.obj
 .text.OLED_UpdateBlocking
                0x08006870       0x88 CMakeFiles/M4_STEP.dir/Core/Src/oled.c.obj
 .text.OLED_DrawSensorBars
                0x080068f8      0x128 CMakeFiles/M4_STEP.dir/Core/Src/oled.c.obj
                0x080068f8                OLED_DrawSensorBars
 .text.OLED_ClearBuffer
                0x08006a20       0x18 CMakeFiles/M4_STEP.dir/Core/Src/oled.c.obj
                0x08006a20                OLED_ClearBuffer
 .text.LL_SPI_Enable
                0x08006a38       0x20 CMakeFiles/M4_STEP.dir/Core/Src/rom.c.obj
 .text.LL_SPI_IsActiveFlag_RXNE
                0x08006a58       0x26 CMakeFiles/M4_STEP.dir/Core/Src/rom.c.obj
 .text.LL_SPI_IsActiveFlag_TXE
                0x08006a7e       0x26 CMakeFiles/M4_STEP.dir/Core/Src/rom.c.obj
 .text.LL_SPI_IsActiveFlag_BSY
                0x08006aa4       0x26 CMakeFiles/M4_STEP.dir/Core/Src/rom.c.obj
 .text.LL_SPI_ReceiveData8
                0x08006aca       0x1c CMakeFiles/M4_STEP.dir/Core/Src/rom.c.obj
 .text.LL_SPI_TransmitData8
                0x08006ae6       0x24 CMakeFiles/M4_STEP.dir/Core/Src/rom.c.obj
 .text.SPI_CS_DELAY
                0x08006b0a       0x2a CMakeFiles/M4_STEP.dir/Core/Src/rom.c.obj
 .text.SPI1_CS_H
                0x08006b34       0x18 CMakeFiles/M4_STEP.dir/Core/Src/rom.c.obj
 .text.SPI1_CS_L
                0x08006b4c       0x1c CMakeFiles/M4_STEP.dir/Core/Src/rom.c.obj
 .text.SpiTx    0x08006b68       0x68 CMakeFiles/M4_STEP.dir/Core/Src/rom.c.obj
 .text.SpiBusyOK
                0x08006bd0       0x48 CMakeFiles/M4_STEP.dir/Core/Src/rom.c.obj
                0x08006bd0                SpiBusyOK
 .text.SpiWriteRom
                0x08006c18       0xb6 CMakeFiles/M4_STEP.dir/Core/Src/rom.c.obj
                0x08006c18                SpiWriteRom
 .text.SpiReadRom
                0x08006cce       0xd2 CMakeFiles/M4_STEP.dir/Core/Src/rom.c.obj
                0x08006cce                SpiReadRom
 .text.maxmin_write_rom
                0x08006da0      0x134 CMakeFiles/M4_STEP.dir/Core/Src/rom.c.obj
                0x08006da0                maxmin_write_rom
 .text.maxmin_read_rom
                0x08006ed4      0x134 CMakeFiles/M4_STEP.dir/Core/Src/rom.c.obj
                0x08006ed4                maxmin_read_rom
 .text.read_vel_rom
                0x08007008       0x88 CMakeFiles/M4_STEP.dir/Core/Src/rom.c.obj
                0x08007008                read_vel_rom
 .text.write_vel_rom
                0x08007090       0x64 CMakeFiles/M4_STEP.dir/Core/Src/rom.c.obj
                0x08007090                write_vel_rom
 .text.write_acc_rom
                0x080070f4       0x64 CMakeFiles/M4_STEP.dir/Core/Src/rom.c.obj
                0x080070f4                write_acc_rom
 .text.read_acc_rom
                0x08007158       0x68 CMakeFiles/M4_STEP.dir/Core/Src/rom.c.obj
                0x08007158                read_acc_rom
 .text.read_end_acc_rom
                0x080071c0       0x68 CMakeFiles/M4_STEP.dir/Core/Src/rom.c.obj
                0x080071c0                read_end_acc_rom
 .text.write_mark_cnt_rom
                0x08007228       0x44 CMakeFiles/M4_STEP.dir/Core/Src/rom.c.obj
                0x08007228                write_mark_cnt_rom
 .text.read_mark_cnt_rom
                0x0800726c       0x3c CMakeFiles/M4_STEP.dir/Core/Src/rom.c.obj
                0x0800726c                read_mark_cnt_rom
 .text.write_line_info_rom
                0x080072a8      0x3dc CMakeFiles/M4_STEP.dir/Core/Src/rom.c.obj
                0x080072a8                write_line_info_rom
 .text.read_line_info_rom
                0x08007684      0x428 CMakeFiles/M4_STEP.dir/Core/Src/rom.c.obj
                0x08007684                read_line_info_rom
 .text.write_acc_handle_rom
                0x08007aac       0x60 CMakeFiles/M4_STEP.dir/Core/Src/rom.c.obj
                0x08007aac                write_acc_handle_rom
 .text.read_handle_acc_rom
                0x08007b0c       0x70 CMakeFiles/M4_STEP.dir/Core/Src/rom.c.obj
                0x08007b0c                read_handle_acc_rom
 .text.read_handle_dec_rom
                0x08007b7c       0x70 CMakeFiles/M4_STEP.dir/Core/Src/rom.c.obj
                0x08007b7c                read_handle_dec_rom
 .text.Race_Init
                0x08007bec      0x208 CMakeFiles/M4_STEP.dir/Core/Src/search.c.obj
                0x08007bec                Race_Init
 .text.F_1st_run
                0x08007df4       0x6c CMakeFiles/M4_STEP.dir/Core/Src/search.c.obj
                0x08007df4                F_1st_run
 .text.race_stop_check
                0x08007e60      0x118 CMakeFiles/M4_STEP.dir/Core/Src/search.c.obj
                0x08007e60                race_stop_check
 .text.search_race
                0x08007f78      0x12c CMakeFiles/M4_STEP.dir/Core/Src/search.c.obj
                0x08007f78                search_race
 .text.LL_ADC_Enable
                0x080080a4       0x28 CMakeFiles/M4_STEP.dir/Core/Src/sensor.c.obj
 .text.LL_ADC_Disable
                0x080080cc       0x28 CMakeFiles/M4_STEP.dir/Core/Src/sensor.c.obj
 .text.LL_ADC_IsEnabled
                0x080080f4       0x26 CMakeFiles/M4_STEP.dir/Core/Src/sensor.c.obj
 .text.LL_ADC_IsDisableOngoing
                0x0800811a       0x26 CMakeFiles/M4_STEP.dir/Core/Src/sensor.c.obj
 .text.LL_ADC_StartCalibration
                0x08008140       0x32 CMakeFiles/M4_STEP.dir/Core/Src/sensor.c.obj
 .text.LL_ADC_IsCalibrationOnGoing
                0x08008172       0x28 CMakeFiles/M4_STEP.dir/Core/Src/sensor.c.obj
 .text.LL_ADC_REG_StartConversion
                0x0800819a       0x28 CMakeFiles/M4_STEP.dir/Core/Src/sensor.c.obj
 .text.LL_ADC_REG_StopConversion
                0x080081c2       0x28 CMakeFiles/M4_STEP.dir/Core/Src/sensor.c.obj
 .text.LL_ADC_REG_IsConversionOngoing
                0x080081ea       0x26 CMakeFiles/M4_STEP.dir/Core/Src/sensor.c.obj
 .text.LL_ADC_REG_ReadConversionData12
                0x08008210       0x1a CMakeFiles/M4_STEP.dir/Core/Src/sensor.c.obj
 .text.LL_ADC_IsActiveFlag_ADRDY
                0x0800822a       0x26 CMakeFiles/M4_STEP.dir/Core/Src/sensor.c.obj
 .text.LL_ADC_ClearFlag_ADRDY
                0x08008250       0x1a CMakeFiles/M4_STEP.dir/Core/Src/sensor.c.obj
 .text.LL_ADC_ClearFlag_EOC
                0x0800826a       0x1a CMakeFiles/M4_STEP.dir/Core/Src/sensor.c.obj
 .text.LL_ADC_ClearFlag_EOS
                0x08008284       0x1a CMakeFiles/M4_STEP.dir/Core/Src/sensor.c.obj
 .text.LL_ADC_ClearFlag_OVR
                0x0800829e       0x1a CMakeFiles/M4_STEP.dir/Core/Src/sensor.c.obj
 .text.LL_ADC_EnableIT_EOC
                0x080082b8       0x20 CMakeFiles/M4_STEP.dir/Core/Src/sensor.c.obj
 .text.LL_ADC_EnableIT_OVR
                0x080082d8       0x20 CMakeFiles/M4_STEP.dir/Core/Src/sensor.c.obj
 .text.LL_TIM_EnableCounter
                0x080082f8       0x20 CMakeFiles/M4_STEP.dir/Core/Src/sensor.c.obj
 .text.LL_TIM_DisableCounter
                0x08008318       0x20 CMakeFiles/M4_STEP.dir/Core/Src/sensor.c.obj
 .text.LL_TIM_SetCounter
                0x08008338       0x1c CMakeFiles/M4_STEP.dir/Core/Src/sensor.c.obj
 .text.LL_TIM_CC_EnableChannel
                0x08008354       0x22 CMakeFiles/M4_STEP.dir/Core/Src/sensor.c.obj
 .text.LL_TIM_CC_DisableChannel
                0x08008376       0x24 CMakeFiles/M4_STEP.dir/Core/Src/sensor.c.obj
 .text.LL_TIM_ClearFlag_UPDATE
                0x0800839a       0x1c CMakeFiles/M4_STEP.dir/Core/Src/sensor.c.obj
 .text.LL_TIM_IsActiveFlag_UPDATE
                0x080083b6       0x26 CMakeFiles/M4_STEP.dir/Core/Src/sensor.c.obj
 .text.LL_TIM_ClearFlag_CC2
                0x080083dc       0x1c CMakeFiles/M4_STEP.dir/Core/Src/sensor.c.obj
 .text.LL_TIM_IsActiveFlag_CC2
                0x080083f8       0x26 CMakeFiles/M4_STEP.dir/Core/Src/sensor.c.obj
 .text.LL_TIM_GenerateEvent_UPDATE
                0x0800841e       0x20 CMakeFiles/M4_STEP.dir/Core/Src/sensor.c.obj
 .text.sensor_led_on
                0x0800843e       0x1e CMakeFiles/M4_STEP.dir/Core/Src/sensor.c.obj
 .text.sensor_led_off
                0x0800845c       0x22 CMakeFiles/M4_STEP.dir/Core/Src/sensor.c.obj
 *fill*         0x0800847e        0x2 
 .text.sensor_emitters_off
                0x08008480       0x2c CMakeFiles/M4_STEP.dir/Core/Src/sensor.c.obj
 .text.sensor_set_active_step
                0x080084ac       0x34 CMakeFiles/M4_STEP.dir/Core/Src/sensor.c.obj
 .text.sensor_adc_stop
                0x080084e0       0x50 CMakeFiles/M4_STEP.dir/Core/Src/sensor.c.obj
 .text.sensor_adc_enable_ready
                0x08008530       0x30 CMakeFiles/M4_STEP.dir/Core/Src/sensor.c.obj
 .text.sensor_adc_calibrate_enable
                0x08008560       0x44 CMakeFiles/M4_STEP.dir/Core/Src/sensor.c.obj
 .text.sensor_adc_clear_flags
                0x080085a4       0x38 CMakeFiles/M4_STEP.dir/Core/Src/sensor.c.obj
 .text.sensor_adc_start_pair
                0x080085dc       0x30 CMakeFiles/M4_STEP.dir/Core/Src/sensor.c.obj
 .text.sensor_tim2_start_trigger
                0x0800860c       0x3c CMakeFiles/M4_STEP.dir/Core/Src/sensor.c.obj
 .text.sensor_tim2_stop_trigger
                0x08008648       0x34 CMakeFiles/M4_STEP.dir/Core/Src/sensor.c.obj
 .text.sensor_scan_start
                0x0800867c       0x58 CMakeFiles/M4_STEP.dir/Core/Src/sensor.c.obj
                0x0800867c                sensor_scan_start
 .text.sensor_adc_recover_from_error
                0x080086d4       0x54 CMakeFiles/M4_STEP.dir/Core/Src/sensor.c.obj
 .text.sensor_process_adc_step
                0x08008728      0x528 CMakeFiles/M4_STEP.dir/Core/Src/sensor.c.obj
 .text.sensor_adc_irq_handler
                0x08008c50       0x78 CMakeFiles/M4_STEP.dir/Core/Src/sensor.c.obj
                0x08008c50                sensor_adc_irq_handler
 .text.sensor_tim2_irq_handler
                0x08008cc8       0x34 CMakeFiles/M4_STEP.dir/Core/Src/sensor.c.obj
                0x08008cc8                sensor_tim2_irq_handler
 .text.sen_vari_init
                0x08008cfc      0x264 CMakeFiles/M4_STEP.dir/Core/Src/sensor.c.obj
                0x08008cfc                sen_vari_init
 .text.position_enable
                0x08008f60      0x328 CMakeFiles/M4_STEP.dir/Core/Src/sensor.c.obj
 .text.cross_check
                0x08009288      0x254 CMakeFiles/M4_STEP.dir/Core/Src/sensor.c.obj
 .text.mark_enable_shift
                0x080094dc       0x88 CMakeFiles/M4_STEP.dir/Core/Src/sensor.c.obj
 .text.make_position
                0x08009564      0x25c CMakeFiles/M4_STEP.dir/Core/Src/sensor.c.obj
                0x08009564                make_position
 .text.Handle   0x080097c0      0x104 CMakeFiles/M4_STEP.dir/Core/Src/sensor.c.obj
                0x080097c0                Handle
 .text.turn_decide
                0x080098c4      0x1c8 CMakeFiles/M4_STEP.dir/Core/Src/sensor.c.obj
                0x080098c4                turn_decide
 .text.start_end_check
                0x08009a8c      0x148 CMakeFiles/M4_STEP.dir/Core/Src/sensor.c.obj
                0x08009a8c                start_end_check
 .text.line_info
                0x08009bd4      0x180 CMakeFiles/M4_STEP.dir/Core/Src/sensor.c.obj
                0x08009bd4                line_info
 .text.F_4095   0x08009d54      0x1c8 CMakeFiles/M4_STEP.dir/Core/Src/sensor.c.obj
                0x08009d54                F_4095
 .text.F_Max_min
                0x08009f1c      0x1ac CMakeFiles/M4_STEP.dir/Core/Src/sensor.c.obj
                0x08009f1c                F_Max_min
 .text.F_127    0x0800a0c8       0x70 CMakeFiles/M4_STEP.dir/Core/Src/sensor.c.obj
                0x0800a0c8                F_127
 .text.F_TURNMARK
                0x0800a138       0xdc CMakeFiles/M4_STEP.dir/Core/Src/sensor.c.obj
                0x0800a138                F_TURNMARK
 .text.line_out_func
                0x0800a214       0x94 CMakeFiles/M4_STEP.dir/Core/Src/sensor.c.obj
                0x0800a214                line_out_func
 .text.left_motor_step
                0x0800a2a8       0x30 CMakeFiles/M4_STEP.dir/Core/Src/global.c.obj
                0x0800a2a8                left_motor_step
 .text.right_motor_step
                0x0800a2d8       0x30 CMakeFiles/M4_STEP.dir/Core/Src/global.c.obj
                0x0800a2d8                right_motor_step
 .text.motor_stop_all
                0x0800a308       0x28 CMakeFiles/M4_STEP.dir/Core/Src/global.c.obj
                0x0800a308                motor_stop_all
 .text.Variable_Init
                0x0800a330      0x244 CMakeFiles/M4_STEP.dir/Core/Src/global.c.obj
                0x0800a330                Variable_Init
 .text.sqrtf    0x0800a574       0x44 C:/ST/STM32CubeCLT_1.21.0/GNU-tools-for-STM32/bin/../lib/gcc/arm-none-eabi/14.3.1/../../../../arm-none-eabi/lib/thumb/v7e-m+fp/hard\libm.a(libm_a-wf_sqrt.o)
                0x0800a574                sqrtf
 .text.__ieee754_sqrtf
                0x0800a5b8        0x8 C:/ST/STM32CubeCLT_1.21.0/GNU-tools-for-STM32/bin/../lib/gcc/arm-none-eabi/14.3.1/../../../../arm-none-eabi/lib/thumb/v7e-m+fp/hard\libm.a(libm_a-ef_sqrt.o)
                0x0800a5b8                __ieee754_sqrtf
 .text.snprintf
                0x0800a5c0       0x6c C:/ST/STM32CubeCLT_1.21.0/GNU-tools-for-STM32/bin/../lib/gcc/arm-none-eabi/14.3.1/../../../../arm-none-eabi/lib/thumb/v7e-m+fp/hard\libg_nano.a(libc_a-snprintf.o)
                0x0800a5c0                sniprintf
                0x0800a5c0                snprintf
 .text._vsnprintf_r
                0x0800a62c       0x5c C:/ST/STM32CubeCLT_1.21.0/GNU-tools-for-STM32/bin/../lib/gcc/arm-none-eabi/14.3.1/../../../../arm-none-eabi/lib/thumb/v7e-m+fp/hard\libg_nano.a(libc_a-vsnprintf.o)
                0x0800a62c                _vsniprintf_r
                0x0800a62c                _vsnprintf_r
 .text.vsnprintf
                0x0800a688       0x1c C:/ST/STM32CubeCLT_1.21.0/GNU-tools-for-STM32/bin/../lib/gcc/arm-none-eabi/14.3.1/../../../../arm-none-eabi/lib/thumb/v7e-m+fp/hard\libg_nano.a(libc_a-vsnprintf.o)
                0x0800a688                vsniprintf
                0x0800a688                vsnprintf
 .text.memset   0x0800a6a4       0x10 C:/ST/STM32CubeCLT_1.21.0/GNU-tools-for-STM32/bin/../lib/gcc/arm-none-eabi/14.3.1/../../../../arm-none-eabi/lib/thumb/v7e-m+fp/hard\libg_nano.a(libc_a-memset.o)
                0x0800a6a4                memset
 .text.__errno  0x0800a6b4        0xc C:/ST/STM32CubeCLT_1.21.0/GNU-tools-for-STM32/bin/../lib/gcc/arm-none-eabi/14.3.1/../../../../arm-none-eabi/lib/thumb/v7e-m+fp/hard\libg_nano.a(libc_a-errno.o)
                0x0800a6b4                __errno
 .text.__libc_init_array
                0x0800a6c0       0x48 C:/ST/STM32CubeCLT_1.21.0/GNU-tools-for-STM32/bin/../lib/gcc/arm-none-eabi/14.3.1/../../../../arm-none-eabi/lib/thumb/v7e-m+fp/hard\libg_nano.a(libc_a-init.o)
                0x0800a6c0                __libc_init_array
 .text.__retarget_lock_acquire_recursive
                0x0800a708        0x2 C:/ST/STM32CubeCLT_1.21.0/GNU-tools-for-STM32/bin/../lib/gcc/arm-none-eabi/14.3.1/../../../../arm-none-eabi/lib/thumb/v7e-m+fp/hard\libg_nano.a(libc_a-lock.o)
                0x0800a708                __retarget_lock_acquire_recursive
 .text.__retarget_lock_release_recursive
                0x0800a70a        0x2 C:/ST/STM32CubeCLT_1.21.0/GNU-tools-for-STM32/bin/../lib/gcc/arm-none-eabi/14.3.1/../../../../arm-none-eabi/lib/thumb/v7e-m+fp/hard\libg_nano.a(libc_a-lock.o)
                0x0800a70a                __retarget_lock_release_recursive
 .text.memcpy   0x0800a70c       0x1c C:/ST/STM32CubeCLT_1.21.0/GNU-tools-for-STM32/bin/../lib/gcc/arm-none-eabi/14.3.1/../../../../arm-none-eabi/lib/thumb/v7e-m+fp/hard\libg_nano.a(libc_a-memcpy-stub.o)
                0x0800a70c                memcpy
 .text._free_r  0x0800a728       0x94 C:/ST/STM32CubeCLT_1.21.0/GNU-tools-for-STM32/bin/../lib/gcc/arm-none-eabi/14.3.1/../../../../arm-none-eabi/lib/thumb/v7e-m+fp/hard\libg_nano.a(libc_a-freer.o)
                0x0800a728                _free_r
 .text.sbrk_aligned
                0x0800a7bc       0x44 C:/ST/STM32CubeCLT_1.21.0/GNU-tools-for-STM32/bin/../lib/gcc/arm-none-eabi/14.3.1/../../../../arm-none-eabi/lib/thumb/v7e-m+fp/hard\libg_nano.a(libc_a-mallocr.o)
 .text._malloc_r
                0x0800a800      0x100 C:/ST/STM32CubeCLT_1.21.0/GNU-tools-for-STM32/bin/../lib/gcc/arm-none-eabi/14.3.1/../../../../arm-none-eabi/lib/thumb/v7e-m+fp/hard\libg_nano.a(libc_a-mallocr.o)
                0x0800a800                _malloc_r
 .text.__malloc_lock
                0x0800a900        0xc C:/ST/STM32CubeCLT_1.21.0/GNU-tools-for-STM32/bin/../lib/gcc/arm-none-eabi/14.3.1/../../../../arm-none-eabi/lib/thumb/v7e-m+fp/hard\libg_nano.a(libc_a-mlock.o)
                0x0800a900                __malloc_lock
 .text.__malloc_unlock
                0x0800a90c        0xc C:/ST/STM32CubeCLT_1.21.0/GNU-tools-for-STM32/bin/../lib/gcc/arm-none-eabi/14.3.1/../../../../arm-none-eabi/lib/thumb/v7e-m+fp/hard\libg_nano.a(libc_a-mlock.o)
                0x0800a90c                __malloc_unlock
 .text.__ssputs_r
                0x0800a918       0xc0 C:/ST/STM32CubeCLT_1.21.0/GNU-tools-for-STM32/bin/../lib/gcc/arm-none-eabi/14.3.1/../../../../arm-none-eabi/lib/thumb/v7e-m+fp/hard\libg_nano.a(libc_a-nano-svfprintf.o)
                0x0800a918                __ssputs_r
 .text._svfprintf_r
                0x0800a9d8      0x1f0 C:/ST/STM32CubeCLT_1.21.0/GNU-tools-for-STM32/bin/../lib/gcc/arm-none-eabi/14.3.1/../../../../arm-none-eabi/lib/thumb/v7e-m+fp/hard\libg_nano.a(libc_a-nano-svfprintf.o)
                0x0800a9d8                _svfiprintf_r
                0x0800a9d8                _svfprintf_r
 .text._printf_common
                0x0800abc8       0xda C:/ST/STM32CubeCLT_1.21.0/GNU-tools-for-STM32/bin/../lib/gcc/arm-none-eabi/14.3.1/../../../../arm-none-eabi/lib/thumb/v7e-m+fp/hard\libg_nano.a(libc_a-nano-vfprintf_i.o)
                0x0800abc8                _printf_common
 *fill*         0x0800aca2        0x2 
 .text._printf_i
                0x0800aca4      0x24c C:/ST/STM32CubeCLT_1.21.0/GNU-tools-for-STM32/bin/../lib/gcc/arm-none-eabi/14.3.1/../../../../arm-none-eabi/lib/thumb/v7e-m+fp/hard\libg_nano.a(libc_a-nano-vfprintf_i.o)
                0x0800aca4                _printf_i
 .text.memmove  0x0800aef0       0x32 C:/ST/STM32CubeCLT_1.21.0/GNU-tools-for-STM32/bin/../lib/gcc/arm-none-eabi/14.3.1/../../../../arm-none-eabi/lib/thumb/v7e-m+fp/hard\libg_nano.a(libc_a-memmove.o)
                0x0800aef0                memmove
 *fill*         0x0800af22        0x2 
 .text._sbrk_r  0x0800af24       0x20 C:/ST/STM32CubeCLT_1.21.0/GNU-tools-for-STM32/bin/../lib/gcc/arm-none-eabi/14.3.1/../../../../arm-none-eabi/lib/thumb/v7e-m+fp/hard\libg_nano.a(libc_a-sbrkr.o)
                0x0800af24                _sbrk_r
 .text._realloc_r
                0x0800af44       0x5c C:/ST/STM32CubeCLT_1.21.0/GNU-tools-for-STM32/bin/../lib/gcc/arm-none-eabi/14.3.1/../../../../arm-none-eabi/lib/thumb/v7e-m+fp/hard\libg_nano.a(libc_a-reallocr.o)
                0x0800af44                _realloc_r
 .text._malloc_usable_size_r
                0x0800afa0       0x10 C:/ST/STM32CubeCLT_1.21.0/GNU-tools-for-STM32/bin/../lib/gcc/arm-none-eabi/14.3.1/../../../../arm-none-eabi/lib/thumb/v7e-m+fp/hard\libg_nano.a(libc_a-msizer.o)
                0x0800afa0                _malloc_usable_size_r
 *(.glue_7)
 .glue_7        0x0800afb0        0x0 linker stubs
 *(.glue_7t)
 .glue_7t       0x0800afb0        0x0 linker stubs
 *(.eh_frame)
 .eh_frame      0x0800afb0        0x0 C:/ST/STM32CubeCLT_1.21.0/GNU-tools-for-STM32/bin/../lib/gcc/arm-none-eabi/14.3.1/thumb/v7e-m+fp/hard/crtbegin.o
 *(.init)
 .init          0x0800afb0        0x4 C:/ST/STM32CubeCLT_1.21.0/GNU-tools-for-STM32/bin/../lib/gcc/arm-none-eabi/14.3.1/thumb/v7e-m+fp/hard/crti.o
                0x0800afb0                _init
 .init          0x0800afb4        0x8 C:/ST/STM32CubeCLT_1.21.0/GNU-tools-for-STM32/bin/../lib/gcc/arm-none-eabi/14.3.1/thumb/v7e-m+fp/hard/crtn.o
 *(.fini)
 .fini          0x0800afbc        0x4 C:/ST/STM32CubeCLT_1.21.0/GNU-tools-for-STM32/bin/../lib/gcc/arm-none-eabi/14.3.1/thumb/v7e-m+fp/hard/crti.o
                0x0800afbc                _fini
 .fini          0x0800afc0        0x8 C:/ST/STM32CubeCLT_1.21.0/GNU-tools-for-STM32/bin/../lib/gcc/arm-none-eabi/14.3.1/thumb/v7e-m+fp/hard/crtn.o
                0x0800afc8                        . = ALIGN (0x4)
                0x0800afc8                        _etext = .

.vfp11_veneer   0x0800afc8        0x0
 .vfp11_veneer  0x0800afc8        0x0 linker stubs

.v4_bx          0x0800afc8        0x0
 .v4_bx         0x0800afc8        0x0 linker stubs

.iplt           0x0800afc8        0x0
 .iplt          0x0800afc8        0x0 C:/ST/STM32CubeCLT_1.21.0/GNU-tools-for-STM32/bin/../lib/gcc/arm-none-eabi/14.3.1/thumb/v7e-m+fp/hard/crtbegin.o

.rodata         0x0800afc8      0x494
                0x0800afc8                        . = ALIGN (0x4)
 *(.rodata)
 .rodata        0x0800afc8       0x15 CMakeFiles/M4_STEP.dir/Core/Src/fastrun.c.obj
 *fill*         0x0800afdd        0x3 
 .rodata        0x0800afe0       0x4e CMakeFiles/M4_STEP.dir/Core/Src/menu.c.obj
 *fill*         0x0800b02e        0x2 
 .rodata        0x0800b030       0x30 CMakeFiles/M4_STEP.dir/Core/Src/motor.c.obj
 .rodata        0x0800b060       0x3d CMakeFiles/M4_STEP.dir/Core/Src/search.c.obj
 *fill*         0x0800b09d        0x3 
 .rodata        0x0800b0a0       0x8d CMakeFiles/M4_STEP.dir/Core/Src/sensor.c.obj
 *(.rodata*)
 *fill*         0x0800b12d        0x3 
 .rodata.AHBPrescTable
                0x0800b130       0x10 cmake/stm32cubemx/CMakeFiles/STM32_Drivers.dir/__/__/Core/Src/system_stm32g4xx.c.obj
                0x0800b130                AHBPrescTable
 .rodata.APBPrescTable
                0x0800b140        0x8 cmake/stm32cubemx/CMakeFiles/STM32_Drivers.dir/__/__/Core/Src/system_stm32g4xx.c.obj
                0x0800b140                APBPrescTable
 .rodata.USART_PRESCALER_TAB
                0x0800b148       0x40 cmake/stm32cubemx/CMakeFiles/STM32_Drivers.dir/__/__/Drivers/STM32G4xx_HAL_Driver/Src/stm32g4xx_ll_usart.c.obj
 .rodata.CHANNEL_OFFSET_TAB
                0x0800b188        0x8 CMakeFiles/M4_STEP.dir/Core/Src/i2c.c.obj
 .rodata.OFFSET_TAB_CCMRx
                0x0800b190        0xa CMakeFiles/M4_STEP.dir/Core/Src/tim.c.obj
 *fill*         0x0800b19a        0x2 
 .rodata.SHIFT_TAB_OCxx
                0x0800b19c        0xa CMakeFiles/M4_STEP.dir/Core/Src/tim.c.obj
 *fill*         0x0800b1a6        0x2 
 .rodata.font5x7
                0x0800b1a8      0x1db CMakeFiles/M4_STEP.dir/Core/Src/oled.c.obj
                0x0800b1a8                font5x7
 *fill*         0x0800b383        0x1 
 .rodata.scan_table
                0x0800b384       0x60 CMakeFiles/M4_STEP.dir/Core/Src/sensor.c.obj
                0x0800b384                scan_table
 .rodata.state_table
                0x0800b3e4       0x24 CMakeFiles/M4_STEP.dir/Core/Src/sensor.c.obj
                0x0800b3e4                state_table
 .rodata.right_step_bsrr
                0x0800b408       0x10 CMakeFiles/M4_STEP.dir/Core/Src/global.c.obj
                0x0800b408                right_step_bsrr
 .rodata.left_step_bsrr
                0x0800b418       0x10 CMakeFiles/M4_STEP.dir/Core/Src/global.c.obj
                0x0800b418                left_step_bsrr
 .rodata._svfprintf_r.str1.1
                0x0800b428       0x33 C:/ST/STM32CubeCLT_1.21.0/GNU-tools-for-STM32/bin/../lib/gcc/arm-none-eabi/14.3.1/../../../../arm-none-eabi/lib/thumb/v7e-m+fp/hard\libg_nano.a(libc_a-nano-svfprintf.o)
                                 0x11 (size before relaxing)
 .rodata._printf_i.str1.1
                0x0800b45b       0x22 C:/ST/STM32CubeCLT_1.21.0/GNU-tools-for-STM32/bin/../lib/gcc/arm-none-eabi/14.3.1/../../../../arm-none-eabi/lib/thumb/v7e-m+fp/hard\libg_nano.a(libc_a-nano-vfprintf_i.o)
                0x0800b480                        . = ALIGN (0x4)
 *fill*         0x0800b45b        0x1 

.ARM.extab      0x0800b45c        0x0
                0x0800b45c                        . = ALIGN (0x4)
 *(.ARM.extab* .gnu.linkonce.armextab.*)
                0x0800b45c                        . = ALIGN (0x4)

.ARM            0x0800b45c        0x8
                0x0800b45c                        . = ALIGN (0x4)
                0x0800b45c                        __exidx_start = .
 *(.ARM.exidx*)
 .ARM.exidx     0x0800b45c        0x8 C:/ST/STM32CubeCLT_1.21.0/GNU-tools-for-STM32/bin/../lib/gcc/arm-none-eabi/14.3.1/../../../../arm-none-eabi/lib/thumb/v7e-m+fp/hard\libg_nano.a(libc_a-strlen.o)
 .ARM.exidx     0x0800b464        0x0 C:/ST/STM32CubeCLT_1.21.0/GNU-tools-for-STM32/bin/../lib/gcc/arm-none-eabi/14.3.1/../../../../arm-none-eabi/lib/thumb/v7e-m+fp/hard\libg_nano.a(libc_a-memchr.o)
                                  0x8 (size before relaxing)
                0x0800b464                        __exidx_end = .
                0x0800b464                        . = ALIGN (0x4)

.preinit_array  0x0800b464        0x0
                0x0800b464                        . = ALIGN (0x4)
                0x0800b464                        PROVIDE (__preinit_array_start = .)
 *(.preinit_array*)
                0x0800b464                        PROVIDE (__preinit_array_end = .)
                0x0800b464                        . = ALIGN (0x4)

.init_array     0x0800b464        0x4
                0x0800b464                        . = ALIGN (0x4)
                0x0800b464                        PROVIDE (__init_array_start = .)
 *(SORT_BY_NAME(.init_array.*))
 *(.init_array*)
 .init_array    0x0800b464        0x4 C:/ST/STM32CubeCLT_1.21.0/GNU-tools-for-STM32/bin/../lib/gcc/arm-none-eabi/14.3.1/thumb/v7e-m+fp/hard/crtbegin.o
                0x0800b468                        PROVIDE (__init_array_end = .)
                0x0800b468                        . = ALIGN (0x4)

.fini_array     0x0800b468        0x4
                0x0800b468                        . = ALIGN (0x4)
                [!provide]                        PROVIDE (__fini_array_start = .)
 *(SORT_BY_NAME(.fini_array.*))
 *(.fini_array*)
 .fini_array    0x0800b468        0x4 C:/ST/STM32CubeCLT_1.21.0/GNU-tools-for-STM32/bin/../lib/gcc/arm-none-eabi/14.3.1/thumb/v7e-m+fp/hard/crtbegin.o
                [!provide]                        PROVIDE (__fini_array_end = .)
                0x0800b46c                        . = ALIGN (0x4)
                0x0800b46c                        _sidata = LOADADDR (.data)

.rel.dyn        0x0800b46c        0x0
 .rel.iplt      0x0800b46c        0x0 C:/ST/STM32CubeCLT_1.21.0/GNU-tools-for-STM32/bin/../lib/gcc/arm-none-eabi/14.3.1/thumb/v7e-m+fp/hard/crtbegin.o

.data           0x20000000      0x158 load address 0x0800b46c
                0x20000000                        . = ALIGN (0x4)
                0x20000000                        _sdata = .
 *(.data)
 *(.data*)
 .data.SystemCoreClock
                0x20000000        0x4 cmake/stm32cubemx/CMakeFiles/STM32_Drivers.dir/__/__/Core/Src/system_stm32g4xx.c.obj
                0x20000000                SystemCoreClock
 .data.menu_sel
                0x20000004       0xb4 CMakeFiles/M4_STEP.dir/Core/Src/menu.c.obj
                0x20000004                menu_sel
 .data.menu_functions
                0x200000b8       0x50 CMakeFiles/M4_STEP.dir/Core/Src/menu.c.obj
                0x200000b8                menu_functions
 .data._impure_ptr
                0x20000108        0x4 C:/ST/STM32CubeCLT_1.21.0/GNU-tools-for-STM32/bin/../lib/gcc/arm-none-eabi/14.3.1/../../../../arm-none-eabi/lib/thumb/v7e-m+fp/hard\libg_nano.a(libc_a-impure.o)
                0x20000108                _impure_ptr
 .data._impure_data
                0x2000010c       0x4c C:/ST/STM32CubeCLT_1.21.0/GNU-tools-for-STM32/bin/../lib/gcc/arm-none-eabi/14.3.1/../../../../arm-none-eabi/lib/thumb/v7e-m+fp/hard\libg_nano.a(libc_a-impure.o)
                0x2000010c                _impure_data
 *(.RamFunc)
 *(.RamFunc*)
                0x20000158                        . = ALIGN (0x4)

.igot.plt       0x20000158        0x0 load address 0x0800b5c4
 .igot.plt      0x20000158        0x0 C:/ST/STM32CubeCLT_1.21.0/GNU-tools-for-STM32/bin/../lib/gcc/arm-none-eabi/14.3.1/thumb/v7e-m+fp/hard/crtbegin.o

.tdata          0x20000158        0x0 load address 0x0800b5c4
 *(.tdata .tdata.* .gnu.linkonce.td.*)
                0x20000158                        . = ALIGN (0x4)
                0x20000158                        _edata = .
                [!provide]                        PROVIDE (__data_end = .)
                [!provide]                        PROVIDE (__tdata_end = .)
                [!provide]                        PROVIDE (__tdata_start = ADDR (.tdata))
                [!provide]                        PROVIDE (__tdata_size = (__tdata_end - __tdata_start))
                [!provide]                        PROVIDE (__data_start = ADDR (.data))
                [!provide]                        PROVIDE (__data_size = (__data_end - __data_start))
                [!provide]                        PROVIDE (__tdata_source = LOADADDR (.tdata))
                [!provide]                        PROVIDE (__tdata_source_end = (LOADADDR (.tdata) + SIZEOF (.tdata)))
                [!provide]                        PROVIDE (__tdata_source_size = (__tdata_source_end - __tdata_source))
                [!provide]                        PROVIDE (__data_source = LOADADDR (.data))
                [!provide]                        PROVIDE (__data_source_end = __tdata_source_end)
                [!provide]                        PROVIDE (__data_source_size = (__data_source_end - __data_source))

.tbss           0x20000158        0x0 load address 0x0800b5c4
                0x20000158                        _sbss = .
                0x20000158                        __bss_start__ = _sbss
 *(.tbss .tbss.*)
                0x20000158                        . = ALIGN (0x4)
                [!provide]                        PROVIDE (__tbss_end = .)
                [!provide]                        PROVIDE (__tbss_start = ADDR (.tbss))
                [!provide]                        PROVIDE (__tbss_size = (__tbss_end - __tbss_start))
                [!provide]                        PROVIDE (__tbss_offset = (ADDR (.tbss) - ADDR (.tdata)))
                [!provide]                        PROVIDE (__tls_base = __tdata_start)
                [!provide]                        PROVIDE (__tls_end = __tbss_end)
                [!provide]                        PROVIDE (__tls_size = (__tls_end - __tls_base))
                [!provide]                        PROVIDE (__tls_align = MAX (ALIGNOF (.tdata), ALIGNOF (.tbss)))
                [!provide]                        PROVIDE (__tls_size_align = (((__tls_size + __tls_align) - 0x1) & ~ ((__tls_align - 0x1))))
                [!provide]                        PROVIDE (__arm32_tls_tcb_offset = MAX (0x8, __tls_align))
                [!provide]                        PROVIDE (__arm64_tls_tcb_offset = MAX (0x10, __tls_align))

.bss            0x20000158     0x3d58 load address 0x0800b5c4
 *(.bss)
 .bss           0x20000158       0x1c C:/ST/STM32CubeCLT_1.21.0/GNU-tools-for-STM32/bin/../lib/gcc/arm-none-eabi/14.3.1/thumb/v7e-m+fp/hard/crtbegin.o
 *(.bss*)
 .bss.__sbrk_heap_end
                0x20000174        0x4 CMakeFiles/M4_STEP.dir/Core/Src/sysmem.c.obj
 .bss.row       0x20000178        0x4 CMakeFiles/M4_STEP.dir/Core/Src/menu.c.obj
                0x20000178                row
 .bss.column    0x2000017c        0x4 CMakeFiles/M4_STEP.dir/Core/Src/menu.c.obj
                0x2000017c                column
 .bss.draw_buffer
                0x20000180      0x200 CMakeFiles/M4_STEP.dir/Core/Src/oled.c.obj
 .bss.frame_buffer
                0x20000380      0x200 CMakeFiles/M4_STEP.dir/Core/Src/oled.c.obj
 .bss.g_scan_step
                0x20000580        0x1 CMakeFiles/M4_STEP.dir/Core/Src/sensor.c.obj
                0x20000580                g_scan_step
 .bss.g_adc_step
                0x20000581        0x1 CMakeFiles/M4_STEP.dir/Core/Src/sensor.c.obj
                0x20000581                g_adc_step
 *fill*         0x20000582        0x2 
 .bss.g_sen     0x20000584      0x1c0 CMakeFiles/M4_STEP.dir/Core/Src/global.c.obj
                0x20000584                g_sen
 .bss.search_info
                0x20000744     0x3400 CMakeFiles/M4_STEP.dir/Core/Src/global.c.obj
                0x20000744                search_info
 .bss.g_pos     0x20003b44       0x18 CMakeFiles/M4_STEP.dir/Core/Src/global.c.obj
                0x20003b44                g_pos
 .bss.g_shift   0x20003b5c        0x4 CMakeFiles/M4_STEP.dir/Core/Src/global.c.obj
                0x20003b5c                g_shift
 .bss.g_lmark   0x20003b60       0x1c CMakeFiles/M4_STEP.dir/Core/Src/global.c.obj
                0x20003b60                g_lmark
 .bss.g_rmark   0x20003b7c       0x1c CMakeFiles/M4_STEP.dir/Core/Src/global.c.obj
                0x20003b7c                g_rmark
 .bss.LMotor    0x20003b98       0x5c CMakeFiles/M4_STEP.dir/Core/Src/global.c.obj
                0x20003b98                LMotor
 .bss.RMotor    0x20003bf4       0x5c CMakeFiles/M4_STEP.dir/Core/Src/global.c.obj
                0x20003bf4                RMotor
 .bss.g_motor   0x20003c50       0x5c CMakeFiles/M4_STEP.dir/Core/Src/global.c.obj
                0x20003c50                g_motor
 .bss.g_Flag    0x20003cac        0x2 CMakeFiles/M4_STEP.dir/Core/Src/global.c.obj
                0x20003cac                g_Flag
 *fill*         0x20003cae        0x2 
 .bss.a         0x20003cb0        0x4 CMakeFiles/M4_STEP.dir/Core/Src/global.c.obj
                0x20003cb0                a
 .bss.b         0x20003cb4        0x4 CMakeFiles/M4_STEP.dir/Core/Src/global.c.obj
                0x20003cb4                b
 .bss.d         0x20003cb8        0x4 CMakeFiles/M4_STEP.dir/Core/Src/global.c.obj
                0x20003cb8                d
 .bss.A_HANDLE  0x20003cbc        0x4 CMakeFiles/M4_STEP.dir/Core/Src/global.c.obj
                0x20003cbc                A_HANDLE
 .bss.D_HANDLE  0x20003cc0        0x4 CMakeFiles/M4_STEP.dir/Core/Src/global.c.obj
                0x20003cc0                D_HANDLE
 .bss.cnt       0x20003cc4        0x4 CMakeFiles/M4_STEP.dir/Core/Src/global.c.obj
                0x20003cc4                cnt
 .bss.S         0x20003cc8        0x4 CMakeFiles/M4_STEP.dir/Core/Src/global.c.obj
                0x20003cc8                S
 .bss.N         0x20003ccc        0x4 CMakeFiles/M4_STEP.dir/Core/Src/global.c.obj
                0x20003ccc                N
 .bss.c         0x20003cd0        0x8 CMakeFiles/M4_STEP.dir/Core/Src/global.c.obj
                0x20003cd0                c
 .bss.g_fp32time
                0x20003cd8        0x4 CMakeFiles/M4_STEP.dir/Core/Src/global.c.obj
                0x20003cd8                g_fp32time
 .bss.g_q7large_vel
                0x20003cdc        0x4 CMakeFiles/M4_STEP.dir/Core/Src/global.c.obj
                0x20003cdc                g_q7large_vel
 .bss.g_q15cross_dist
                0x20003ce0        0x4 CMakeFiles/M4_STEP.dir/Core/Src/global.c.obj
                0x20003ce0                g_q15cross_dist
 .bss.g_q17_handle_dec
                0x20003ce4        0x4 CMakeFiles/M4_STEP.dir/Core/Src/global.c.obj
                0x20003ce4                g_q17_handle_dec
 .bss.g_q17_handle_acc
                0x20003ce8        0x4 CMakeFiles/M4_STEP.dir/Core/Src/global.c.obj
                0x20003ce8                g_q17_handle_acc
 .bss.g_q17user_vel
                0x20003cec        0x4 CMakeFiles/M4_STEP.dir/Core/Src/global.c.obj
                0x20003cec                g_q17user_vel
 .bss.g_int32_sen_cnt
                0x20003cf0        0x4 CMakeFiles/M4_STEP.dir/Core/Src/global.c.obj
                0x20003cf0                g_int32_sen_cnt
 .bss.g_int32_copmare_cnt
                0x20003cf4        0x4 CMakeFiles/M4_STEP.dir/Core/Src/global.c.obj
                0x20003cf4                g_int32_copmare_cnt
 .bss.g_int32_lineout_cnt
                0x20003cf8        0x4 CMakeFiles/M4_STEP.dir/Core/Src/global.c.obj
                0x20003cf8                g_int32_lineout_cnt
 .bss.g_u32_ACC_targetval
                0x20003cfc        0x4 CMakeFiles/M4_STEP.dir/Core/Src/global.c.obj
                0x20003cfc                g_u32_ACC_targetval
 .bss.g_u32_VEL_targetval
                0x20003d00        0x4 CMakeFiles/M4_STEP.dir/Core/Src/global.c.obj
                0x20003d00                g_u32_VEL_targetval
 .bss.g_u32_END_ACC_targetval
                0x20003d04        0x4 CMakeFiles/M4_STEP.dir/Core/Src/global.c.obj
                0x20003d04                g_u32_END_ACC_targetval
 .bss.g_u32_END_VEL_targetval
                0x20003d08        0x4 CMakeFiles/M4_STEP.dir/Core/Src/global.c.obj
                0x20003d08                g_u32_END_VEL_targetval
 .bss.g_u32_R_index
                0x20003d0c        0x4 CMakeFiles/M4_STEP.dir/Core/Src/global.c.obj
                0x20003d0c                g_u32_R_index
 .bss.g_u32_L_index
                0x20003d10        0x4 CMakeFiles/M4_STEP.dir/Core/Src/global.c.obj
                0x20003d10                g_u32_L_index
 .bss.g_int32_start_end_cnt
                0x20003d14        0x4 CMakeFiles/M4_STEP.dir/Core/Src/global.c.obj
                0x20003d14                g_int32_start_end_cnt
 .bss.g_int32_cross_cnt
                0x20003d18        0x4 CMakeFiles/M4_STEP.dir/Core/Src/global.c.obj
                0x20003d18                g_int32_cross_cnt
 .bss.g_int32_rturnmark_cnt
                0x20003d1c        0x4 CMakeFiles/M4_STEP.dir/Core/Src/global.c.obj
                0x20003d1c                g_int32_rturnmark_cnt
 .bss.g_int32_lturnmark_cnt
                0x20003d20        0x4 CMakeFiles/M4_STEP.dir/Core/Src/global.c.obj
                0x20003d20                g_int32_lturnmark_cnt
 .bss.g_int32_turnmark_cnt
                0x20003d24        0x4 CMakeFiles/M4_STEP.dir/Core/Src/global.c.obj
                0x20003d24                g_int32_turnmark_cnt
 .bss.g_int32total_cnt
                0x20003d28        0x4 CMakeFiles/M4_STEP.dir/Core/Src/global.c.obj
                0x20003d28                g_int32total_cnt
 .bss.g_int32_isr_cnt
                0x20003d2c        0x4 CMakeFiles/M4_STEP.dir/Core/Src/global.c.obj
                0x20003d2c                g_int32_isr_cnt
 .bss.g_i32_Time_index
                0x20003d30        0x4 CMakeFiles/M4_STEP.dir/Core/Src/global.c.obj
                0x20003d30                g_i32_Time_index
 .bss.g_int32turn_45_VEL
                0x20003d34        0x4 CMakeFiles/M4_STEP.dir/Core/Src/global.c.obj
                0x20003d34                g_int32turn_45_VEL
 .bss.g_int32turn_90_VEL
                0x20003d38        0x4 CMakeFiles/M4_STEP.dir/Core/Src/global.c.obj
                0x20003d38                g_int32turn_90_VEL
 .bss.g_int32turn_180_VEL
                0x20003d3c        0x4 CMakeFiles/M4_STEP.dir/Core/Src/global.c.obj
                0x20003d3c                g_int32turn_180_VEL
 .bss.g_int32turn_270_VEL
                0x20003d40        0x4 CMakeFiles/M4_STEP.dir/Core/Src/global.c.obj
                0x20003d40                g_int32turn_270_VEL
 .bss.g_int32turn_LARGE_VEL
                0x20003d44        0x4 CMakeFiles/M4_STEP.dir/Core/Src/global.c.obj
                0x20003d44                g_int32turn_LARGE_VEL
 .bss.g_int32long_ACC
                0x20003d48        0x4 CMakeFiles/M4_STEP.dir/Core/Src/global.c.obj
                0x20003d48                g_int32long_ACC
 .bss.g_int32mid_ACC
                0x20003d4c        0x4 CMakeFiles/M4_STEP.dir/Core/Src/global.c.obj
                0x20003d4c                g_int32mid_ACC
 .bss.g_int32short_ACC
                0x20003d50        0x4 CMakeFiles/M4_STEP.dir/Core/Src/global.c.obj
                0x20003d50                g_int32short_ACC
 .bss.g_int32speed_up_cnt
                0x20003d54        0x4 CMakeFiles/M4_STEP.dir/Core/Src/global.c.obj
                0x20003d54                g_int32speed_up_cnt
 .bss.g_int32large_ACC
                0x20003d58        0x4 CMakeFiles/M4_STEP.dir/Core/Src/global.c.obj
                0x20003d58                g_int32large_ACC
 .bss.U16_turnmark_cnt
                0x20003d5c        0x2 CMakeFiles/M4_STEP.dir/Core/Src/global.c.obj
                0x20003d5c                U16_turnmark_cnt
 .bss.i         0x20003d5e        0x2 CMakeFiles/M4_STEP.dir/Core/Src/global.c.obj
                0x20003d5e                i
 .bss.g_u16pos_cnt
                0x20003d60        0x2 CMakeFiles/M4_STEP.dir/Core/Src/global.c.obj
                0x20003d60                g_u16pos_cnt
 .bss.g_u16turn_dist
                0x20003d62        0x2 CMakeFiles/M4_STEP.dir/Core/Src/global.c.obj
                0x20003d62                g_u16turn_dist
 .bss.g_i16_handle_acc
                0x20003d64        0x2 CMakeFiles/M4_STEP.dir/Core/Src/global.c.obj
                0x20003d64                g_i16_handle_acc
 .bss.g_i16_handle_dec
                0x20003d66        0x2 CMakeFiles/M4_STEP.dir/Core/Src/global.c.obj
                0x20003d66                g_i16_handle_dec
 .bss.__sf      0x20003d68      0x138 C:/ST/STM32CubeCLT_1.21.0/GNU-tools-for-STM32/bin/../lib/gcc/arm-none-eabi/14.3.1/../../../../arm-none-eabi/lib/thumb/v7e-m+fp/hard\libg_nano.a(libc_a-findfp.o)
                0x20003d68                __sf
 .bss.errno     0x20003ea0        0x4 C:/ST/STM32CubeCLT_1.21.0/GNU-tools-for-STM32/bin/../lib/gcc/arm-none-eabi/14.3.1/../../../../arm-none-eabi/lib/thumb/v7e-m+fp/hard\libg_nano.a(libc_a-reent.o)
                0x20003ea0                errno
 .bss.__lock___malloc_recursive_mutex
                0x20003ea4        0x1 C:/ST/STM32CubeCLT_1.21.0/GNU-tools-for-STM32/bin/../lib/gcc/arm-none-eabi/14.3.1/../../../../arm-none-eabi/lib/thumb/v7e-m+fp/hard\libg_nano.a(libc_a-lock.o)
                0x20003ea4                __lock___malloc_recursive_mutex
 *fill*         0x20003ea5        0x3 
 .bss.__malloc_sbrk_start
                0x20003ea8        0x4 C:/ST/STM32CubeCLT_1.21.0/GNU-tools-for-STM32/bin/../lib/gcc/arm-none-eabi/14.3.1/../../../../arm-none-eabi/lib/thumb/v7e-m+fp/hard\libg_nano.a(libc_a-mallocr.o)
                0x20003ea8                __malloc_sbrk_start
 .bss.__malloc_free_list
                0x20003eac        0x4 C:/ST/STM32CubeCLT_1.21.0/GNU-tools-for-STM32/bin/../lib/gcc/arm-none-eabi/14.3.1/../../../../arm-none-eabi/lib/thumb/v7e-m+fp/hard\libg_nano.a(libc_a-mallocr.o)
                0x20003eac                __malloc_free_list
 *(COMMON)
                0x20003eb0                        . = ALIGN (0x4)
                0x20003eb0                        _ebss = .
                0x20003eb0                        __bss_end__ = _ebss
                [!provide]                        PROVIDE (__bss_end = .)
                [!provide]                        PROVIDE (__non_tls_bss_start = ADDR (.bss))
                [!provide]                        PROVIDE (__bss_start = __tbss_start)
                [!provide]                        PROVIDE (__bss_size = (__bss_end - __bss_start))

._user_heap_stack
                0x20003eb0      0x600 load address 0x0800b5c4
                0x20003eb0                        . = ALIGN (0x8)
                [!provide]                        PROVIDE (end = .)
                0x20003eb0                        PROVIDE (_end = .)
                0x200040b0                        . = (. + _Min_Heap_Size)
 *fill*         0x20003eb0      0x200 
                0x200044b0                        . = (. + _Min_Stack_Size)
 *fill*         0x200040b0      0x400 
                0x200044b0                        . = ALIGN (0x8)

/DISCARD/
 libc.a:*(*)
 libm.a:*(*)
 libgcc.a:*(*)
OUTPUT(M4_STEP.elf elf32-littlearm)
LOAD linker stubs

.ARM.attributes
                0x00000000       0x30
 .ARM.attributes
                0x00000000       0x22 C:/ST/STM32CubeCLT_1.21.0/GNU-tools-for-STM32/bin/../lib/gcc/arm-none-eabi/14.3.1/thumb/v7e-m+fp/hard/crti.o
 .ARM.attributes
                0x00000022       0x34 C:/ST/STM32CubeCLT_1.21.0/GNU-tools-for-STM32/bin/../lib/gcc/arm-none-eabi/14.3.1/thumb/v7e-m+fp/hard/crtbegin.o
 .ARM.attributes
                0x00000056       0x34 cmake/stm32cubemx/CMakeFiles/STM32_Drivers.dir/__/__/Core/Src/system_stm32g4xx.c.obj
 .ARM.attributes
                0x0000008a       0x34 cmake/stm32cubemx/CMakeFiles/STM32_Drivers.dir/__/__/Drivers/STM32G4xx_HAL_Driver/Src/stm32g4xx_ll_utils.c.obj
 .ARM.attributes
                0x000000be       0x34 cmake/stm32cubemx/CMakeFiles/STM32_Drivers.dir/__/__/Drivers/STM32G4xx_HAL_Driver/Src/stm32g4xx_ll_gpio.c.obj
 .ARM.attributes