C:/STproject/M4_STEP/Core/Src/dfr0647.c:16:6:dfr0647_set_addr7	16	static
C:/STproject/M4_STEP/Core/Src/dfr0647.c:20:13:oled_cmd	32	static
C:/STproject/M4_STEP/Core/Src/dfr0647.c:24:13:oled_data	32	static
C:/STproject/M4_STEP/Core/Src/dfr0647.c:28:6:dfr0647_init	8	static
C:/STproject/M4_STEP/Core/Src/dfr0647.c:53:6:dfr0647_clear	16	static
C:/STproject/M4_STEP/Core/Src/dfr0647.c:57:13:draw_char	32	static
C:/STproject/M4_STEP/Core/Src/dfr0647.c:72:6:dfr0647_draw_string	16	static
C:/STproject/M4_STEP/Core/Src/dfr0647.c:82:16:u32_to_dec	32	static
C:/STproject/M4_STEP/Core/Src/dfr0647.c:97:16:i32_to_dec	24	static
C:/STproject/M4_STEP/Core/Src/dfr0647.c:106:6:dfr0647_draw_u16	24	static
C:/STproject/M4_STEP/Core/Src/dfr0647.c:112:6:dfr0647_draw_i32	32	static
C:/STproject/M4_STEP/Core/Src/dfr0647.c:118:6:dfr0647_draw_f32	72	static
C:/STproject/M4_STEP/Core/Src/dfr0647.c:165:6:dfr0647_update	16	static
