C:/STproject/M4_STEP/Core/Src/fastrun.c:15:6:second_race	8	static
C:/STproject/M4_STEP/Core/Src/fastrun.c:22:6:fast_race	16	static
C:/STproject/M4_STEP/Core/Src/fastrun.c:70:13:turn_division_func	16	static
C:/STproject/M4_STEP/Core/Src/fastrun.c:79:6:second_info	24	static
C:/STproject/M4_STEP/Core/Src/fastrun.c:102:13:turn_division_compute	16	static
C:/STproject/M4_STEP/Core/Src/fastrun.c:110:13:straight_compute	24	static
C:/STproject/M4_STEP/Core/Src/fastrun.c:167:13:default_turn_compute	16	static
C:/STproject/M4_STEP/Core/Src/fastrun.c:231:6:max_vel_compute	40	static
C:/STproject/M4_STEP/Core/Src/fastrun.c:245:6:decel_dist_compute	32	static
C:/STproject/M4_STEP/Core/Src/fastrun.c:256:6:turn_info_func	16	static
C:/STproject/M4_STEP/Core/Src/fastrun.c:265:6:turn_info_compute	32	static
C:/STproject/M4_STEP/Core/Src/fastrun.c:362:6:speed_up_compute	24	static
C:/STproject/M4_STEP/Core/Src/fastrun.c:378:13:speed_up_func	4	static
