C:/STproject/G474/M4_STEP/Core/Src/main.c:94:5:main	8	static
C:/STproject/G474/M4_STEP/Core/Src/main.c:150:6:SystemClock_Config	88	static
C:/STproject/G474/M4_STEP/Core/Src/main.c:197:13:MX_ADC1_Init	56	static
C:/STproject/G474/M4_STEP/Core/Src/main.c:265:13:MX_ADC2_Init	40	static
C:/STproject/G474/M4_STEP/Core/Src/main.c:324:13:MX_ADC3_Init	56	static
C:/STproject/G474/M4_STEP/Core/Src/main.c:392:13:MX_ADC4_Init	40	static
C:/STproject/G474/M4_STEP/Core/Src/main.c:451:13:MX_ADC5_Init	40	static
C:/STproject/G474/M4_STEP/Core/Src/main.c:510:13:MX_I2C2_Init	8	static
C:/STproject/G474/M4_STEP/Core/Src/main.c:558:13:MX_SPI1_Init	8	static
C:/STproject/G474/M4_STEP/Core/Src/main.c:598:13:MX_TIM2_Init	64	static
C:/STproject/G474/M4_STEP/Core/Src/main.c:657:13:MX_USART1_UART_Init	8	static
C:/STproject/G474/M4_STEP/Core/Src/main.c:703:13:MX_DMA_Init	16	static
C:/STproject/G474/M4_STEP/Core/Src/main.c:734:13:MX_GPIO_Init	56	static
C:/STproject/G474/M4_STEP/Core/Src/main.c:832:6:Error_Handler	4	static,ignoring_inline_asm
