C:/STproject/G474/M4_STEP/Core/Src/motor.c:7:6:F_ENDACCEL	8	static
C:/STproject/G474/M4_STEP/Core/Src/motor.c:33:6:F_ACCELERATION	8	static
C:/STproject/G474/M4_STEP/Core/Src/motor.c:74:6:F_HANDLE_ACC	8	static
C:/STproject/G474/M4_STEP/Core/Src/motor.c:97:6:F_HANDLE_DEC	8	static
C:/STproject/G474/M4_STEP/Core/Src/motor.c:121:6:F_TURNDIST	8	static
C:/STproject/G474/M4_STEP/Core/Src/motor.c:141:6:F_VELOCITY	8	static
C:/STproject/G474/M4_STEP/Core/Src/motor.c:163:6:motor_vari_init	8	static
C:/STproject/G474/M4_STEP/Core/Src/motor.c:169:6:Init_MotorCtrlVar	16	static
C:/STproject/G474/M4_STEP/Core/Src/motor.c:192:6:Motor_CalBaseMotionValue	24	static
C:/STproject/G474/M4_STEP/Core/Src/motor.c:235:6:R_Motor_ON	16	static
C:/STproject/G474/M4_STEP/Core/Src/motor.c:248:6:L_Motor_ON	16	static
C:/STproject/G474/M4_STEP/Core/Src/motor.c:261:6:decel_calculation	4	static
C:/STproject/G474/M4_STEP/Core/Src/motor.c:291:6:move_to_move	32	static,ignoring_inline_asm
C:/STproject/G474/M4_STEP/Core/Src/motor.c:313:6:move_to_end	24	static,ignoring_inline_asm
