C:/STproject/M4_STEP/Core/Src/oled.c:135:17:OLED_EnterCritical	24	static,ignoring_inline_asm
C:/STproject/M4_STEP/Core/Src/oled.c:144:13:OLED_ExitCritical	24	static,ignoring_inline_asm
C:/STproject/M4_STEP/Core/Src/oled.c:149:13:OLED_Cmd	32	static
C:/STproject/M4_STEP/Core/Src/oled.c:155:6:OLED_Init	8	static
C:/STproject/M4_STEP/Core/Src/oled.c:194:6:OLED_Clear	8	static
C:/STproject/M4_STEP/Core/Src/oled.c:200:9:OLED_IsBusy	4	static
C:/STproject/M4_STEP/Core/Src/oled.c:205:6:OLED_Update	16	static
C:/STproject/M4_STEP/Core/Src/oled.c:220:6:OLED_Print	24	static
C:/STproject/M4_STEP/Core/Src/oled.c:237:6:OLED_Printf	56	static
C:/STproject/M4_STEP/Core/Src/oled.c:250:6:HAL_I2C_MasterTxCpltCallback	24	static
C:/STproject/M4_STEP/Core/Src/oled.c:291:6:HAL_I2C_ErrorCallback	16	static
C:/STproject/M4_STEP/Core/Src/oled.c:302:13:OLED_DrawChar	24	static
C:/STproject/M4_STEP/Core/Src/oled.c:332:13:OLED_StartDmaFrame	16	static
C:/STproject/M4_STEP/Core/Src/oled.c:344:13:OLED_StartPageCommand	16	static
C:/STproject/M4_STEP/Core/Src/oled.c:360:13:OLED_StartPageData	16	static
C:/STproject/M4_STEP/Core/Src/oled.c:374:13:OLED_UpdateBlocking	152	static
