C:/STproject/M4_STEP/cmake/stm32cubemx/../../Drivers/STM32G4xx_HAL_Driver/Inc/stm32g4xx_ll_i2c.h:429:22:LL_I2C_Enable	16	static
C:/STproject/M4_STEP/cmake/stm32cubemx/../../Drivers/STM32G4xx_HAL_Driver/Inc/stm32g4xx_ll_i2c.h:454:26:LL_I2C_IsEnabled	16	static
C:/STproject/M4_STEP/cmake/stm32cubemx/../../Drivers/STM32G4xx_HAL_Driver/Inc/stm32g4xx_ll_i2c.h:1565:26:LL_I2C_IsActiveFlag_TXIS	16	static
C:/STproject/M4_STEP/cmake/stm32cubemx/../../Drivers/STM32G4xx_HAL_Driver/Inc/stm32g4xx_ll_i2c.h:1591:26:LL_I2C_IsActiveFlag_ADDR	16	static
C:/STproject/M4_STEP/cmake/stm32cubemx/../../Drivers/STM32G4xx_HAL_Driver/Inc/stm32g4xx_ll_i2c.h:1604:26:LL_I2C_IsActiveFlag_NACK	16	static
C:/STproject/M4_STEP/cmake/stm32cubemx/../../Drivers/STM32G4xx_HAL_Driver/Inc/stm32g4xx_ll_i2c.h:1617:26:LL_I2C_IsActiveFlag_STOP	16	static
C:/STproject/M4_STEP/cmake/stm32cubemx/../../Drivers/STM32G4xx_HAL_Driver/Inc/stm32g4xx_ll_i2c.h:1656:26:LL_I2C_IsActiveFlag_BERR	16	static
C:/STproject/M4_STEP/cmake/stm32cubemx/../../Drivers/STM32G4xx_HAL_Driver/Inc/stm32g4xx_ll_i2c.h:1669:26:LL_I2C_IsActiveFlag_ARLO	16	static
C:/STproject/M4_STEP/cmake/stm32cubemx/../../Drivers/STM32G4xx_HAL_Driver/Inc/stm32g4xx_ll_i2c.h:1682:26:LL_I2C_IsActiveFlag_OVR	16	static
C:/STproject/M4_STEP/cmake/stm32cubemx/../../Drivers/STM32G4xx_HAL_Driver/Inc/stm32g4xx_ll_i2c.h:1741:26:LL_I2C_IsActiveFlag_BUSY	16	static
C:/STproject/M4_STEP/cmake/stm32cubemx/../../Drivers/STM32G4xx_HAL_Driver/Inc/stm32g4xx_ll_i2c.h:1752:22:LL_I2C_ClearFlag_ADDR	16	static
C:/STproject/M4_STEP/cmake/stm32cubemx/../../Drivers/STM32G4xx_HAL_Driver/Inc/stm32g4xx_ll_i2c.h:1763:22:LL_I2C_ClearFlag_NACK	16	static
C:/STproject/M4_STEP/cmake/stm32cubemx/../../Drivers/STM32G4xx_HAL_Driver/Inc/stm32g4xx_ll_i2c.h:1774:22:LL_I2C_ClearFlag_STOP	16	static
C:/STproject/M4_STEP/cmake/stm32cubemx/../../Drivers/STM32G4xx_HAL_Driver/Inc/stm32g4xx_ll_i2c.h:1797:22:LL_I2C_ClearFlag_BERR	16	static
C:/STproject/M4_STEP/cmake/stm32cubemx/../../Drivers/STM32G4xx_HAL_Driver/Inc/stm32g4xx_ll_i2c.h:1808:22:LL_I2C_ClearFlag_ARLO	16	static
C:/STproject/M4_STEP/cmake/stm32cubemx/../../Drivers/STM32G4xx_HAL_Driver/Inc/stm32g4xx_ll_i2c.h:1819:22:LL_I2C_ClearFlag_OVR	16	static
C:/STproject/M4_STEP/cmake/stm32cubemx/../../Drivers/STM32G4xx_HAL_Driver/Inc/stm32g4xx_ll_i2c.h:2001:22:LL_I2C_GenerateStopCondition	16	static
C:/STproject/M4_STEP/cmake/stm32cubemx/../../Drivers/STM32G4xx_HAL_Driver/Inc/stm32g4xx_ll_i2c.h:2133:22:LL_I2C_HandleTransfer	32	static
C:/STproject/M4_STEP/cmake/stm32cubemx/../../Drivers/STM32G4xx_HAL_Driver/Inc/stm32g4xx_ll_i2c.h:2237:22:LL_I2C_TransmitData8	16	static
C:/STproject/M4_STEP/Core/Src/oled.c:120:13:OLED_I2C_ClearErrorFlags	8	static
C:/STproject/M4_STEP/Core/Src/oled.c:142:16:OLED_I2C_Write	40	static
C:/STproject/M4_STEP/Core/Src/oled.c:210:13:OLED_Cmd	24	static
C:/STproject/M4_STEP/Core/Src/oled.c:215:6:OLED_Init	8	static
C:/STproject/M4_STEP/Core/Src/oled.c:254:6:OLED_Clear	8	static
C:/STproject/M4_STEP/Core/Src/oled.c:260:9:OLED_IsBusy	4	static
C:/STproject/M4_STEP/Core/Src/oled.c:265:6:OLED_Update	8	static
C:/STproject/M4_STEP/Core/Src/oled.c:270:6:OLED_Print	24	static
C:/STproject/M4_STEP/Core/Src/oled.c:287:6:OLED_Printf	56	static
C:/STproject/M4_STEP/Core/Src/oled.c:302:13:OLED_DrawChar	24	static
C:/STproject/M4_STEP/Core/Src/oled.c:332:13:OLED_UpdateBlocking	144	static
C:/STproject/M4_STEP/Core/Src/oled.c:350:6:OLED_DrawSensorBars	32	static
C:/STproject/M4_STEP/Core/Src/oled.c:394:6:OLED_ClearBuffer	8	static
