C:/STproject/M4_STEP/Core/Src/rom.c:5:20:SPI_CS_DELAY	16	static,ignoring_inline_asm
C:/STproject/M4_STEP/Core/Src/rom.c:14:20:SPI1_CS_H	8	static
C:/STproject/M4_STEP/Core/Src/rom.c:19:20:SPI1_CS_L	8	static
C:/STproject/M4_STEP/Core/Src/rom.c:24:16:SpiTx	32	static
C:/STproject/M4_STEP/Core/Src/rom.c:31:6:SpiBusyOK	16	static
C:/STproject/M4_STEP/Core/Src/rom.c:50:6:SpiWriteRom	32	static
C:/STproject/M4_STEP/Core/Src/rom.c:86:6:SpiReadRom	32	static
C:/STproject/M4_STEP/Core/Src/rom.c:127:6:maxmin_write_rom	544	static
C:/STproject/M4_STEP/Core/Src/rom.c:146:6:maxmin_read_rom	544	static
C:/STproject/M4_STEP/Core/Src/rom.c:166:6:read_vel_rom	32	static
C:/STproject/M4_STEP/Core/Src/rom.c:176:6:write_vel_rom	32	static
C:/STproject/M4_STEP/Core/Src/rom.c:185:6:write_acc_rom	32	static
C:/STproject/M4_STEP/Core/Src/rom.c:194:6:read_acc_rom	32	static
C:/STproject/M4_STEP/Core/Src/rom.c:203:6:write_end_acc_rom	32	static
C:/STproject/M4_STEP/Core/Src/rom.c:212:6:read_end_acc_rom	32	static
C:/STproject/M4_STEP/Core/Src/rom.c:221:6:write_mark_cnt_rom	16	static
C:/STproject/M4_STEP/Core/Src/rom.c:229:6:read_mark_cnt_rom	16	static
C:/STproject/M4_STEP/Core/Src/rom.c:237:6:write_line_info_rom	2584	static
C:/STproject/M4_STEP/Core/Src/rom.c:280:6:read_line_info_rom	2584	static
C:/STproject/M4_STEP/Core/Src/rom.c:324:6:write_acc_handle_rom	32	static
C:/STproject/M4_STEP/Core/Src/rom.c:333:6:read_handle_acc_rom	32	static
C:/STproject/M4_STEP/Core/Src/rom.c:342:6:write_dec_handle_rom	32	static
C:/STproject/M4_STEP/Core/Src/rom.c:351:6:read_handle_dec_rom	32	static
