C:/STproject/M4_STEP/cmake/stm32cubemx/../../Drivers/STM32G4xx_HAL_Driver/Inc/stm32g4xx_ll_spi.h:371:22:LL_SPI_Enable	16	static
C:/STproject/M4_STEP/cmake/stm32cubemx/../../Drivers/STM32G4xx_HAL_Driver/Inc/stm32g4xx_ll_spi.h:918:26:LL_SPI_IsActiveFlag_RXNE	16	static
C:/STproject/M4_STEP/cmake/stm32cubemx/../../Drivers/STM32G4xx_HAL_Driver/Inc/stm32g4xx_ll_spi.h:929:26:LL_SPI_IsActiveFlag_TXE	16	static
C:/STproject/M4_STEP/cmake/stm32cubemx/../../Drivers/STM32G4xx_HAL_Driver/Inc/stm32g4xx_ll_spi.h:980:26:LL_SPI_IsActiveFlag_BSY	16	static
C:/STproject/M4_STEP/cmake/stm32cubemx/../../Drivers/STM32G4xx_HAL_Driver/Inc/stm32g4xx_ll_spi.h:1348:25:LL_SPI_ReceiveData8	16	static
C:/STproject/M4_STEP/cmake/stm32cubemx/../../Drivers/STM32G4xx_HAL_Driver/Inc/stm32g4xx_ll_spi.h:1371:22:LL_SPI_TransmitData8	24	static
C:/STproject/M4_STEP/Core/Src/rom.c:5:20:SPI_CS_DELAY	16	static,ignoring_inline_asm
C:/STproject/M4_STEP/Core/Src/rom.c:14:20:SPI1_CS_H	4	static
C:/STproject/M4_STEP/Core/Src/rom.c:19:20:SPI1_CS_L	4	static
C:/STproject/M4_STEP/Core/Src/rom.c:24:16:SpiTx	24	static
C:/STproject/M4_STEP/Core/Src/rom.c:44:6:SpiBusyOK	16	static
C:/STproject/M4_STEP/Core/Src/rom.c:63:6:SpiWriteRom	32	static
C:/STproject/M4_STEP/Core/Src/rom.c:99:6:SpiReadRom	32	static
C:/STproject/M4_STEP/Core/Src/rom.c:140:6:maxmin_write_rom	544	static
C:/STproject/M4_STEP/Core/Src/rom.c:159:6:maxmin_read_rom	544	static
C:/STproject/M4_STEP/Core/Src/rom.c:179:6:Rom_ReadAll	8	static
C:/STproject/M4_STEP/Core/Src/rom.c:193:6:read_vel_rom	32	static
C:/STproject/M4_STEP/Core/Src/rom.c:203:6:write_vel_rom	32	static
C:/STproject/M4_STEP/Core/Src/rom.c:212:6:write_acc_rom	32	static
C:/STproject/M4_STEP/Core/Src/rom.c:221:6:read_acc_rom	32	static
C:/STproject/M4_STEP/Core/Src/rom.c:230:6:write_end_acc_rom	32	static
C:/STproject/M4_STEP/Core/Src/rom.c:239:6:read_end_acc_rom	32	static
C:/STproject/M4_STEP/Core/Src/rom.c:248:6:write_mark_cnt_rom	16	static
C:/STproject/M4_STEP/Core/Src/rom.c:256:6:read_mark_cnt_rom	16	static
C:/STproject/M4_STEP/Core/Src/rom.c:264:6:write_line_info_rom	2584	static
C:/STproject/M4_STEP/Core/Src/rom.c:307:6:read_line_info_rom	2584	static
C:/STproject/M4_STEP/Core/Src/rom.c:351:6:write_acc_handle_rom	32	static
C:/STproject/M4_STEP/Core/Src/rom.c:360:6:read_handle_acc_rom	32	static
C:/STproject/M4_STEP/Core/Src/rom.c:369:6:write_dec_handle_rom	32	static
C:/STproject/M4_STEP/Core/Src/rom.c:378:6:read_handle_dec_rom	32	static
