C:/STproject/M4_STEP/Core/Src/sensor.c:46:13:sensor_led_on	16	static
C:/STproject/M4_STEP/Core/Src/sensor.c:51:13:sensor_led_off	16	static
C:/STproject/M4_STEP/Core/Src/sensor.c:56:13:sensor_uart_diag_write	240	static
C:/STproject/M4_STEP/Core/Src/sensor.c:86:6:sensor_uart_debug_poll	16	static
C:/STproject/M4_STEP/Core/Src/sensor.c:97:13:sensor_emitters_off	4	static
C:/STproject/M4_STEP/Core/Src/sensor.c:103:13:sensor_set_active_step	24	static
C:/STproject/M4_STEP/Core/Src/sensor.c:111:6:sensor_scan_start	8	static
C:/STproject/M4_STEP/Core/Src/sensor.c:136:6:HAL_TIM_PeriodElapsedCallback	16	static
C:/STproject/M4_STEP/Core/Src/sensor.c:143:6:HAL_TIM_OC_DelayElapsedCallback	16	static
C:/STproject/M4_STEP/Core/Src/sensor.c:148:6:HAL_ADC_ConvCpltCallback	72	static
C:/STproject/M4_STEP/Core/Src/sensor.c:255:6:HAL_ADC_ErrorCallback	16	static
C:/STproject/M4_STEP/Core/Src/sensor.c:278:6:sen_vari_init	16	static
C:/STproject/M4_STEP/Core/Src/sensor.c:310:13:position_enable	16	static
C:/STproject/M4_STEP/Core/Src/sensor.c:416:16:cross_check	16	static
C:/STproject/M4_STEP/Core/Src/sensor.c:472:13:mark_enable_shift	16	static
C:/STproject/M4_STEP/Core/Src/sensor.c:491:6:make_position	8	static
C:/STproject/M4_STEP/Core/Src/sensor.c:525:6:Handle	4	static
C:/STproject/M4_STEP/Core/Src/sensor.c:550:6:turn_decide	24	static
C:/STproject/M4_STEP/Core/Src/sensor.c:642:6:start_end_check	16	static
C:/STproject/M4_STEP/Core/Src/sensor.c:678:6:line_info	16	static
C:/STproject/M4_STEP/Core/Src/sensor.c:697:6:F_4095	16	static
C:/STproject/M4_STEP/Core/Src/sensor.c:726:6:F_Max_min	16	static
C:/STproject/M4_STEP/Core/Src/sensor.c:762:6:F_127	16	static
C:/STproject/M4_STEP/Core/Src/sensor.c:789:6:F_POSCHECK	16	static
C:/STproject/M4_STEP/Core/Src/sensor.c:831:6:F_TURNMARK	16	static
C:/STproject/M4_STEP/Core/Src/sensor.c:853:5:line_out_func	8	static
