C:/STproject/M4_STEP/Core/Src/sensor.c:44:13:sensor_led_on	16	static
C:/STproject/M4_STEP/Core/Src/sensor.c:49:13:sensor_led_off	16	static
C:/STproject/M4_STEP/Core/Src/sensor.c:54:13:sensor_emitters_off	4	static
C:/STproject/M4_STEP/Core/Src/sensor.c:60:13:sensor_set_active_step	24	static
C:/STproject/M4_STEP/Core/Src/sensor.c:68:27:sensor_dma_buffer_for_adc	16	static
C:/STproject/M4_STEP/Core/Src/sensor.c:93:16:sensor_dma_mask_for_adc	16	static
C:/STproject/M4_STEP/Core/Src/sensor.c:118:13:sensor_copy_frame	24	static
C:/STproject/M4_STEP/Core/Src/sensor.c:136:13:sensor_start_adc_dma	16	static
C:/STproject/M4_STEP/Core/Src/sensor.c:143:6:sensor_scan_poll	4	static
C:/STproject/M4_STEP/Core/Src/sensor.c:147:6:sensor_scan_start	8	static
C:/STproject/M4_STEP/Core/Src/sensor.c:180:6:HAL_TIM_PeriodElapsedCallback	24	static
C:/STproject/M4_STEP/Core/Src/sensor.c:199:6:HAL_TIM_OC_DelayElapsedCallback	16	static
C:/STproject/M4_STEP/Core/Src/sensor.c:210:6:HAL_ADC_ConvCpltCallback	24	static
C:/STproject/M4_STEP/Core/Src/sensor.c:228:6:sen_vari_init	16	static
C:/STproject/M4_STEP/Core/Src/sensor.c:258:13:position_enable	16	static
C:/STproject/M4_STEP/Core/Src/sensor.c:364:16:cross_check	16	static
C:/STproject/M4_STEP/Core/Src/sensor.c:420:13:mark_enable_shift	16	static
C:/STproject/M4_STEP/Core/Src/sensor.c:439:6:make_position	8	static
C:/STproject/M4_STEP/Core/Src/sensor.c:475:6:Handle	4	static
C:/STproject/M4_STEP/Core/Src/sensor.c:500:6:turn_decide	24	static
C:/STproject/M4_STEP/Core/Src/sensor.c:592:6:start_end_check	16	static
C:/STproject/M4_STEP/Core/Src/sensor.c:628:6:line_info	16	static
C:/STproject/M4_STEP/Core/Src/sensor.c:647:6:F_4095	16	static
C:/STproject/M4_STEP/Core/Src/sensor.c:674:6:F_Max_min	16	static
C:/STproject/M4_STEP/Core/Src/sensor.c:710:6:F_127	16	static
C:/STproject/M4_STEP/Core/Src/sensor.c:737:6:F_POSCHECK	16	static
C:/STproject/M4_STEP/Core/Src/sensor.c:779:6:F_TURNMARK	16	static
C:/STproject/M4_STEP/Core/Src/sensor.c:801:6:sensor_check_127	16	static
C:/STproject/M4_STEP/Core/Src/sensor.c:825:5:line_out_func	8	static
