C:/STproject/M4_STEP/Core/Src/stm32g4xx_it.c:74:6:NMI_Handler	4	static
C:/STproject/M4_STEP/Core/Src/stm32g4xx_it.c:89:6:HardFault_Handler	4	static
C:/STproject/M4_STEP/Core/Src/stm32g4xx_it.c:104:6:MemManage_Handler	4	static
C:/STproject/M4_STEP/Core/Src/stm32g4xx_it.c:119:6:BusFault_Handler	4	static
C:/STproject/M4_STEP/Core/Src/stm32g4xx_it.c:134:6:UsageFault_Handler	4	static
C:/STproject/M4_STEP/Core/Src/stm32g4xx_it.c:149:6:SVC_Handler	4	static
C:/STproject/M4_STEP/Core/Src/stm32g4xx_it.c:162:6:DebugMon_Handler	4	static
C:/STproject/M4_STEP/Core/Src/stm32g4xx_it.c:175:6:PendSV_Handler	4	static
C:/STproject/M4_STEP/Core/Src/stm32g4xx_it.c:188:6:SysTick_Handler	8	static
C:/STproject/M4_STEP/Core/Src/stm32g4xx_it.c:209:6:DMA1_Channel6_IRQHandler	8	static
C:/STproject/M4_STEP/Core/Src/stm32g4xx_it.c:223:6:DMA1_Channel7_IRQHandler	8	static
C:/STproject/M4_STEP/Core/Src/stm32g4xx_it.c:237:6:ADC1_2_IRQHandler	8	static
C:/STproject/M4_STEP/Core/Src/stm32g4xx_it.c:252:6:TIM2_IRQHandler	8	static
C:/STproject/M4_STEP/Core/Src/stm32g4xx_it.c:265:6:I2C2_EV_IRQHandler	8	static
C:/STproject/M4_STEP/Core/Src/stm32g4xx_it.c:270:6:I2C2_ER_IRQHandler	8	static
